Archive member included to satisfy reference by file (symbol)

app/libapp.a(main.c.obj)      (--whole-archive)
zephyr/libzephyr.a(cbprintf.c.obj)
                              (--whole-archive)
zephyr/libzephyr.a(cbprintf_packaged.c.obj)
                              (--whole-archive)
zephyr/libzephyr.a(crc32c_sw.c.obj)
                              (--whole-archive)
zephyr/libzephyr.a(crc32_sw.c.obj)
                              (--whole-archive)
zephyr/libzephyr.a(crc16_sw.c.obj)
                              (--whole-archive)
zephyr/libzephyr.a(crc8_sw.c.obj)
                              (--whole-archive)
zephyr/libzephyr.a(crc7_sw.c.obj)
                              (--whole-archive)
zephyr/libzephyr.a(dec.c.obj)
                              (--whole-archive)
zephyr/libzephyr.a(fdtable.c.obj)
                              (--whole-archive)
zephyr/libzephyr.a(hex.c.obj)
                              (--whole-archive)
zephyr/libzephyr.a(notify.c.obj)
                              (--whole-archive)
zephyr/libzephyr.a(printk.c.obj)
                              (--whole-archive)
zephyr/libzephyr.a(onoff.c.obj)
                              (--whole-archive)
zephyr/libzephyr.a(rb.c.obj)  (--whole-archive)
zephyr/libzephyr.a(sem.c.obj)
                              (--whole-archive)
zephyr/libzephyr.a(thread_entry.c.obj)
                              (--whole-archive)
zephyr/libzephyr.a(timeutil.c.obj)
                              (--whole-archive)
zephyr/libzephyr.a(heap.c.obj)
                              (--whole-archive)
zephyr/libzephyr.a(heap-validate.c.obj)
                              (--whole-archive)
zephyr/libzephyr.a(bitarray.c.obj)
                              (--whole-archive)
zephyr/libzephyr.a(multi_heap.c.obj)
                              (--whole-archive)
zephyr/libzephyr.a(cbprintf_complete.c.obj)
                              (--whole-archive)
zephyr/libzephyr.a(ring_buffer.c.obj)
                              (--whole-archive)
zephyr/libzephyr.a(mpsc_pbuf.c.obj)
                              (--whole-archive)
zephyr/libzephyr.a(fnmatch.c.obj)
                              (--whole-archive)
zephyr/libzephyr.a(configs.c.obj)
                              (--whole-archive)
zephyr/libzephyr.a(mmu_regions.c.obj)
                              (--whole-archive)
zephyr/libzephyr.a(plat_core.c.obj)
                              (--whole-archive)
zephyr/libzephyr.a(log_list.c.obj)
                              (--whole-archive)
zephyr/libzephyr.a(log_core.c.obj)
                              (--whole-archive)
zephyr/libzephyr.a(log_mgmt.c.obj)
                              (--whole-archive)
zephyr/libzephyr.a(log_msg.c.obj)
                              (--whole-archive)
zephyr/libzephyr.a(log_output.c.obj)
                              (--whole-archive)
zephyr/libzephyr.a(log_cmds.c.obj)
                              (--whole-archive)
zephyr/libzephyr.a(kernel_service.c.obj)
                              (--whole-archive)
zephyr/libzephyr.a(device_service.c.obj)
                              (--whole-archive)
zephyr/libzephyr.a(devmem_service.c.obj)
                              (--whole-archive)
zephyr/libzephyr.a(shell_uart.c.obj)
                              (--whole-archive)
zephyr/libzephyr.a(shell.c.obj)
                              (--whole-archive)
zephyr/libzephyr.a(shell_fprintf.c.obj)
                              (--whole-archive)
zephyr/libzephyr.a(shell_utils.c.obj)
                              (--whole-archive)
zephyr/libzephyr.a(shell_ops.c.obj)
                              (--whole-archive)
zephyr/libzephyr.a(shell_log_backend.c.obj)
                              (--whole-archive)
zephyr/libzephyr.a(shell_help.c.obj)
                              (--whole-archive)
zephyr/libzephyr.a(shell_cmds.c.obj)
                              (--whole-archive)
zephyr/libzephyr.a(shell_history.c.obj)
                              (--whole-archive)
zephyr/libzephyr.a(shell_wildcard.c.obj)
                              (--whole-archive)
zephyr/libzephyr.a(tracing_none.c.obj)
                              (--whole-archive)
zephyr/arch/common/libarch__common.a(sw_isr_common.c.obj)
                              (--whole-archive)
zephyr/arch/arch/arm64/core/libarch__arm64__core.a(cpu_idle.S.obj)
                              (--whole-archive)
zephyr/arch/arch/arm64/core/libarch__arm64__core.a(fatal.c.obj)
                              (--whole-archive)
zephyr/arch/arch/arm64/core/libarch__arm64__core.a(irq_init.c.obj)
                              (--whole-archive)
zephyr/arch/arch/arm64/core/libarch__arm64__core.a(irq_manage.c.obj)
                              (--whole-archive)
zephyr/arch/arch/arm64/core/libarch__arm64__core.a(prep_c.c.obj)
                              (--whole-archive)
zephyr/arch/arch/arm64/core/libarch__arm64__core.a(reset.S.obj)
                              (--whole-archive)
zephyr/arch/arch/arm64/core/libarch__arm64__core.a(reset.c.obj)
[...]
Memory Configuration

Name             Origin             Length             Attributes
FLASH            0x0000000000000000 0x0000000004000000 xr
SRAM             0x0000000040000000 0x0000000008000000 xw
IDT_LIST         0x00000000fffff7ff 0x0000000000000800 xw
*default*        0x0000000000000000 0xffffffffffffffff

Linker script and memory map

LOAD zephyr/CMakeFiles/zephyr_final.dir/misc/empty_file.c.obj
LOAD zephyr/CMakeFiles/zephyr_final.dir/dev_handles.c.obj
LOAD zephyr/CMakeFiles/zephyr_final.dir/isr_tables.c.obj
LOAD zephyr/CMakeFiles/offsets.dir/./arch/arm64/core/offsets/offsets.c.obj
                0x0000000000001000                _region_min_align = 0x1000

.rel.plt        0x0000000000000000        0x0
 *(SORT_BY_ALIGNMENT(.rel.plt))
                [!provide]                        PROVIDE (__rel_iplt_start = .)
 *(SORT_BY_ALIGNMENT(.rel.iplt))
                [!provide]                        PROVIDE (__rel_iplt_end = .)

.rela.plt       0x0000000000000000        0x0
 *(SORT_BY_ALIGNMENT(.rela.plt))
                [!provide]                        PROVIDE (__rela_iplt_start = .)
 *(SORT_BY_ALIGNMENT(.rela.iplt))
 .rela.iplt     0x0000000000000000        0x0 zephyr/CMakeFiles/zephyr_final.dir/isr_tables.c.obj
                [!provide]                        PROVIDE (__rela_iplt_end = .)

.rel.dyn
 *(SORT_BY_ALIGNMENT(.rel.*))

.rela.dyn       0x0000000000000000        0x0
 *(SORT_BY_ALIGNMENT(.rela.*))
 .rela.data._char_out
                0x0000000000000000        0x0 zephyr/CMakeFiles/zephyr_final.dir/isr_tables.c.obj
 .rela.text.log_init
                0x0000000000000000        0x0 zephyr/CMakeFiles/zephyr_final.dir/isr_tables.c.obj
 .rela.text.dropped_notify
                0x0000000000000000        0x0 zephyr/CMakeFiles/zephyr_final.dir/isr_tables.c.obj
 .rela.text.z_log_strdup
                0x0000000000000000        0x0 zephyr/CMakeFiles/zephyr_final.dir/isr_tables.c.obj
 .rela.text.z_impl_log_process
                0x0000000000000000        0x0 zephyr/CMakeFiles/zephyr_final.dir/isr_tables.c.obj
 .rela.text.z_impl_log_panic
                0x0000000000000000        0x0 zephyr/CMakeFiles/zephyr_final.dir/isr_tables.c.obj
 .rela.text.z_log_runtime_filters_init
                0x0000000000000000        0x0 zephyr/CMakeFiles/zephyr_final.dir/isr_tables.c.obj
 .rela.text.log_source_name_get
                0x0000000000000000        0x0 zephyr/CMakeFiles/zephyr_final.dir/isr_tables.c.obj
 .rela.text.z_impl_log_filter_set
                0x0000000000000000        0x0 zephyr/CMakeFiles/zephyr_final.dir/isr_tables.c.obj
 .rela.text.backend_filter_set
                0x0000000000000000        0x0 zephyr/CMakeFiles/zephyr_final.dir/isr_tables.c.obj
 .rela.text.log_backend_enable
                0x0000000000000000        0x0 zephyr/CMakeFiles/zephyr_final.dir/isr_tables.c.obj
 .rela.text.log_filter_get
                0x0000000000000000        0x0 zephyr/CMakeFiles/zephyr_final.dir/isr_tables.c.obj
 .rela.text.backend_name_get
                0x0000000000000000        0x0 zephyr/CMakeFiles/zephyr_final.dir/isr_tables.c.obj
 .rela.text.cmd_log_backends_list
                0x0000000000000000        0x0 zephyr/CMakeFiles/zephyr_final.dir/isr_tables.c.obj
 .rela.text.log_status
                0x0000000000000000        0x0 zephyr/CMakeFiles/zephyr_final.dir/isr_tables.c.obj
 .rela.text.shell_backend_cmd_execute
                0x0000000000000000        0x0 zephyr/CMakeFiles/zephyr_final.dir/isr_tables.c.obj
 .rela.text.filters_set
                0x0000000000000000        0x0 zephyr/CMakeFiles/zephyr_final.dir/isr_tables.c.obj
 .rela.rodata.levels
                0x0000000000000000        0x0 zephyr/CMakeFiles/zephyr_final.dir/isr_tables.c.obj
 .rela.text.uart_callback
                0x0000000000000000        0x0 zephyr/CMakeFiles/zephyr_final.dir/isr_tables.c.obj
 .rela.text.z_shell_cmd_get
                0x0000000000000000        0x0 zephyr/CMakeFiles/zephyr_final.dir/isr_tables.c.obj
 .rela.text.z_arm64_fatal_error
                0x0000000000000000        0x0 zephyr/CMakeFiles/zephyr_final.dir/isr_tables.c.obj
 .rela.text.z_arm64_prep_c
                0x0000000000000000        0x0 zephyr/CMakeFiles/zephyr_final.dir/isr_tables.c.obj
 .rela.text.new_table
                0x0000000000000000        0x0 zephyr/CMakeFiles/zephyr_final.dir/isr_tables.c.obj
 .rela.text.set_mapping.constprop.0
                0x0000000000000000        0x0 zephyr/CMakeFiles/zephyr_final.dir/isr_tables.c.obj
 .rela.text.arch_mem_map
                0x0000000000000000        0x0 zephyr/CMakeFiles/zephyr_final.dir/isr_tables.c.obj
 .rela.rodata.mmu_zephyr_ranges
                0x0000000000000000        0x0 zephyr/CMakeFiles/zephyr_final.dir/isr_tables.c.obj
 .rela.image_header._image_header_section
                0x0000000000000000        0x0 zephyr/CMakeFiles/zephyr_final.dir/isr_tables.c.obj
 .rela.text.fs_open
                0x0000000000000000        0x0 zephyr/CMakeFiles/zephyr_final.dir/isr_tables.c.obj
 .rela.text.fs_close
                0x0000000000000000        0x0 zephyr/CMakeFiles/zephyr_final.dir/isr_tables.c.obj
 .rela.text.fs_read
                0x0000000000000000        0x0 zephyr/CMakeFiles/zephyr_final.dir/isr_tables.c.obj
 .rela.text.fs_write
                0x0000000000000000        0x0 zephyr/CMakeFiles/zephyr_final.dir/isr_tables.c.obj
 .rela.text.fs_seek
                0x0000000000000000        0x0 zephyr/CMakeFiles/zephyr_final.dir/isr_tables.c.obj
 .rela.text.fs_truncate
                0x0000000000000000        0x0 zephyr/CMakeFiles/zephyr_final.dir/isr_tables.c.obj
 .rela.text.fs_opendir
                0x0000000000000000        0x0 zephyr/CMakeFiles/zephyr_final.dir/isr_tables.c.obj
 .rela.text.fs_readdir
                0x0000000000000000        0x0 zephyr/CMakeFiles/zephyr_final.dir/isr_tables.c.obj
 .rela.text.fs_closedir
                0x0000000000000000        0x0 zephyr/CMakeFiles/zephyr_final.dir/isr_tables.c.obj
 .rela.text.fs_mkdir
                0x0000000000000000        0x0 zephyr/CMakeFiles/zephyr_final.dir/isr_tables.c.obj
 .rela.text.fs_unlink
                0x0000000000000000        0x0 zephyr/CMakeFiles/zephyr_final.dir/isr_tables.c.obj
 .rela.text.fs_stat
                0x0000000000000000        0x0 zephyr/CMakeFiles/zephyr_final.dir/isr_tables.c.obj
 .rela.text.fs_statvfs
                0x0000000000000000        0x0 zephyr/CMakeFiles/zephyr_final.dir/isr_tables.c.obj
 .rela.text.device_visitor
                0x0000000000000000        0x0 zephyr/CMakeFiles/zephyr_final.dir/isr_tables.c.obj
 .rela.text.z_device_get_all_static
                0x0000000000000000        0x0 zephyr/CMakeFiles/zephyr_final.dir/isr_tables.c.obj
 .rela.rodata.levels.0
                0x0000000000000000        0x0 zephyr/CMakeFiles/zephyr_final.dir/isr_tables.c.obj
 .rela.text.k_sys_fatal_error_handler
                0x0000000000000000        0x0 zephyr/CMakeFiles/zephyr_final.dir/isr_tables.c.obj
 .rela.text.z_fatal_error
                0x0000000000000000        0x0 zephyr/CMakeFiles/zephyr_final.dir/isr_tables.c.obj
 .rela.text.init_mem_slab_module
                0x0000000000000000        0x0 zephyr/CMakeFiles/zephyr_final.dir/isr_tables.c.obj
 .rela.text.z_init_static_threads
                0x0000000000000000        0x0 zephyr/CMakeFiles/zephyr_final.dir/isr_tables.c.obj
 .rela.text.virt_region_free
                0x0000000000000000        0x0 zephyr/CMakeFiles/zephyr_final.dir/isr_tables.c.obj
 .rela.text.virt_region_alloc
                0x0000000000000000        0x0 zephyr/CMakeFiles/zephyr_final.dir/isr_tables.c.obj
 .rela.text.z_phys_map
                0x0000000000000000        0x0 zephyr/CMakeFiles/zephyr_final.dir/isr_tables.c.obj
 .rela.text.z_mem_manage_init
                0x0000000000000000        0x0 zephyr/CMakeFiles/zephyr_final.dir/isr_tables.c.obj
 .rela.text.statics_init
                0x0000000000000000        0x0 zephyr/CMakeFiles/zephyr_final.dir/isr_tables.c.obj

/DISCARD/
 *(SORT_BY_ALIGNMENT(.plt))
 *(SORT_BY_ALIGNMENT(.iplt))
 *(SORT_BY_ALIGNMENT(.got.plt))
 *(SORT_BY_ALIGNMENT(.igot.plt))
 *(SORT_BY_ALIGNMENT(.got))
 *(SORT_BY_ALIGNMENT(.igot))
 *(SORT_BY_ALIGNMENT(.irq_info*))
 *(SORT_BY_ALIGNMENT(.intList*))
 *(SORT_BY_ALIGNMENT(.note.GNU-stack))
                0x0000000000000000                __rom_region_start = 0x0

text            0x0000000040000000    0x12000
                0x0000000040000000                __text_region_start = .
                0x0000000040000000                z_mapped_start = .
 *(SORT_BY_ALIGNMENT(.image_header))
 *(SORT_BY_ALIGNMENT(.image_header.*))
 .image_header._image_header_section
                0x0000000040000000       0x40 zephyr/arch/arch/arm64/core/libarch__arm64__core.a(header.S.obj)
                0x0000000040000040                _vector_start = .
 *(SORT_BY_ALIGNMENT(.exc_vector_table))
 *(SORT_BY_ALIGNMENT(.exc_vector_table.*))
 *fill*         0x0000000040000040      0x7c0 
 .exc_vector_table._vector_table_section
                0x0000000040000800      0x784 zephyr/arch/arch/arm64/core/libarch__arm64__core.a(vector_table.S.obj)
                0x0000000040000800                _vector_table
 *(SORT_BY_ALIGNMENT(.vectors))
                0x0000000040000f84                _vector_end = .
 *(SORT_BY_ALIGNMENT(.text))
 *fill*         0x0000000040000f84        0xc 
 .text          0x0000000040000f90       0x2c /home/ubuntu/zephyr-sdk-0.13.2/aarch64-zephyr-elf/bin/../lib/gcc/aarch64-zephyr-elf/10.3.0/libgcc.a(swp_8_4.o)
                0x0000000040000f90                __aarch64_swp8_acq_rel
 *fill*         0x0000000040000fbc        0x4 
 .text          0x0000000040000fc0       0x30 /home/ubuntu/zephyr-sdk-0.13.2/aarch64-zephyr-elf/bin/../lib/gcc/aarch64-zephyr-elf/10.3.0/libgcc.a(ldadd_8_4.o)
                0x0000000040000fc0                __aarch64_ldadd8_acq_rel
 .text          0x0000000040000ff0       0x30 /home/ubuntu/zephyr-sdk-0.13.2/aarch64-zephyr-elf/bin/../lib/gcc/aarch64-zephyr-elf/10.3.0/libgcc.a(ldclr_8_4.o)
                0x0000000040000ff0                __aarch64_ldclr8_acq_rel
 .text          0x0000000040001020       0x30 /home/ubuntu/zephyr-sdk-0.13.2/aarch64-zephyr-elf/bin/../lib/gcc/aarch64-zephyr-elf/10.3.0/libgcc.a(ldset_8_4.o)
                0x0000000040001020                __aarch64_ldset8_acq_rel
 *(SORT_BY_ALIGNMENT(.text.*))
 .text._reset_section
                0x0000000040001050       0xf8 zephyr/arch/arch/arm64/core/libarch__arm64__core.a(reset.S.obj)
                0x0000000040001050                __reset_prep_c
                0x00000000400010c4                __reset
                0x00000000400010c4                __start
 .text._isr_wrapper
                0x0000000040001148       0xa0 zephyr/arch/arch/arm64/core/libarch__arm64__core.a(isr_wrapper.S.obj)
                0x0000000040001148                _isr_wrapper
 .text._OffsetAbsSyms
                0x00000000400011e8        0x4 zephyr/CMakeFiles/offsets.dir/./arch/arm64/core/offsets/offsets.c.obj
                0x00000000400011e8                _OffsetAbsSyms
 .text.main     0x00000000400011ec        0x4 app/libapp.a(main.c.obj)
                0x00000000400011ec                main
 .text.arch_printk_char_out
                0x00000000400011f0        0x8 zephyr/libzephyr.a(printk.c.obj)
                0x00000000400011f0                arch_printk_char_out
 .text.char_out
                0x00000000400011f8       0x1c zephyr/libzephyr.a(printk.c.obj)
 .text.str_out  0x0000000040001214       0x48 zephyr/libzephyr.a(printk.c.obj)
 .text.__printk_hook_install
                0x000000004000125c        0xc zephyr/libzephyr.a(printk.c.obj)
                0x000000004000125c                __printk_hook_install
 .text.vprintk  0x0000000040001268       0x3c zephyr/libzephyr.a(printk.c.obj)
                0x0000000040001268                vprintk
 .text.printk   0x00000000400012a4       0x78 zephyr/libzephyr.a(printk.c.obj)
                0x00000000400012a4                printk
 .text.vsnprintk
                0x000000004000131c       0x58 zephyr/libzephyr.a(printk.c.obj)
                0x000000004000131c                vsnprintk
 .text.snprintk
                0x0000000040001374       0x74 zephyr/libzephyr.a(printk.c.obj)
                0x0000000040001374                snprintk
 .text.z_thread_entry
                0x00000000400013e8       0x24 zephyr/libzephyr.a(thread_entry.c.obj)
                0x00000000400013e8                z_thread_entry
 .text.chunk_size
                0x000000004000140c       0x10 zephyr/libzephyr.a(heap.c.obj)
 .text.free_list_add
                0x000000004000141c       0x90 zephyr/libzephyr.a(heap.c.obj)
 .text.sys_heap_init
                0x00000000400014ac       0xa4 zephyr/libzephyr.a(heap.c.obj)
                0x00000000400014ac                sys_heap_init
 .text.setup_bundle_data.constprop.0
                0x0000000040001550       0x50 zephyr/libzephyr.a(bitarray.c.obj)
 .text.set_region
                0x00000000400015a0      0x174 zephyr/libzephyr.a(bitarray.c.obj)
 .text.set_clear_region
                0x0000000040001714       0x74 zephyr/libzephyr.a(bitarray.c.obj)
 .text.match_region
                0x0000000040001788       0xec zephyr/libzephyr.a(bitarray.c.obj)
 .text.sys_bitarray_alloc
                0x0000000040001874      0x114 zephyr/libzephyr.a(bitarray.c.obj)
                0x0000000040001874                sys_bitarray_alloc
 .text.sys_bitarray_free
                0x0000000040001988       0xa8 zephyr/libzephyr.a(bitarray.c.obj)
                0x0000000040001988                sys_bitarray_free
 .text.sys_bitarray_set_region
                0x0000000040001a30        0x8 zephyr/libzephyr.a(bitarray.c.obj)
                0x0000000040001a30                sys_bitarray_set_region
 .text._get_digit
                0x0000000040001a38       0x40 zephyr/libzephyr.a(cbprintf_complete.c.obj)
 .text.encode_uint
                0x0000000040001a78       0xc4 zephyr/libzephyr.a(cbprintf_complete.c.obj)
 .text.outs     0x0000000040001b3c       0x70 zephyr/libzephyr.a(cbprintf_complete.c.obj)
 .text.cbvprintf
                0x0000000040001bac     0x1200 zephyr/libzephyr.a(cbprintf_complete.c.obj)
                0x0000000040001bac                cbvprintf
 .text.ring_buf_get_rewind_threshold
                0x0000000040002dac        0x8 zephyr/libzephyr.a(ring_buffer.c.obj)
                0x0000000040002dac                ring_buf_get_rewind_threshold
 .text.ring_buf_put_claim
                0x0000000040002db4       0x5c zephyr/libzephyr.a(ring_buffer.c.obj)
                0x0000000040002db4                ring_buf_put_claim
 .text.ring_buf_put_finish
                0x0000000040002e10       0x68 zephyr/libzephyr.a(ring_buffer.c.obj)
                0x0000000040002e10                ring_buf_put_finish
 .text.ring_buf_put
                0x0000000040002e78       0x80 zephyr/libzephyr.a(ring_buffer.c.obj)
                0x0000000040002e78                ring_buf_put
 .text.ring_buf_get_claim
                0x0000000040002ef8       0x9c zephyr/libzephyr.a(ring_buffer.c.obj)
                0x0000000040002ef8                ring_buf_get_claim
 .text.ring_buf_get_finish
                0x0000000040002f94       0x7c zephyr/libzephyr.a(ring_buffer.c.obj)
                0x0000000040002f94                ring_buf_get_finish
 .text.ring_buf_get
                0x0000000040003010       0x88 zephyr/libzephyr.a(ring_buffer.c.obj)
                0x0000000040003010                ring_buf_get
 .text.foldcase
                0x0000000040003098       0x18 zephyr/libzephyr.a(fnmatch.c.obj)
 .text.fnmatchx
                0x00000000400030b0      0x378 zephyr/libzephyr.a(fnmatch.c.obj)
 .text.fnmatch  0x0000000040003428        0x8 zephyr/libzephyr.a(fnmatch.c.obj)
                0x0000000040003428                fnmatch
 .text._ConfigAbsSyms
                0x0000000040003430        0x4 zephyr/libzephyr.a(configs.c.obj)
                0x0000000040003430                _ConfigAbsSyms
 .text.z_arm64_el3_plat_init
                0x0000000040003434        0xc zephyr/libzephyr.a(plat_core.c.obj)
                0x0000000040003434                z_arm64_el3_plat_init
 .text.log_list_init
                0x0000000040003440        0x8 zephyr/libzephyr.a(log_list.c.obj)
                0x0000000040003440                log_list_init
 .text.log_list_add_tail
                0x0000000040003448       0x24 zephyr/libzephyr.a(log_list.c.obj)
                0x0000000040003448                log_list_add_tail
 .text.log_list_head_peek
                0x000000004000346c        0x8 zephyr/libzephyr.a(log_list.c.obj)
                0x000000004000346c                log_list_head_peek
 .text.log_list_head_get
                0x0000000040003474       0x18 zephyr/libzephyr.a(log_list.c.obj)
                0x0000000040003474                log_list_head_get
 .text.z_log_msg_std_alloc
                0x000000004000348c       0x24 zephyr/libzephyr.a(log_core.c.obj)
 .text.default_lf_get_timestamp
                0x00000000400034b0       0x1c zephyr/libzephyr.a(log_core.c.obj)
 .text.enable_logger
                0x00000000400034cc       0x88 zephyr/libzephyr.a(log_core.c.obj)
 .text.dummy_timestamp
                0x0000000040003554        0x8 zephyr/libzephyr.a(log_core.c.obj)
 .text.log_process_thread_timer_expiry_fn
                0x000000004000355c        0xc zephyr/libzephyr.a(log_core.c.obj)
 .text.z_log_get_s_mask
                0x0000000040003568       0x68 zephyr/libzephyr.a(log_core.c.obj)
                0x0000000040003568                z_log_get_s_mask
 .text.log_core_init
                0x00000000400035d0       0x64 zephyr/libzephyr.a(log_core.c.obj)
                0x00000000400035d0                log_core_init
 .text.log_init
                0x0000000040003634       0x94 zephyr/libzephyr.a(log_core.c.obj)
                0x0000000040003634                log_init
 .text.get_msg  0x00000000400036c8       0x34 zephyr/libzephyr.a(log_core.c.obj)
                0x00000000400036c8                get_msg
 .text.z_log_notify_backend_enabled
                0x00000000400036fc       0x3c zephyr/libzephyr.a(log_core.c.obj)
                0x00000000400036fc                z_log_notify_backend_enabled
 .text.z_log_dropped
                0x0000000040003738       0x30 zephyr/libzephyr.a(log_core.c.obj)
                0x0000000040003738                z_log_dropped
 .text.z_log_dropped_read_and_clear
                0x0000000040003768       0x20 zephyr/libzephyr.a(log_core.c.obj)
                0x0000000040003768                z_log_dropped_read_and_clear
 .text.dropped_notify
                0x0000000040003788       0x7c zephyr/libzephyr.a(log_core.c.obj)
                0x0000000040003788                dropped_notify
 .text.z_log_strdup
                0x0000000040003804       0x94 zephyr/libzephyr.a(log_core.c.obj)
                0x0000000040003804                z_log_strdup
 .text.log_is_strdup
                0x0000000040003898       0x2c zephyr/libzephyr.a(log_core.c.obj)
                0x0000000040003898                log_is_strdup
 .text.z_impl_log_process
                0x00000000400038c4      0x218 zephyr/libzephyr.a(log_core.c.obj)
                0x00000000400038c4                z_impl_log_process
 .text.log_process_thread_func
                0x0000000040003adc       0x64 zephyr/libzephyr.a(log_core.c.obj)
 .text.msg_finalize
                0x0000000040003b40       0xe0 zephyr/libzephyr.a(log_core.c.obj)
 .text.log_0    0x0000000040003c20       0x3c zephyr/libzephyr.a(log_core.c.obj)
                0x0000000040003c20                log_0
 .text.log_1    0x0000000040003c5c       0x5c zephyr/libzephyr.a(log_core.c.obj)
                0x0000000040003c5c                log_1
 .text.log_2    0x0000000040003cb8       0x64 zephyr/libzephyr.a(log_core.c.obj)
                0x0000000040003cb8                log_2
 .text.log_3    0x0000000040003d1c       0x74 zephyr/libzephyr.a(log_core.c.obj)
                0x0000000040003d1c                log_3
 .text.z_impl_log_panic
                0x0000000040003d90       0x9c zephyr/libzephyr.a(log_core.c.obj)
                0x0000000040003d90                z_impl_log_panic
 .text.z_log_free
                0x0000000040003e2c       0x38 zephyr/libzephyr.a(log_core.c.obj)
                0x0000000040003e2c                z_log_free
 .text.z_log_runtime_filters_init
                0x0000000040003e64       0x4c zephyr/libzephyr.a(log_mgmt.c.obj)
                0x0000000040003e64                z_log_runtime_filters_init
 .text.log_source_name_get
                0x0000000040003eb0       0x34 zephyr/libzephyr.a(log_mgmt.c.obj)
                0x0000000040003eb0                log_source_name_get
 .text.z_impl_log_filter_set
                0x0000000040003ee4      0x114 zephyr/libzephyr.a(log_mgmt.c.obj)
                0x0000000040003ee4                z_impl_log_filter_set
 .text.backend_filter_set
                0x0000000040003ff8       0x60 zephyr/libzephyr.a(log_mgmt.c.obj)
 .text.log_backend_enable
                0x0000000040004058       0x4c zephyr/libzephyr.a(log_mgmt.c.obj)
                0x0000000040004058                log_backend_enable
 .text.log_backend_disable
                0x00000000400040a4       0x10 zephyr/libzephyr.a(log_mgmt.c.obj)
                0x00000000400040a4                log_backend_disable
 .text.log_filter_get
                0x00000000400040b4       0x54 zephyr/libzephyr.a(log_mgmt.c.obj)
                0x00000000400040b4                log_filter_get
 .text.log_msg_hexdump_data_op
                0x0000000040004108      0x14c zephyr/libzephyr.a(log_msg.c.obj)
 .text.log_msg_pool_init
                0x0000000040004254       0x1c zephyr/libzephyr.a(log_msg.c.obj)
                0x0000000040004254                log_msg_pool_init
 .text.log_msg_get
                0x0000000040004270       0x1c zephyr/libzephyr.a(log_msg.c.obj)
                0x0000000040004270                log_msg_get
 .text.log_msg_no_space_handle
                0x000000004000428c       0x54 zephyr/libzephyr.a(log_msg.c.obj)
                0x000000004000428c                log_msg_no_space_handle
 .text.log_msg_chunk_alloc
                0x00000000400042e0       0x38 zephyr/libzephyr.a(log_msg.c.obj)
                0x00000000400042e0                log_msg_chunk_alloc
 .text.log_msg_nargs_get
                0x0000000040004318        0xc zephyr/libzephyr.a(log_msg.c.obj)
                0x0000000040004318                log_msg_nargs_get
 .text.log_msg_arg_get
                0x0000000040004324       0x68 zephyr/libzephyr.a(log_msg.c.obj)
                0x0000000040004324                log_msg_arg_get
 .text.msg_free
                0x000000004000438c       0xe4 zephyr/libzephyr.a(log_msg.c.obj)
 .text.log_msg_put
                0x0000000040004470       0x40 zephyr/libzephyr.a(log_msg.c.obj)
                0x0000000040004470                log_msg_put
 .text.log_msg_str_get
                0x00000000400044b0        0x8 zephyr/libzephyr.a(log_msg.c.obj)
                0x00000000400044b0                log_msg_str_get
 .text.log_msg_hexdump_data_get
                0x00000000400044b8        0x8 zephyr/libzephyr.a(log_msg.c.obj)
                0x00000000400044b8                log_msg_hexdump_data_get
 .text.log_msg_mem_get_free
                0x00000000400044c0       0x18 zephyr/libzephyr.a(log_msg.c.obj)
                0x00000000400044c0                log_msg_mem_get_free
 .text.log_msg_mem_get_used
                0x00000000400044d8        0xc zephyr/libzephyr.a(log_msg.c.obj)
                0x00000000400044d8                log_msg_mem_get_used
 .text.buffer_write
                0x00000000400044e4       0x4c zephyr/libzephyr.a(log_output.c.obj)
 .text.print_formatted
                0x0000000040004530       0x84 zephyr/libzephyr.a(log_output.c.obj)
 .text.std_print
                0x00000000400045b4      0x3b8 zephyr/libzephyr.a(log_output.c.obj)
 .text.hexdump_line_print
                0x000000004000496c      0x17c zephyr/libzephyr.a(log_output.c.obj)
 .text.prefix_print
                0x0000000040004ae8      0x198 zephyr/libzephyr.a(log_output.c.obj)
 .text.postfix_print
                0x0000000040004c80       0x64 zephyr/libzephyr.a(log_output.c.obj)
 .text.log_output_flush
                0x0000000040004ce4       0x34 zephyr/libzephyr.a(log_output.c.obj)
                0x0000000040004ce4                log_output_flush
 .text.out_func
                0x0000000040004d18       0x54 zephyr/libzephyr.a(log_output.c.obj)
 .text.log_output_msg_process
                0x0000000040004d6c      0x188 zephyr/libzephyr.a(log_output.c.obj)
                0x0000000040004d6c                log_output_msg_process
 .text.log_output_dropped_process
                0x0000000040004ef4       0x9c zephyr/libzephyr.a(log_output.c.obj)
                0x0000000040004ef4                log_output_dropped_process
 .text.log_output_timestamp_freq_set
                0x0000000040004f90       0x44 zephyr/libzephyr.a(log_output.c.obj)
                0x0000000040004f90                log_output_timestamp_freq_set
 .text.severity_lvl_get
                0x0000000040004fd4       0x34 zephyr/libzephyr.a(log_cmds.c.obj)
 .text.log_halt
                0x0000000040005008       0x10 zephyr/libzephyr.a(log_cmds.c.obj)
 .text.log_go   0x0000000040005018       0x14 zephyr/libzephyr.a(log_cmds.c.obj)
 .text.backend_name_get
                0x000000004000502c       0x44 zephyr/libzephyr.a(log_cmds.c.obj)
 .text.cmd_log_memory_slabs
                0x0000000040005070       0x70 zephyr/libzephyr.a(log_cmds.c.obj)
 .text.cmd_log_backends_list
                0x00000000400050e0       0xa0 zephyr/libzephyr.a(log_cmds.c.obj)
 .text.log_status
                0x0000000040005180      0x120 zephyr/libzephyr.a(log_cmds.c.obj)
 .text.module_name_get
                0x00000000400052a0       0x3c zephyr/libzephyr.a(log_cmds.c.obj)
 .text.shell_backend_cmd_execute
                0x00000000400052dc       0xe8 zephyr/libzephyr.a(log_cmds.c.obj)
 .text.cmd_log_backend_status
                0x00000000400053c4       0x20 zephyr/libzephyr.a(log_cmds.c.obj)
 .text.cmd_log_backend_halt
                0x00000000400053e4        0xc zephyr/libzephyr.a(log_cmds.c.obj)
 .text.cmd_log_backend_go
                0x00000000400053f0        0xc zephyr/libzephyr.a(log_cmds.c.obj)
 .text.cmd_log_backend_enable
                0x00000000400053fc        0xc zephyr/libzephyr.a(log_cmds.c.obj)
 .text.cmd_log_backend_disable
                0x0000000040005408        0xc zephyr/libzephyr.a(log_cmds.c.obj)
 .text.shell_state_precheck
                0x0000000040005414       0x3c zephyr/libzephyr.a(log_cmds.c.obj)
 .text.cmd_log_self_status
                0x0000000040005450       0x54 zephyr/libzephyr.a(log_cmds.c.obj)
 .text.filters_set
                0x00000000400054a4      0x174 zephyr/libzephyr.a(log_cmds.c.obj)
 .text.log_enable
                0x0000000040005618       0xb0 zephyr/libzephyr.a(log_cmds.c.obj)
 .text.cmd_log_self_enable
                0x00000000400056c8       0x60 zephyr/libzephyr.a(log_cmds.c.obj)
 .text.log_disable
                0x0000000040005728       0x24 zephyr/libzephyr.a(log_cmds.c.obj)
 .text.cmd_log_self_disable
                0x000000004000574c       0x60 zephyr/libzephyr.a(log_cmds.c.obj)
 .text.cmd_log_self_go
                0x00000000400057ac       0x40 zephyr/libzephyr.a(log_cmds.c.obj)
 .text.cmd_log_self_halt
                0x00000000400057ec       0x3c zephyr/libzephyr.a(log_cmds.c.obj)
 .text.cmd_kernel_version
                0x0000000040005828       0x44 zephyr/libzephyr.a(kernel_service.c.obj)
 .text.cmd_kernel_uptime
                0x000000004000586c       0x40 zephyr/libzephyr.a(kernel_service.c.obj)
 .text.cmd_kernel_threads
                0x00000000400058ac       0x60 zephyr/libzephyr.a(kernel_service.c.obj)
 .text.cmd_kernel_stacks
                0x000000004000590c       0x8c zephyr/libzephyr.a(kernel_service.c.obj)
 .text.shell_tdata_dump
                0x0000000040005998      0x118 zephyr/libzephyr.a(kernel_service.c.obj)
 .text.cmd_kernel_cycles
                0x0000000040005ab0       0x3c zephyr/libzephyr.a(kernel_service.c.obj)
 .text.shell_stack_dump
                0x0000000040005aec       0xac zephyr/libzephyr.a(kernel_service.c.obj)
 .text.get_device_name
                0x0000000040005b98       0x48 zephyr/libzephyr.a(device_service.c.obj)
 .text.cmd_device_list_visitor
                0x0000000040005be0       0x40 zephyr/libzephyr.a(device_service.c.obj)
 .text.cmd_device_list
                0x0000000040005c20       0xf0 zephyr/libzephyr.a(device_service.c.obj)
 .text.device_get_config_level
                0x0000000040005d10       0x98 zephyr/libzephyr.a(device_service.c.obj)
 .text.cmd_device_levels
                0x0000000040005da8      0x10c zephyr/libzephyr.a(device_service.c.obj)
 .text.cmd_devmem
                0x0000000040005eb4      0x1a0 zephyr/libzephyr.a(devmem_service.c.obj)
 .text.set_bypass.isra.0
                0x0000000040006054       0x84 zephyr/libzephyr.a(devmem_service.c.obj)
 .text.bypass_cb
                0x00000000400060d8      0x1d8 zephyr/libzephyr.a(devmem_service.c.obj)
 .text.cmd_load
                0x00000000400062b0      0x160 zephyr/libzephyr.a(devmem_service.c.obj)
 .text.uart_irq_tx_disable
                0x0000000040006410       0x18 zephyr/libzephyr.a(shell_uart.c.obj)
 .text.uninit   0x0000000040006428       0x44 zephyr/libzephyr.a(shell_uart.c.obj)
 .text.enable   0x000000004000646c       0x38 zephyr/libzephyr.a(shell_uart.c.obj)
 .text.read     0x00000000400064a4       0x34 zephyr/libzephyr.a(shell_uart.c.obj)
 .text.enable_shell_uart
                0x00000000400064d8       0x5c zephyr/libzephyr.a(shell_uart.c.obj)
 .text.write    0x0000000040006534       0xc0 zephyr/libzephyr.a(shell_uart.c.obj)
 .text.init     0x00000000400065f4       0x98 zephyr/libzephyr.a(shell_uart.c.obj)
 .text.uart_callback
                0x000000004000668c      0x1cc zephyr/libzephyr.a(shell_uart.c.obj)
 .text.atomic_or
                0x0000000040006858       0x20 zephyr/libzephyr.a(shell.c.obj)
 .text.atomic_and
                0x0000000040006878       0x20 zephyr/libzephyr.a(shell.c.obj)
 .text.shell_signal_handle
                0x0000000040006898       0x68 zephyr/libzephyr.a(shell.c.obj)
 .text.z_shell_strlen
                0x0000000040006900       0x24 zephyr/libzephyr.a(shell.c.obj)
 .text.z_shell_raw_fprintf
                0x0000000040006924       0x74 zephyr/libzephyr.a(shell.c.obj)
 .text.shell_internal_help_print
                0x0000000040006998       0x3c zephyr/libzephyr.a(shell.c.obj)
 .text.k_mutex_lock.constprop.0.isra.0
                0x00000000400069d4        0x4 zephyr/libzephyr.a(shell.c.obj)
 .text.transport_evt_handler
                0x00000000400069d8       0x1c zephyr/libzephyr.a(shell.c.obj)
 .text.kill_handler
                0x00000000400069f4       0x84 zephyr/libzephyr.a(shell.c.obj)
 .text.z_cursor_next_line_move.isra.0
                0x0000000040006a78        0xc zephyr/libzephyr.a(shell.c.obj)
 .text.z_flag_history_exit_set.isra.0
                0x0000000040006a84       0x1c zephyr/libzephyr.a(shell.c.obj)
 .text.history_handle
                0x0000000040006aa0       0xf8 zephyr/libzephyr.a(shell.c.obj)
 .text.z_flag_insert_mode_set.isra.0
                0x0000000040006b98       0x34 zephyr/libzephyr.a(shell.c.obj)
 .text.k_mutex_unlock.isra.0
                0x0000000040006bcc        0x4 zephyr/libzephyr.a(shell.c.obj)
 .text.shell_log_process
                0x0000000040006bd0       0x7c zephyr/libzephyr.a(shell.c.obj)
 .text.execute  0x0000000040006c4c      0x464 zephyr/libzephyr.a(shell.c.obj)
 .text.state_set.constprop.0
                0x00000000400070b0       0x70 zephyr/libzephyr.a(shell.c.obj)
 .text.shell_process
                0x0000000040007120      0x85c zephyr/libzephyr.a(shell.c.obj)
                0x0000000040007120                shell_process
 .text.shell_init
                0x000000004000797c      0x178 zephyr/libzephyr.a(shell.c.obj)
                0x000000004000797c                shell_init
 .text.shell_start
                0x0000000040007af4       0x74 zephyr/libzephyr.a(shell.c.obj)
                0x0000000040007af4                shell_start
 .text.shell_thread
                0x0000000040007b68      0x12c zephyr/libzephyr.a(shell.c.obj)
                0x0000000040007b68                shell_thread
 .text.shell_vfprintf
                0x0000000040007c94       0xd0 zephyr/libzephyr.a(shell.c.obj)
                0x0000000040007c94                shell_vfprintf
 .text.shell_fprintf
                0x0000000040007d64       0x74 zephyr/libzephyr.a(shell.c.obj)
                0x0000000040007d64                shell_fprintf
 .text.cmd_help
                0x0000000040007dd8       0x80 zephyr/libzephyr.a(shell.c.obj)
 .text.shell_set_bypass
                0x0000000040007e58        0xc zephyr/libzephyr.a(shell.c.obj)
                0x0000000040007e58                shell_set_bypass
 .text.z_shell_fprintf_buffer_flush
                0x0000000040007e64       0x3c zephyr/libzephyr.a(shell_fprintf.c.obj)
                0x0000000040007e64                z_shell_fprintf_buffer_flush
 .text.z_shell_fprintf_fmt
                0x0000000040007ea0       0x60 zephyr/libzephyr.a(shell_fprintf.c.obj)
                0x0000000040007ea0                z_shell_fprintf_fmt
 .text.out_func
                0x0000000040007f00       0x78 zephyr/libzephyr.a(shell_fprintf.c.obj)
 .text.z_shell_strlen
                0x0000000040007f78       0x24 zephyr/libzephyr.a(shell_utils.c.obj)
 .text.z_column_span_with_buffer_offsets_get
                0x0000000040007f9c       0x28 zephyr/libzephyr.a(shell_utils.c.obj)
                0x0000000040007f9c                z_column_span_with_buffer_offsets_get
 .text.z_row_span_with_buffer_offsets_get
                0x0000000040007fc4       0x20 zephyr/libzephyr.a(shell_utils.c.obj)
                0x0000000040007fc4                z_row_span_with_buffer_offsets_get
 .text.z_shell_multiline_data_calc
                0x0000000040007fe4       0x44 zephyr/libzephyr.a(shell_utils.c.obj)
                0x0000000040007fe4                z_shell_multiline_data_calc
 .text.z_shell_make_argv
                0x0000000040008028      0x28c zephyr/libzephyr.a(shell_utils.c.obj)
                0x0000000040008028                z_shell_make_argv
 .text.z_shell_pattern_remove
                0x00000000400082b4       0xa4 zephyr/libzephyr.a(shell_utils.c.obj)
                0x00000000400082b4                z_shell_pattern_remove
 .text.z_shell_cmd_get
                0x0000000040008358       0x98 zephyr/libzephyr.a(shell_utils.c.obj)
                0x0000000040008358                z_shell_cmd_get
 .text.z_shell_find_cmd
                0x00000000400083f0       0x80 zephyr/libzephyr.a(shell_utils.c.obj)
                0x00000000400083f0                z_shell_find_cmd
 .text.z_shell_get_last_command
                0x0000000040008470       0xac zephyr/libzephyr.a(shell_utils.c.obj)
                0x0000000040008470                z_shell_get_last_command
 .text.z_shell_spaces_trim
                0x000000004000851c       0xc4 zephyr/libzephyr.a(shell_utils.c.obj)
                0x000000004000851c                z_shell_spaces_trim
 .text.z_shell_cmd_trim
                0x00000000400085e0       0xcc zephyr/libzephyr.a(shell_utils.c.obj)
                0x00000000400085e0                z_shell_cmd_trim
 .text.z_shell_raw_fprintf
                0x00000000400086ac       0x74 zephyr/libzephyr.a(shell_ops.c.obj)
 .text.z_clear_eos
                0x0000000040008720       0x20 zephyr/libzephyr.a(shell_ops.c.obj)
 .text.z_cursor_next_line_move.isra.0
                0x0000000040008740        0xc zephyr/libzephyr.a(shell_ops.c.obj)
 .text.full_line_cmd
                0x000000004000874c       0x58 zephyr/libzephyr.a(shell_ops.c.obj)
 .text.z_shell_op_cursor_vert_move
                0x00000000400087a4       0x40 zephyr/libzephyr.a(shell_ops.c.obj)
                0x00000000400087a4                z_shell_op_cursor_vert_move
 .text.z_shell_op_cursor_horiz_move
                0x00000000400087e4       0x40 zephyr/libzephyr.a(shell_ops.c.obj)
                0x00000000400087e4                z_shell_op_cursor_horiz_move
 .text.z_shell_cursor_in_empty_line
                0x0000000040008824       0x58 zephyr/libzephyr.a(shell_ops.c.obj)
                0x0000000040008824                z_shell_cursor_in_empty_line
 .text.z_shell_op_cond_next_line
                0x000000004000887c       0x48 zephyr/libzephyr.a(shell_ops.c.obj)
                0x000000004000887c                z_shell_op_cond_next_line
 .text.z_shell_op_cursor_position_synchronize
                0x00000000400088c4       0x94 zephyr/libzephyr.a(shell_ops.c.obj)
                0x00000000400088c4                z_shell_op_cursor_position_synchronize
 .text.z_shell_op_cursor_move
                0x0000000040008958       0x94 zephyr/libzephyr.a(shell_ops.c.obj)
                0x0000000040008958                z_shell_op_cursor_move
 .text.z_shell_op_cursor_word_move
                0x00000000400089ec       0xd0 zephyr/libzephyr.a(shell_ops.c.obj)
                0x00000000400089ec                z_shell_op_cursor_word_move
 .text.z_shell_op_cursor_home_move
                0x0000000040008abc       0x10 zephyr/libzephyr.a(shell_ops.c.obj)
                0x0000000040008abc                z_shell_op_cursor_home_move
 .text.z_shell_op_cursor_end_move
                0x0000000040008acc       0x14 zephyr/libzephyr.a(shell_ops.c.obj)
                0x0000000040008acc                z_shell_op_cursor_end_move
 .text.z_shell_op_left_arrow
                0x0000000040008ae0       0x18 zephyr/libzephyr.a(shell_ops.c.obj)
                0x0000000040008ae0                z_shell_op_left_arrow
 .text.z_shell_op_right_arrow
                0x0000000040008af8       0x20 zephyr/libzephyr.a(shell_ops.c.obj)
                0x0000000040008af8                z_shell_op_right_arrow
 .text.z_shell_op_delete_from_cursor
                0x0000000040008b18       0x18 zephyr/libzephyr.a(shell_ops.c.obj)
                0x0000000040008b18                z_shell_op_delete_from_cursor
 .text.z_shell_cmd_line_erase
                0x0000000040008b30       0x60 zephyr/libzephyr.a(shell_ops.c.obj)
                0x0000000040008b30                z_shell_cmd_line_erase
 .text.z_shell_print_cmd
                0x0000000040008b90       0x18 zephyr/libzephyr.a(shell_ops.c.obj)
                0x0000000040008b90                z_shell_print_cmd
 .text.z_shell_write
                0x0000000040008ba8       0xd4 zephyr/libzephyr.a(shell_ops.c.obj)
                0x0000000040008ba8                z_shell_write
 .text.z_shell_print_stream
                0x0000000040008c7c        0x4 zephyr/libzephyr.a(shell_ops.c.obj)
                0x0000000040008c7c                z_shell_print_stream
 .text.z_shell_vt100_color_set
                0x0000000040008c80       0x5c zephyr/libzephyr.a(shell_ops.c.obj)
                0x0000000040008c80                z_shell_vt100_color_set
 .text.z_shell_vt100_colors_restore
                0x0000000040008cdc       0x68 zephyr/libzephyr.a(shell_ops.c.obj)
                0x0000000040008cdc                z_shell_vt100_colors_restore
 .text.z_shell_vfprintf
                0x0000000040008d44       0xb4 zephyr/libzephyr.a(shell_ops.c.obj)
                0x0000000040008d44                z_shell_vfprintf
 .text.z_shell_fprintf
                0x0000000040008df8       0x74 zephyr/libzephyr.a(shell_ops.c.obj)
                0x0000000040008df8                z_shell_fprintf
 .text.z_shell_op_word_remove
                0x0000000040008e6c      0x140 zephyr/libzephyr.a(shell_ops.c.obj)
                0x0000000040008e6c                z_shell_op_word_remove
 .text.reprint_from_cursor
                0x0000000040008fac       0xd4 zephyr/libzephyr.a(shell_ops.c.obj)
 .text.data_insert
                0x0000000040009080       0xd4 zephyr/libzephyr.a(shell_ops.c.obj)
 .text.z_shell_op_char_insert
                0x0000000040009154       0xa4 zephyr/libzephyr.a(shell_ops.c.obj)
                0x0000000040009154                z_shell_op_char_insert
 .text.z_shell_op_completion_insert
                0x00000000400091f8        0x4 zephyr/libzephyr.a(shell_ops.c.obj)
                0x00000000400091f8                z_shell_op_completion_insert
 .text.z_shell_op_char_delete
                0x00000000400091fc       0x74 zephyr/libzephyr.a(shell_ops.c.obj)
                0x00000000400091fc                z_shell_op_char_delete
 .text.z_shell_op_char_backspace
                0x0000000040009270       0x40 zephyr/libzephyr.a(shell_ops.c.obj)
                0x0000000040009270                z_shell_op_char_backspace
 .text.z_shell_print_prompt_and_cmd
                0x00000000400092b0       0x58 zephyr/libzephyr.a(shell_ops.c.obj)
                0x00000000400092b0                z_shell_print_prompt_and_cmd
 .text.msg_from_fifo.isra.0
                0x0000000040009308       0x28 zephyr/libzephyr.a(shell_log_backend.c.obj)
 .text.put      0x0000000040009330      0x144 zephyr/libzephyr.a(shell_log_backend.c.obj)
 .text.dropped  0x0000000040009474       0x3c zephyr/libzephyr.a(shell_log_backend.c.obj)
 .text.z_shell_log_backend_output_func
                0x00000000400094b0       0x34 zephyr/libzephyr.a(shell_log_backend.c.obj)
                0x00000000400094b0                z_shell_log_backend_output_func
 .text.z_shell_log_backend_enable
                0x00000000400094e4       0x6c zephyr/libzephyr.a(shell_log_backend.c.obj)
                0x00000000400094e4                z_shell_log_backend_enable
 .text.z_shell_log_backend_disable
                0x0000000040009550       0x30 zephyr/libzephyr.a(shell_log_backend.c.obj)
                0x0000000040009550                z_shell_log_backend_disable
 .text.z_shell_log_backend_process
                0x0000000040009580       0xc8 zephyr/libzephyr.a(shell_log_backend.c.obj)
                0x0000000040009580                z_shell_log_backend_process
 .text.panic    0x0000000040009648       0xac zephyr/libzephyr.a(shell_log_backend.c.obj)
 .text.z_shell_raw_fprintf
                0x00000000400096f4       0x74 zephyr/libzephyr.a(shell_help.c.obj)
 .text.z_cursor_next_line_move.isra.0
                0x0000000040009768        0xc zephyr/libzephyr.a(shell_help.c.obj)
 .text.formatted_text_print.constprop.0
                0x0000000040009774      0x174 zephyr/libzephyr.a(shell_help.c.obj)
 .text.z_shell_help_subcmd_print
                0x00000000400098e8      0x138 zephyr/libzephyr.a(shell_help.c.obj)
                0x00000000400098e8                z_shell_help_subcmd_print
 .text.z_shell_help_cmd_print
                0x0000000040009a20       0x80 zephyr/libzephyr.a(shell_help.c.obj)
                0x0000000040009a20                z_shell_help_cmd_print
 .text.z_shell_help_request
                0x0000000040009aa0       0x4c zephyr/libzephyr.a(shell_help.c.obj)
                0x0000000040009aa0                z_shell_help_request
 .text.cmd_shell_stats_reset
                0x0000000040009aec       0x10 zephyr/libzephyr.a(shell_cmds.c.obj)
 .text.z_shell_raw_fprintf
                0x0000000040009afc       0x74 zephyr/libzephyr.a(shell_cmds.c.obj)
 .text.cmd_resize_default
                0x0000000040009b70       0x4c zephyr/libzephyr.a(shell_cmds.c.obj)
 .text.cmd_shell_stats_show
                0x0000000040009bbc       0x2c zephyr/libzephyr.a(shell_cmds.c.obj)
 .text.cmd_history
                0x0000000040009be8       0x78 zephyr/libzephyr.a(shell_cmds.c.obj)
 .text.cmd_echo
                0x0000000040009c60       0x70 zephyr/libzephyr.a(shell_cmds.c.obj)
 .text.cmd_clear
                0x0000000040009cd0       0x60 zephyr/libzephyr.a(shell_cmds.c.obj)
 .text.cmd_resize
                0x0000000040009d30      0x24c zephyr/libzephyr.a(shell_cmds.c.obj)
 .text.cmd_bacskpace_mode_backspace
                0x0000000040009f7c       0x24 zephyr/libzephyr.a(shell_cmds.c.obj)
 .text.cmd_bacskpace_mode_delete
                0x0000000040009fa0       0x24 zephyr/libzephyr.a(shell_cmds.c.obj)
 .text.cmd_echo_off
                0x0000000040009fc4       0x24 zephyr/libzephyr.a(shell_cmds.c.obj)
 .text.cmd_colors_off
                0x0000000040009fe8       0x24 zephyr/libzephyr.a(shell_cmds.c.obj)
 .text.cmd_colors_on
                0x000000004000a00c       0x24 zephyr/libzephyr.a(shell_cmds.c.obj)
 .text.cmd_echo_on
                0x000000004000a030       0x24 zephyr/libzephyr.a(shell_cmds.c.obj)
 .text.remove_from_tail.part.0
                0x000000004000a054       0x40 zephyr/libzephyr.a(shell_history.c.obj)
 .text.z_shell_history_mode_exit
                0x000000004000a094        0x8 zephyr/libzephyr.a(shell_history.c.obj)
                0x000000004000a094                z_shell_history_mode_exit
 .text.z_shell_history_get
                0x000000004000a09c       0xac zephyr/libzephyr.a(shell_history.c.obj)
                0x000000004000a09c                z_shell_history_get
 .text.z_shell_history_purge
                0x000000004000a148       0x3c zephyr/libzephyr.a(shell_history.c.obj)
                0x000000004000a148                z_shell_history_purge
 .text.z_shell_history_put
                0x000000004000a184      0x168 zephyr/libzephyr.a(shell_history.c.obj)
                0x000000004000a184                z_shell_history_put
 .text.z_shell_history_init
                0x000000004000a2ec       0x10 zephyr/libzephyr.a(shell_history.c.obj)
                0x000000004000a2ec                z_shell_history_init
 .text.z_shell_has_wildcard
                0x000000004000a2fc       0x64 zephyr/libzephyr.a(shell_wildcard.c.obj)
                0x000000004000a2fc                z_shell_has_wildcard
 .text.z_shell_wildcard_prepare
                0x000000004000a360       0x78 zephyr/libzephyr.a(shell_wildcard.c.obj)
                0x000000004000a360                z_shell_wildcard_prepare
 .text.z_shell_wildcard_process
                0x000000004000a3d8      0x17c zephyr/libzephyr.a(shell_wildcard.c.obj)
                0x000000004000a3d8                z_shell_wildcard_process
 .text.z_shell_wildcard_finalize
                0x000000004000a554       0x3c zephyr/libzephyr.a(shell_wildcard.c.obj)
                0x000000004000a554                z_shell_wildcard_finalize
 .text.arch_cpu_idle
                0x000000004000a590       0x10 zephyr/arch/arch/arm64/core/libarch__arm64__core.a(cpu_idle.S.obj)
                0x000000004000a590                arch_cpu_idle
 .text.z_arm64_fatal_error
                0x000000004000a5a0      0x53c zephyr/arch/arch/arm64/core/libarch__arm64__core.a(fatal.c.obj)
                0x000000004000a5a0                z_arm64_fatal_error
 .text.z_arm64_do_kernel_oops
                0x000000004000aadc       0x14 zephyr/arch/arch/arm64/core/libarch__arm64__core.a(fatal.c.obj)
                0x000000004000aadc                z_arm64_do_kernel_oops
 .text.z_arm64_interrupt_init
                0x000000004000aaf0        0x4 zephyr/arch/arch/arm64/core/libarch__arm64__core.a(irq_init.c.obj)
                0x000000004000aaf0                z_arm64_interrupt_init
 .text.arch_irq_enable
                0x000000004000aaf4        0x4 zephyr/arch/arch/arm64/core/libarch__arm64__core.a(irq_manage.c.obj)
                0x000000004000aaf4                arch_irq_enable
 .text.z_arm64_irq_priority_set
                0x000000004000aaf8        0x4 zephyr/arch/arch/arm64/core/libarch__arm64__core.a(irq_manage.c.obj)
                0x000000004000aaf8                z_arm64_irq_priority_set
 .text.z_irq_spurious
                0x000000004000aafc        0xc zephyr/arch/arch/arm64/core/libarch__arm64__core.a(irq_manage.c.obj)
                0x000000004000aafc                z_irq_spurious
 .text.z_arm64_prep_c
                0x000000004000ab08       0x44 zephyr/arch/arch/arm64/core/libarch__arm64__core.a(prep_c.c.obj)
                0x000000004000ab08                z_arm64_prep_c
 .text.z_arm64_el3_plat_prep_c
                0x000000004000ab4c        0x4 zephyr/arch/arch/arm64/core/libarch__arm64__core.a(reset.S.obj)
                0x000000004000ab4c                z_arm64_el3_plat_prep_c
 .text.z_arm64_el2_plat_prep_c
                0x000000004000ab50        0x4 zephyr/arch/arch/arm64/core/libarch__arm64__core.a(reset.S.obj)
                0x000000004000ab50                z_arm64_el2_plat_prep_c
 .text.z_arm64_el1_plat_prep_c
                0x000000004000ab54        0x4 zephyr/arch/arch/arm64/core/libarch__arm64__core.a(reset.S.obj)
                0x000000004000ab54                z_arm64_el1_plat_prep_c
 .text.el3_get_next_el
                0x000000004000ab58       0x28 zephyr/arch/arch/arm64/core/libarch__arm64__core.a(reset.c.obj)
 .text.z_arm64_el_highest_plat_init
                0x000000004000ab80        0x4 zephyr/arch/arch/arm64/core/libarch__arm64__core.a(reset.c.obj)
                0x000000004000ab80                z_arm64_el_highest_plat_init
 .text.z_arm64_el2_plat_init
                0x000000004000ab84        0x4 zephyr/arch/arch/arm64/core/libarch__arm64__core.a(reset.c.obj)
                0x000000004000ab84                z_arm64_el2_plat_init
 .text.z_arm64_el1_plat_init
                0x000000004000ab88        0x4 zephyr/arch/arch/arm64/core/libarch__arm64__core.a(reset.c.obj)
                0x000000004000ab88                z_arm64_el1_plat_init
 .text.z_arm64_el_highest_init
                0x000000004000ab8c       0x48 zephyr/arch/arch/arm64/core/libarch__arm64__core.a(reset.c.obj)
                0x000000004000ab8c                z_arm64_el_highest_init
 .text.z_arm64_el2_init
                0x000000004000abd4       0x4c zephyr/arch/arch/arm64/core/libarch__arm64__core.a(reset.c.obj)
                0x000000004000abd4                z_arm64_el2_init
 .text.z_arm64_el3_init
                0x000000004000ac20       0x58 zephyr/arch/arch/arm64/core/libarch__arm64__core.a(reset.c.obj)
                0x000000004000ac20                z_arm64_el3_init
 .text.z_arm64_el1_init
                0x000000004000ac78       0x4c zephyr/arch/arch/arm64/core/libarch__arm64__core.a(reset.c.obj)
                0x000000004000ac78                z_arm64_el1_init
 .text.z_arm64_el3_get_next_el
                0x000000004000acc4       0x2c zephyr/arch/arch/arm64/core/libarch__arm64__core.a(reset.c.obj)
                0x000000004000acc4                z_arm64_el3_get_next_el
 .text.z_arm64_context_switch
                0x000000004000acf0       0x68 zephyr/arch/arch/arm64/core/libarch__arm64__core.a(switch.S.obj)
                0x000000004000acf0                z_arm64_context_switch
 .text.z_arm64_sync_exc
                0x000000004000ad58       0x64 zephyr/arch/arch/arm64/core/libarch__arm64__core.a(switch.S.obj)
                0x000000004000ad58                z_arm64_sync_exc
 .text.z_arm64_call_svc
                0x000000004000adbc        0x8 zephyr/arch/arch/arm64/core/libarch__arm64__core.a(switch.S.obj)
                0x000000004000adbc                z_arm64_call_svc
 .text.arch_new_thread
                0x000000004000adc4       0x34 zephyr/arch/arch/arm64/core/libarch__arm64__core.a(thread.c.obj)
                0x000000004000adc4                arch_new_thread
 .text.z_arch_get_next_switch_handle
                0x000000004000adf8       0x14 zephyr/arch/arch/arm64/core/libarch__arm64__core.a(thread.c.obj)
                0x000000004000adf8                z_arch_get_next_switch_handle
 .text.z_arm64_serror
                0x000000004000ae0c       0x10 zephyr/arch/arch/arm64/core/libarch__arm64__core.a(vector_table.S.obj)
                0x000000004000ae0c                z_arm64_serror
 .text.z_arm64_exit_exc
                0x000000004000ae1c       0x5c zephyr/arch/arch/arm64/core/libarch__arm64__core.a(vector_table.S.obj)
                0x000000004000ae1c                z_arm64_exit_exc
                0x000000004000ae20                z_arm64_exit_exc_fpu_done
 .text.z_arm64_fpu_enter_exc
                0x000000004000ae78       0x14 zephyr/arch/arch/arm64/core/libarch__arm64__core.a(fpu.c.obj)
                0x000000004000ae78                z_arm64_fpu_enter_exc
 .text.z_arm64_fpu_trap
                0x000000004000ae8c       0xe4 zephyr/arch/arch/arm64/core/libarch__arm64__core.a(fpu.c.obj)
                0x000000004000ae8c                z_arm64_fpu_trap
 .text.z_arm64_fpu_exit_exc
                0x000000004000af70       0x40 zephyr/arch/arch/arm64/core/libarch__arm64__core.a(fpu.c.obj)
                0x000000004000af70                z_arm64_fpu_exit_exc
 .text.z_arm64_fpu_save
                0x000000004000afb0       0x54 zephyr/arch/arch/arm64/core/libarch__arm64__core.a(fpu.S.obj)
                0x000000004000afb0                z_arm64_fpu_save
 .text.z_arm64_fpu_restore
                0x000000004000b004       0x54 zephyr/arch/arch/arm64/core/libarch__arm64__core.a(fpu.S.obj)
                0x000000004000b004                z_arm64_fpu_restore
 .text.table_usage
                0x000000004000b058       0x38 zephyr/arch/arch/arm64/core/libarch__arm64__core.a(mmu.c.obj)
 .text.new_table
                0x000000004000b090       0x94 zephyr/arch/arch/arm64/core/libarch__arm64__core.a(mmu.c.obj)
 .text.set_mapping.constprop.0
                0x000000004000b124      0x298 zephyr/arch/arch/arm64/core/libarch__arm64__core.a(mmu.c.obj)
 .text.__add_map.constprop.0
                0x000000004000b3bc       0xb4 zephyr/arch/arch/arm64/core/libarch__arm64__core.a(mmu.c.obj)
 .text.z_arm64_mm_init
                0x000000004000b470      0x114 zephyr/arch/arch/arm64/core/libarch__arm64__core.a(mmu.c.obj)
                0x000000004000b470                z_arm64_mm_init
 .text.arch_mem_map
                0x000000004000b584       0xc4 zephyr/arch/arch/arm64/core/libarch__arm64__core.a(mmu.c.obj)
                0x000000004000b584                arch_mem_map
 .text.arch_virt_region_align
                0x000000004000b648       0x44 zephyr/arch/arch/arm64/core/libarch__arm64__core.a(mmu.c.obj)
                0x000000004000b648                arch_virt_region_align
 .text.arch_dcache_all
                0x000000004000b68c       0xec zephyr/arch/arch/arm64/core/libarch__arm64__core.a(cache.c.obj)
                0x000000004000b68c                arch_dcache_all
 .text.strtol   0x000000004000b778      0x188 zephyr/lib/libc/minimal/liblib__libc__minimal.a(strtol.c.obj)
                0x000000004000b778                strtol
 .text.strtoul  0x000000004000b900      0x180 zephyr/lib/libc/minimal/liblib__libc__minimal.a(strtoul.c.obj)
                0x000000004000b900                strtoul
 .text.strstr   0x000000004000ba80       0x80 zephyr/lib/libc/minimal/liblib__libc__minimal.a(strstr.c.obj)
                0x000000004000ba80                strstr
 .text.strcpy   0x000000004000bb00       0x24 zephyr/lib/libc/minimal/liblib__libc__minimal.a(string.c.obj)
                0x000000004000bb00                strcpy
 .text.strncpy  0x000000004000bb24       0x40 zephyr/lib/libc/minimal/liblib__libc__minimal.a(string.c.obj)
                0x000000004000bb24                strncpy
 .text.strchr   0x000000004000bb64       0x28 zephyr/lib/libc/minimal/liblib__libc__minimal.a(string.c.obj)
                0x000000004000bb64                strchr
 .text.strrchr  0x000000004000bb8c       0x24 zephyr/lib/libc/minimal/liblib__libc__minimal.a(string.c.obj)
                0x000000004000bb8c                strrchr
 .text.strlen   0x000000004000bbb0       0x1c zephyr/lib/libc/minimal/liblib__libc__minimal.a(string.c.obj)
                0x000000004000bbb0                strlen
 .text.strnlen  0x000000004000bbcc       0x24 zephyr/lib/libc/minimal/liblib__libc__minimal.a(string.c.obj)
                0x000000004000bbcc                strnlen
 .text.strcmp   0x000000004000bbf0       0x24 zephyr/lib/libc/minimal/liblib__libc__minimal.a(string.c.obj)
                0x000000004000bbf0                strcmp
 .text.strncmp  0x000000004000bc14       0x34 zephyr/lib/libc/minimal/liblib__libc__minimal.a(string.c.obj)
                0x000000004000bc14                strncmp
 .text.memcmp   0x000000004000bc48       0x38 zephyr/lib/libc/minimal/liblib__libc__minimal.a(string.c.obj)
                0x000000004000bc48                memcmp
 .text.memmove  0x000000004000bc80       0x3c zephyr/lib/libc/minimal/liblib__libc__minimal.a(string.c.obj)
                0x000000004000bc80                memmove
 .text.memcpy   0x000000004000bcbc       0x20 zephyr/lib/libc/minimal/liblib__libc__minimal.a(string.c.obj)
                0x000000004000bcbc                memcpy
 .text.memset   0x000000004000bcdc       0x20 zephyr/lib/libc/minimal/liblib__libc__minimal.a(string.c.obj)
                0x000000004000bcdc                memset
 .text._stdout_hook_default
                0x000000004000bcfc        0x8 zephyr/lib/libc/minimal/liblib__libc__minimal.a(stdout_console.c.obj)
 .text.__stdout_hook_install
                0x000000004000bd04        0xc zephyr/lib/libc/minimal/liblib__libc__minimal.a(stdout_console.c.obj)
                0x000000004000bd04                __stdout_hook_install
 .text.sprintf_out
                0x000000004000bd10       0x34 zephyr/lib/libc/minimal/liblib__libc__minimal.a(sprintf.c.obj)
 .text.snprintf
                0x000000004000bd44       0x98 zephyr/lib/libc/minimal/liblib__libc__minimal.a(sprintf.c.obj)
                0x000000004000bd44                snprintf
 .text.fs_init  0x000000004000bddc       0x30 zephyr/subsys/fs/libsubsys__fs.a(fs.c.obj)
 .text.k_mutex_lock.constprop.0.isra.0
                0x000000004000be0c       0x10 zephyr/subsys/fs/libsubsys__fs.a(fs.c.obj)
 .text.k_mutex_unlock.constprop.0.isra.0
                0x000000004000be1c        0xc zephyr/subsys/fs/libsubsys__fs.a(fs.c.obj)
 .text.fs_get_mnt_point
                0x000000004000be28       0xf4 zephyr/subsys/fs/libsubsys__fs.a(fs.c.obj)
 .text.fs_open  0x000000004000bf1c      0x18c zephyr/subsys/fs/libsubsys__fs.a(fs.c.obj)
                0x000000004000bf1c                fs_open
 .text.fs_close
                0x000000004000c0a8       0x94 zephyr/subsys/fs/libsubsys__fs.a(fs.c.obj)
                0x000000004000c0a8                fs_close
 .text.fs_read  0x000000004000c13c       0x88 zephyr/subsys/fs/libsubsys__fs.a(fs.c.obj)
                0x000000004000c13c                fs_read
 .text.fs_write
                0x000000004000c1c4       0x88 zephyr/subsys/fs/libsubsys__fs.a(fs.c.obj)
                0x000000004000c1c4                fs_write
 .text.fs_seek  0x000000004000c24c       0x88 zephyr/subsys/fs/libsubsys__fs.a(fs.c.obj)
                0x000000004000c24c                fs_seek
 .text.fs_truncate
                0x000000004000c2d4       0x88 zephyr/subsys/fs/libsubsys__fs.a(fs.c.obj)
                0x000000004000c2d4                fs_truncate
 .text.fs_opendir
                0x000000004000c35c      0x1a4 zephyr/subsys/fs/libsubsys__fs.a(fs.c.obj)
                0x000000004000c35c                fs_opendir
 .text.fs_readdir
                0x000000004000c500      0x1a0 zephyr/subsys/fs/libsubsys__fs.a(fs.c.obj)
                0x000000004000c500                fs_readdir
 .text.fs_closedir
                0x000000004000c6a0       0x98 zephyr/subsys/fs/libsubsys__fs.a(fs.c.obj)
                0x000000004000c6a0                fs_closedir
 .text.fs_mkdir
                0x000000004000c738      0x144 zephyr/subsys/fs/libsubsys__fs.a(fs.c.obj)
                0x000000004000c738                fs_mkdir
 .text.fs_unlink
                0x000000004000c87c      0x144 zephyr/subsys/fs/libsubsys__fs.a(fs.c.obj)
                0x000000004000c87c                fs_unlink
 .text.fs_stat  0x000000004000c9c0      0x14c zephyr/subsys/fs/libsubsys__fs.a(fs.c.obj)
                0x000000004000c9c0                fs_stat
 .text.fs_statvfs
                0x000000004000cb0c      0x144 zephyr/subsys/fs/libsubsys__fs.a(fs.c.obj)
                0x000000004000cb0c                fs_statvfs
 .text.cmd_pwd  0x000000004000cc50       0x2c zephyr/subsys/fs/libsubsys__fs.a(shell.c.obj)
 .text.create_abs_path.constprop.0
                0x000000004000cc7c       0xc4 zephyr/subsys/fs/libsubsys__fs.a(shell.c.obj)
 .text.cmd_cd   0x000000004000cd40      0x108 zephyr/subsys/fs/libsubsys__fs.a(shell.c.obj)
 .text.cmd_ls   0x000000004000ce48      0x100 zephyr/subsys/fs/libsubsys__fs.a(shell.c.obj)
 .text.cmd_mkdir
                0x000000004000cf48       0x50 zephyr/subsys/fs/libsubsys__fs.a(shell.c.obj)
 .text.cmd_read
                0x000000004000cf98      0x2b4 zephyr/subsys/fs/libsubsys__fs.a(shell.c.obj)
 .text.cmd_cat  0x000000004000d24c      0x168 zephyr/subsys/fs/libsubsys__fs.a(shell.c.obj)
 .text.cmd_rm   0x000000004000d3b4       0x54 zephyr/subsys/fs/libsubsys__fs.a(shell.c.obj)
 .text.cmd_statvfs
                0x000000004000d408       0x7c zephyr/subsys/fs/libsubsys__fs.a(shell.c.obj)
 .text.cmd_trunc
                0x000000004000d484       0xdc zephyr/subsys/fs/libsubsys__fs.a(shell.c.obj)
 .text.cmd_write
                0x000000004000d560      0x1b4 zephyr/subsys/fs/libsubsys__fs.a(shell.c.obj)
 .text.gic_get_rdist
                0x000000004000d714       0x1c zephyr/drivers/interrupt_controller/libdrivers__interrupt_controller.a(intc_gicv3.c.obj)
 .text.gic_wait_rwp.isra.0
                0x000000004000d730       0x4c zephyr/drivers/interrupt_controller/libdrivers__interrupt_controller.a(intc_gicv3.c.obj)
 .text.arm_gic_init
                0x000000004000d77c      0x244 zephyr/drivers/interrupt_controller/libdrivers__interrupt_controller.a(intc_gicv3.c.obj)
                0x000000004000d77c                arm_gic_init
 .text.arm_gic_irq_set_priority
                0x000000004000d9c0       0xbc zephyr/drivers/interrupt_controller/libdrivers__interrupt_controller.a(intc_gicv3.c.obj)
                0x000000004000d9c0                arm_gic_irq_set_priority
 .text.arm_gic_irq_enable
                0x000000004000da7c       0x60 zephyr/drivers/interrupt_controller/libdrivers__interrupt_controller.a(intc_gicv3.c.obj)
                0x000000004000da7c                arm_gic_irq_enable
 .text.arm_gic_get_active
                0x000000004000dadc        0x8 zephyr/drivers/interrupt_controller/libdrivers__interrupt_controller.a(intc_gicv3.c.obj)
                0x000000004000dadc                arm_gic_get_active
 .text.arm_gic_eoi
                0x000000004000dae4        0xc zephyr/drivers/interrupt_controller/libdrivers__interrupt_controller.a(intc_gicv3.c.obj)
                0x000000004000dae4                arm_gic_eoi
 .text.uart_console_init
                0x000000004000daf0       0x58 zephyr/drivers/console/libdrivers__console.a(uart_console.c.obj)
 .text.console_out
                0x000000004000db48       0x54 zephyr/drivers/console/libdrivers__console.a(uart_console.c.obj)
 .text.pl011_poll_in
                0x000000004000db9c       0x50 zephyr/drivers/serial/libdrivers__serial.a(uart_pl011.c.obj)
 .text.pl011_poll_out
                0x000000004000dbec       0x1c zephyr/drivers/serial/libdrivers__serial.a(uart_pl011.c.obj)
 .text.pl011_fifo_fill
                0x000000004000dc08       0x3c zephyr/drivers/serial/libdrivers__serial.a(uart_pl011.c.obj)
 .text.pl011_fifo_read
                0x000000004000dc44       0x40 zephyr/drivers/serial/libdrivers__serial.a(uart_pl011.c.obj)
 .text.pl011_irq_tx_enable
                0x000000004000dc84       0x18 zephyr/drivers/serial/libdrivers__serial.a(uart_pl011.c.obj)
 .text.pl011_irq_tx_disable
                0x000000004000dc9c       0x18 zephyr/drivers/serial/libdrivers__serial.a(uart_pl011.c.obj)
 .text.pl011_irq_tx_complete
                0x000000004000dcb4       0x14 zephyr/drivers/serial/libdrivers__serial.a(uart_pl011.c.obj)
 .text.pl011_irq_rx_enable
                0x000000004000dcc8       0x1c zephyr/drivers/serial/libdrivers__serial.a(uart_pl011.c.obj)
 .text.pl011_irq_rx_disable
                0x000000004000dce4       0x1c zephyr/drivers/serial/libdrivers__serial.a(uart_pl011.c.obj)
 .text.pl011_irq_rx_ready
                0x000000004000dd00       0x3c zephyr/drivers/serial/libdrivers__serial.a(uart_pl011.c.obj)
 .text.pl011_irq_err_enable
                0x000000004000dd3c       0x18 zephyr/drivers/serial/libdrivers__serial.a(uart_pl011.c.obj)
 .text.pl011_irq_err_disable
                0x000000004000dd54       0x18 zephyr/drivers/serial/libdrivers__serial.a(uart_pl011.c.obj)
 .text.pl011_irq_update
                0x000000004000dd6c        0x8 zephyr/drivers/serial/libdrivers__serial.a(uart_pl011.c.obj)
 .text.pl011_irq_callback_set
                0x000000004000dd74        0xc zephyr/drivers/serial/libdrivers__serial.a(uart_pl011.c.obj)
 .text.pl011_isr
                0x000000004000dd80       0x1c zephyr/drivers/serial/libdrivers__serial.a(uart_pl011.c.obj)
                0x000000004000dd80                pl011_isr
 .text.pl011_irq_config_func_0
                0x000000004000dd9c       0x24 zephyr/drivers/serial/libdrivers__serial.a(uart_pl011.c.obj)
 .text.pl011_irq_tx_ready
                0x000000004000ddc0       0x48 zephyr/drivers/serial/libdrivers__serial.a(uart_pl011.c.obj)
 .text.pl011_irq_is_pending
                0x000000004000de08       0x34 zephyr/drivers/serial/libdrivers__serial.a(uart_pl011.c.obj)
 .text.pl011_init
                0x000000004000de3c      0x13c zephyr/drivers/serial/libdrivers__serial.a(uart_pl011.c.obj)
 .text.arm_arch_timer_compare_isr
                0x000000004000df78       0x48 zephyr/drivers/timer/libdrivers__timer.a(arm_arch_timer.c.obj)
 .text.sys_clock_driver_init
                0x000000004000dfc0       0x54 zephyr/drivers/timer/libdrivers__timer.a(arm_arch_timer.c.obj)
                0x000000004000dfc0                sys_clock_driver_init
 .text.sys_clock_set_timeout
                0x000000004000e014       0x98 zephyr/drivers/timer/libdrivers__timer.a(arm_arch_timer.c.obj)
                0x000000004000e014                sys_clock_set_timeout
 .text.sys_clock_elapsed
                0x000000004000e0ac       0x30 zephyr/drivers/timer/libdrivers__timer.a(arm_arch_timer.c.obj)
                0x000000004000e0ac                sys_clock_elapsed
 .text.sys_clock_cycle_get_32
                0x000000004000e0dc        0x8 zephyr/drivers/timer/libdrivers__timer.a(arm_arch_timer.c.obj)
                0x000000004000e0dc                sys_clock_cycle_get_32
 .text.arch_busy_wait
                0x000000004000e0e4       0x24 zephyr/drivers/timer/libdrivers__timer.a(arm_arch_timer.c.obj)
                0x000000004000e0e4                arch_busy_wait
 .text.device_visitor
                0x000000004000e108       0xb4 zephyr/kernel/libkernel.a(device.c.obj)
 .text.z_device_state_init
                0x000000004000e1bc        0x4 zephyr/kernel/libkernel.a(device.c.obj)
                0x000000004000e1bc                z_device_state_init
 .text.z_sys_init_run_level
                0x000000004000e1c0       0x80 zephyr/kernel/libkernel.a(device.c.obj)
                0x000000004000e1c0                z_sys_init_run_level
 .text.z_device_get_all_static
                0x000000004000e240       0x2c zephyr/kernel/libkernel.a(device.c.obj)
                0x000000004000e240                z_device_get_all_static
 .text.z_device_ready
                0x000000004000e26c       0x24 zephyr/kernel/libkernel.a(device.c.obj)
                0x000000004000e26c                z_device_ready
 .text.device_required_foreach
                0x000000004000e290       0x40 zephyr/kernel/libkernel.a(device.c.obj)
                0x000000004000e290                device_required_foreach
 .text.z_impl_z_errno
                0x000000004000e2d0       0x10 zephyr/kernel/libkernel.a(errno.c.obj)
                0x000000004000e2d0                z_impl_z_errno
 .text.arch_system_halt
                0x000000004000e2e0        0xc zephyr/kernel/libkernel.a(fatal.c.obj)
                0x000000004000e2e0                arch_system_halt
 .text.k_sys_fatal_error_handler
                0x000000004000e2ec       0x54 zephyr/kernel/libkernel.a(fatal.c.obj)
                0x000000004000e2ec                k_sys_fatal_error_handler
 .text.z_fatal_error
                0x000000004000e340      0x10c zephyr/kernel/libkernel.a(fatal.c.obj)
                0x000000004000e340                z_fatal_error
 .text.init_idle_thread
                0x000000004000e44c       0xb4 zephyr/kernel/libkernel.a(init.c.obj)
 .text.bg_thread_main
                0x000000004000e500       0x54 zephyr/kernel/libkernel.a(init.c.obj)
 .text.z_cstart
                0x000000004000e554      0x118 zephyr/kernel/libkernel.a(init.c.obj)
                0x000000004000e554                z_cstart
 .text.init_mem_slab_module
                0x000000004000e66c       0x6c zephyr/kernel/libkernel.a(mem_slab.c.obj)
 .text.k_mem_slab_init
                0x000000004000e6d8       0x54 zephyr/kernel/libkernel.a(mem_slab.c.obj)
                0x000000004000e6d8                k_mem_slab_init
 .text.k_mem_slab_alloc
                0x000000004000e72c       0x88 zephyr/kernel/libkernel.a(mem_slab.c.obj)
                0x000000004000e72c                k_mem_slab_alloc
 .text.k_mem_slab_free
                0x000000004000e7b4       0x90 zephyr/kernel/libkernel.a(mem_slab.c.obj)
                0x000000004000e7b4                k_mem_slab_free
 .text.k_thread_foreach
                0x000000004000e844       0x58 zephyr/kernel/libkernel.a(thread.c.obj)
                0x000000004000e844                k_thread_foreach
 .text.k_is_in_isr
                0x000000004000e89c       0x18 zephyr/kernel/libkernel.a(thread.c.obj)
                0x000000004000e89c                k_is_in_isr
 .text.z_thread_monitor_exit
                0x000000004000e8b4       0x50 zephyr/kernel/libkernel.a(thread.c.obj)
                0x000000004000e8b4                z_thread_monitor_exit
 .text.z_impl_k_thread_name_set
                0x000000004000e904       0x40 zephyr/kernel/libkernel.a(thread.c.obj)
                0x000000004000e904                z_impl_k_thread_name_set
 .text.k_thread_name_get
                0x000000004000e944        0x8 zephyr/kernel/libkernel.a(thread.c.obj)
                0x000000004000e944                k_thread_name_get
 .text.k_thread_state_str
                0x000000004000e94c       0xa8 zephyr/kernel/libkernel.a(thread.c.obj)
                0x000000004000e94c                k_thread_state_str
 .text.z_impl_k_thread_start
                0x000000004000e9f4        0x4 zephyr/kernel/libkernel.a(thread.c.obj)
                0x000000004000e9f4                z_impl_k_thread_start
 .text.z_setup_new_thread
                0x000000004000e9f8      0x120 zephyr/kernel/libkernel.a(thread.c.obj)
                0x000000004000e9f8                z_setup_new_thread
 .text.z_impl_k_thread_create
                0x000000004000eb18       0x68 zephyr/kernel/libkernel.a(thread.c.obj)
                0x000000004000eb18                z_impl_k_thread_create
 .text.z_init_static_threads
                0x000000004000eb80       0xdc zephyr/kernel/libkernel.a(thread.c.obj)
                0x000000004000eb80                z_init_static_threads
 .text.z_impl_k_thread_stack_space_get
                0x000000004000ec5c       0x30 zephyr/kernel/libkernel.a(thread.c.obj)
                0x000000004000ec5c                z_impl_k_thread_stack_space_get
 .text.sys_kernel_version_get
                0x000000004000ec8c        0xc zephyr/kernel/libkernel.a(version.c.obj)
                0x000000004000ec8c                sys_kernel_version_get
 .text.idle     0x000000004000ec98       0x18 zephyr/kernel/libkernel.a(idle.c.obj)
                0x000000004000ec98                idle
 .text.z_impl_k_msgq_put
                0x000000004000ecb0      0x114 zephyr/kernel/libkernel.a(msg_q.c.obj)
                0x000000004000ecb0                z_impl_k_msgq_put
 .text.z_impl_k_msgq_get
                0x000000004000edc4      0x12c zephyr/kernel/libkernel.a(msg_q.c.obj)
                0x000000004000edc4                z_impl_k_msgq_get
 .text.z_impl_k_msgq_peek
                0x000000004000eef0       0x50 zephyr/kernel/libkernel.a(msg_q.c.obj)
                0x000000004000eef0                z_impl_k_msgq_peek
 .text.adjust_owner_prio.isra.0
                0x000000004000ef40       0x18 zephyr/kernel/libkernel.a(mutex.c.obj)
 .text.z_impl_k_mutex_init
                0x000000004000ef58       0x14 zephyr/kernel/libkernel.a(mutex.c.obj)
                0x000000004000ef58                z_impl_k_mutex_init
 .text.z_impl_k_mutex_lock
                0x000000004000ef6c      0x154 zephyr/kernel/libkernel.a(mutex.c.obj)
                0x000000004000ef6c                z_impl_k_mutex_lock
 .text.z_impl_k_mutex_unlock
                0x000000004000f0c0       0xc4 zephyr/kernel/libkernel.a(mutex.c.obj)
                0x000000004000f0c0                z_impl_k_mutex_unlock
 .text.z_impl_k_sem_give
                0x000000004000f184       0x60 zephyr/kernel/libkernel.a(sem.c.obj)
                0x000000004000f184                z_impl_k_sem_give
 .text.z_impl_k_sem_take
                0x000000004000f1e4       0x50 zephyr/kernel/libkernel.a(sem.c.obj)
                0x000000004000f1e4                z_impl_k_sem_take
 .text.sys_dlist_remove
                0x000000004000f234       0x14 zephyr/kernel/libkernel.a(sched.c.obj)
 .text.unpend_thread_no_timeout
                0x000000004000f248       0x28 zephyr/kernel/libkernel.a(sched.c.obj)
 .text.z_sched_prio_cmp
                0x000000004000f270       0x18 zephyr/kernel/libkernel.a(sched.c.obj)
                0x000000004000f270                z_sched_prio_cmp
 .text.z_reset_time_slice
                0x000000004000f288       0x4c zephyr/kernel/libkernel.a(sched.c.obj)
                0x000000004000f288                z_reset_time_slice
 .text.z_swap_irqlock
                0x000000004000f2d4       0x6c zephyr/kernel/libkernel.a(sched.c.obj)
 .text.z_swap   0x000000004000f340       0x7c zephyr/kernel/libkernel.a(sched.c.obj)
 .text.k_sched_time_slice_set
                0x000000004000f3bc       0x88 zephyr/kernel/libkernel.a(sched.c.obj)
                0x000000004000f3bc                k_sched_time_slice_set
 .text.z_unpend_thread_no_timeout
                0x000000004000f444       0x24 zephyr/kernel/libkernel.a(sched.c.obj)
                0x000000004000f444                z_unpend_thread_no_timeout
 .text.z_unpend_thread
                0x000000004000f468       0x2c zephyr/kernel/libkernel.a(sched.c.obj)
                0x000000004000f468                z_unpend_thread
 .text.z_reschedule
                0x000000004000f494       0x3c zephyr/kernel/libkernel.a(sched.c.obj)
                0x000000004000f494                z_reschedule
 .text.z_reschedule_irqlock
                0x000000004000f4d0       0x24 zephyr/kernel/libkernel.a(sched.c.obj)
                0x000000004000f4d0                z_reschedule_irqlock
 .text.z_reschedule_unlocked
                0x000000004000f4f4        0xc zephyr/kernel/libkernel.a(sched.c.obj)
 .text.k_sched_lock
                0x000000004000f500       0x28 zephyr/kernel/libkernel.a(sched.c.obj)
                0x000000004000f500                k_sched_lock
 .text.z_swap_next_thread
                0x000000004000f528        0xc zephyr/kernel/libkernel.a(sched.c.obj)
                0x000000004000f528                z_swap_next_thread
 .text.z_get_next_switch_handle
                0x000000004000f534       0x20 zephyr/kernel/libkernel.a(sched.c.obj)
                0x000000004000f534                z_get_next_switch_handle
 .text.z_priq_dumb_best
                0x000000004000f554       0x10 zephyr/kernel/libkernel.a(sched.c.obj)
                0x000000004000f554                z_priq_dumb_best
 .text.update_cache
                0x000000004000f564       0x78 zephyr/kernel/libkernel.a(sched.c.obj)
 .text.move_thread_to_end_of_prio_q
                0x000000004000f5dc       0xb0 zephyr/kernel/libkernel.a(sched.c.obj)
 .text.z_time_slice
                0x000000004000f68c       0xa8 zephyr/kernel/libkernel.a(sched.c.obj)
                0x000000004000f68c                z_time_slice
 .text.ready_thread
                0x000000004000f734       0x9c zephyr/kernel/libkernel.a(sched.c.obj)
 .text.z_ready_thread
                0x000000004000f7d0       0x2c zephyr/kernel/libkernel.a(sched.c.obj)
                0x000000004000f7d0                z_ready_thread
 .text.z_sched_start
                0x000000004000f7fc       0x54 zephyr/kernel/libkernel.a(sched.c.obj)
                0x000000004000f7fc                z_sched_start
 .text.z_thread_timeout
                0x000000004000f850       0x64 zephyr/kernel/libkernel.a(sched.c.obj)
                0x000000004000f850                z_thread_timeout
 .text.unready_thread
                0x000000004000f8b4       0x50 zephyr/kernel/libkernel.a(sched.c.obj)
 .text.add_to_waitq_locked
                0x000000004000f904       0x9c zephyr/kernel/libkernel.a(sched.c.obj)
 .text.pend     0x000000004000f9a0       0x64 zephyr/kernel/libkernel.a(sched.c.obj)
 .text.z_pend_curr
                0x000000004000fa04       0x3c zephyr/kernel/libkernel.a(sched.c.obj)
                0x000000004000fa04                z_pend_curr
 .text.z_set_prio
                0x000000004000fa40       0xe8 zephyr/kernel/libkernel.a(sched.c.obj)
                0x000000004000fa40                z_set_prio
 .text.z_impl_k_thread_suspend
                0x000000004000fb28       0x98 zephyr/kernel/libkernel.a(sched.c.obj)
                0x000000004000fb28                z_impl_k_thread_suspend
 .text.k_sched_unlock
                0x000000004000fbc0       0x44 zephyr/kernel/libkernel.a(sched.c.obj)
                0x000000004000fbc0                k_sched_unlock
 .text.z_unpend1_no_timeout
                0x000000004000fc04       0x34 zephyr/kernel/libkernel.a(sched.c.obj)
                0x000000004000fc04                z_unpend1_no_timeout
 .text.z_unpend_first_thread
                0x000000004000fc38       0x44 zephyr/kernel/libkernel.a(sched.c.obj)
                0x000000004000fc38                z_unpend_first_thread
 .text.z_sched_init
                0x000000004000fc7c       0x20 zephyr/kernel/libkernel.a(sched.c.obj)
                0x000000004000fc7c                z_sched_init
 .text.z_impl_k_yield
                0x000000004000fc9c       0xcc zephyr/kernel/libkernel.a(sched.c.obj)
                0x000000004000fc9c                z_impl_k_yield
 .text.z_tick_sleep
                0x000000004000fd68       0xb4 zephyr/kernel/libkernel.a(sched.c.obj)
 .text.z_impl_k_sleep
                0x000000004000fe1c       0x44 zephyr/kernel/libkernel.a(sched.c.obj)
                0x000000004000fe1c                z_impl_k_sleep
 .text.z_impl_z_current_get
                0x000000004000fe60        0xc zephyr/kernel/libkernel.a(sched.c.obj)
                0x000000004000fe60                z_impl_z_current_get
 .text.z_impl_k_is_preempt_thread
                0x000000004000fe6c       0x30 zephyr/kernel/libkernel.a(sched.c.obj)
                0x000000004000fe6c                z_impl_k_is_preempt_thread
 .text.z_thread_abort
                0x000000004000fe9c       0xf4 zephyr/kernel/libkernel.a(sched.c.obj)
                0x000000004000fe9c                z_thread_abort
 .text.z_impl_k_thread_abort
                0x000000004000ff90        0x4 zephyr/kernel/libkernel.a(sched.c.obj)
                0x000000004000ff90                z_impl_k_thread_abort
 .text.z_sched_wake
                0x000000004000ff94       0x60 zephyr/kernel/libkernel.a(sched.c.obj)
                0x000000004000ff94                z_sched_wake
 .text.z_sched_wait
                0x000000004000fff4       0x34 zephyr/kernel/libkernel.a(sched.c.obj)
                0x000000004000fff4                z_sched_wait
 .text.elapsed  0x0000000040010028       0x18 zephyr/kernel/libkernel.a(timeout.c.obj)
 .text.next_timeout
                0x0000000040010040       0x74 zephyr/kernel/libkernel.a(timeout.c.obj)
 .text.remove_timeout
                0x00000000400100b4       0x40 zephyr/kernel/libkernel.a(timeout.c.obj)
 .text.z_add_timeout
                0x00000000400100f4      0x11c zephyr/kernel/libkernel.a(timeout.c.obj)
                0x00000000400100f4                z_add_timeout
 .text.z_abort_timeout
                0x0000000040010210       0x40 zephyr/kernel/libkernel.a(timeout.c.obj)
                0x0000000040010210                z_abort_timeout
 .text.z_set_timeout_expiry
                0x0000000040010250       0x5c zephyr/kernel/libkernel.a(timeout.c.obj)
                0x0000000040010250                z_set_timeout_expiry
 .text.sys_clock_announce
                0x00000000400102ac       0xd4 zephyr/kernel/libkernel.a(timeout.c.obj)
                0x00000000400102ac                sys_clock_announce
 .text.sys_clock_tick_get
                0x0000000040010380       0x38 zephyr/kernel/libkernel.a(timeout.c.obj)
                0x0000000040010380                sys_clock_tick_get
 .text.sys_clock_tick_get_32
                0x00000000400103b8       0x14 zephyr/kernel/libkernel.a(timeout.c.obj)
                0x00000000400103b8                sys_clock_tick_get_32
 .text.z_impl_k_uptime_ticks
                0x00000000400103cc        0x4 zephyr/kernel/libkernel.a(timeout.c.obj)
                0x00000000400103cc                z_impl_k_uptime_ticks
 .text.z_impl_k_busy_wait
                0x00000000400103d0        0xc zephyr/kernel/libkernel.a(timeout.c.obj)
                0x00000000400103d0                z_impl_k_busy_wait
 .text.z_timer_expiration_handler
                0x00000000400103dc       0xb4 zephyr/kernel/libkernel.a(timer.c.obj)
                0x00000000400103dc                z_timer_expiration_handler
 .text.k_timer_init
                0x0000000040010490       0x1c zephyr/kernel/libkernel.a(timer.c.obj)
                0x0000000040010490                k_timer_init
 .text.z_impl_k_timer_start
                0x00000000400104ac       0x90 zephyr/kernel/libkernel.a(timer.c.obj)
                0x00000000400104ac                z_impl_k_timer_start
 .text.z_impl_k_timer_stop
                0x000000004001053c       0x58 zephyr/kernel/libkernel.a(timer.c.obj)
                0x000000004001053c                z_impl_k_timer_stop
 .text.virt_region_free
                0x0000000040010594       0xac zephyr/kernel/libkernel.a(mmu.c.obj)
 .text.free_page_frame_list_put
                0x0000000040010640       0x3c zephyr/kernel/libkernel.a(mmu.c.obj)
 .text.virt_region_alloc
                0x000000004001067c      0x154 zephyr/kernel/libkernel.a(mmu.c.obj)
 .text.z_phys_map
                0x00000000400107d0       0xf4 zephyr/kernel/libkernel.a(mmu.c.obj)
                0x00000000400107d0                z_phys_map
 .text.z_mem_manage_init
                0x00000000400108c4       0xd0 zephyr/kernel/libkernel.a(mmu.c.obj)
                0x00000000400108c4                z_mem_manage_init
 .text.z_mem_manage_boot_finish
                0x0000000040010994        0x4 zephyr/kernel/libkernel.a(mmu.c.obj)
                0x0000000040010994                z_mem_manage_boot_finish
 .text.add_event
                0x0000000040010998       0xc8 zephyr/kernel/libkernel.a(poll.c.obj)
 .text.register_events
                0x0000000040010a60      0x1a0 zephyr/kernel/libkernel.a(poll.c.obj)
 .text.signal_poll_event
                0x0000000040010c00       0xfc zephyr/kernel/libkernel.a(poll.c.obj)
 .text.clear_event_registrations
                0x0000000040010cfc       0x7c zephyr/kernel/libkernel.a(poll.c.obj)
 .text.k_poll_event_init
                0x0000000040010d78       0x24 zephyr/kernel/libkernel.a(poll.c.obj)
                0x0000000040010d78                k_poll_event_init
 .text.z_impl_k_poll
                0x0000000040010d9c       0xd8 zephyr/kernel/libkernel.a(poll.c.obj)
                0x0000000040010d9c                z_impl_k_poll
 .text.z_handle_obj_poll_events
                0x0000000040010e74       0x28 zephyr/kernel/libkernel.a(poll.c.obj)
                0x0000000040010e74                z_handle_obj_poll_events
 .text.z_impl_k_poll_signal_init
                0x0000000040010e9c        0xc zephyr/kernel/libkernel.a(poll.c.obj)
                0x0000000040010e9c                z_impl_k_poll_signal_init
 .text.z_impl_k_poll_signal_reset
                0x0000000040010ea8        0x8 zephyr/kernel/libkernel.a(poll.c.obj)
                0x0000000040010ea8                z_impl_k_poll_signal_reset
 .text.z_impl_k_poll_signal_check
                0x0000000040010eb0       0x14 zephyr/kernel/libkernel.a(poll.c.obj)
                0x0000000040010eb0                z_impl_k_poll_signal_check
 .text.z_impl_k_poll_signal_raise
                0x0000000040010ec4       0x78 zephyr/kernel/libkernel.a(poll.c.obj)
                0x0000000040010ec4                z_impl_k_poll_signal_raise
 .text.boot_banner
                0x0000000040010f3c       0x1c zephyr/kernel/libkernel.a(banner.c.obj)
                0x0000000040010f3c                boot_banner
 .text.k_heap_init
                0x0000000040010f58        0xc zephyr/kernel/libkernel.a(kheap.c.obj)
                0x0000000040010f58                k_heap_init
 .text.statics_init
                0x0000000040010f64       0x48 zephyr/kernel/libkernel.a(kheap.c.obj)
 .text.k_sys_work_q_init
                0x0000000040010fac       0x44 zephyr/kernel/libkernel.a(system_work_q.c.obj)
 .text.flag_test_and_clear
                0x0000000040010ff0       0x24 zephyr/kernel/libkernel.a(work.c.obj)
 .text.notify_queue_locked.isra.0
                0x0000000040011014       0x18 zephyr/kernel/libkernel.a(work.c.obj)
 .text.work_queue_main
                0x000000004001102c      0x190 zephyr/kernel/libkernel.a(work.c.obj)
 .text.submit_to_queue_locked
                0x00000000400111bc      0x120 zephyr/kernel/libkernel.a(work.c.obj)
 .text.k_work_submit_to_queue
                0x00000000400112dc       0x54 zephyr/kernel/libkernel.a(work.c.obj)
                0x00000000400112dc                k_work_submit_to_queue
 .text.k_work_queue_start
                0x0000000040011330       0xa8 zephyr/kernel/libkernel.a(work.c.obj)
                0x0000000040011330                k_work_queue_start
 *(SORT_BY_ALIGNMENT(.gnu.linkonce.t.*))
 *(SORT_BY_ALIGNMENT(.glue_7t))
 *(SORT_BY_ALIGNMENT(.glue_7))
 *(SORT_BY_ALIGNMENT(.vfp11_veneer))
 *(SORT_BY_ALIGNMENT(.v4_bx))
                0x0000000040012000                . = ALIGN (_region_min_align)
 *fill*         0x00000000400113d8      0xc28 
                0x0000000040012000                __text_region_end = .
                0x0000000000012000                __text_region_size = (__text_region_end - __text_region_start)

.ARM.exidx      0x0000000040012000        0x0
                0x0000000040012000                __exidx_start = .
 *(SORT_BY_ALIGNMENT(.ARM.exidx*) SORT_BY_ALIGNMENT(gnu.linkonce.armexidx.*))
                0x0000000040012000                __exidx_end = .
                0x0000000040012000                __rodata_region_start = .

initlevel       0x0000000040012000       0xa0
                0x0000000040012000                __init_start = .
                0x0000000040012000                __init_PRE_KERNEL_1_start = .
 *(SORT_BY_NAME(SORT_BY_ALIGNMENT(.z_init_PRE_KERNEL_1[0-9]_*)))
 *(SORT_BY_NAME(SORT_BY_ALIGNMENT(.z_init_PRE_KERNEL_1[1-9][0-9]_*)))
 .z_init_PRE_KERNEL_130_
                0x0000000040012000       0x10 zephyr/kernel/libkernel.a(mem_slab.c.obj)
 .z_init_PRE_KERNEL_130_
                0x0000000040012010       0x10 zephyr/kernel/libkernel.a(kheap.c.obj)
 .z_init_PRE_KERNEL_140_
                0x0000000040012020       0x10 zephyr/drivers/interrupt_controller/libdrivers__interrupt_controller.a(intc_gicv3.c.obj)
 .z_init_PRE_KERNEL_150_
                0x0000000040012030       0x10 zephyr/drivers/serial/libdrivers__serial.a(uart_pl011.c.obj)
 .z_init_PRE_KERNEL_160_
                0x0000000040012040       0x10 zephyr/drivers/console/libdrivers__console.a(uart_console.c.obj)
                0x0000000040012050                __init_PRE_KERNEL_2_start = .
 *(SORT_BY_NAME(SORT_BY_ALIGNMENT(.z_init_PRE_KERNEL_2[0-9]_*)))
 .z_init_PRE_KERNEL_20_
                0x0000000040012050       0x10 zephyr/drivers/timer/libdrivers__timer.a(sys_clock_init.c.obj)
 *(SORT_BY_NAME(SORT_BY_ALIGNMENT(.z_init_PRE_KERNEL_2[1-9][0-9]_*)))
                0x0000000040012060                __init_POST_KERNEL_start = .
 *(SORT_BY_NAME(SORT_BY_ALIGNMENT(.z_init_POST_KERNEL[0-9]_*)))
 .z_init_POST_KERNEL0_
                0x0000000040012060       0x10 zephyr/libzephyr.a(log_core.c.obj)
 .z_init_POST_KERNEL0_
                0x0000000040012070       0x10 zephyr/libzephyr.a(shell_uart.c.obj)
 *(SORT_BY_NAME(SORT_BY_ALIGNMENT(.z_init_POST_KERNEL[1-9][0-9]_*)))
 .z_init_POST_KERNEL40_
                0x0000000040012080       0x10 zephyr/subsys/fs/libsubsys__fs.a(fs.c.obj)
 .z_init_POST_KERNEL40_
                0x0000000040012090       0x10 zephyr/kernel/libkernel.a(system_work_q.c.obj)
                0x00000000400120a0                __init_APPLICATION_start = .
 *(SORT_BY_NAME(SORT_BY_ALIGNMENT(.z_init_APPLICATION[0-9]_*)))
 *(SORT_BY_NAME(SORT_BY_ALIGNMENT(.z_init_APPLICATION[1-9][0-9]_*)))
                0x00000000400120a0                __init_SMP_start = .
 *(SORT_BY_NAME(SORT_BY_ALIGNMENT(.z_init_SMP[0-9]_*)))
 *(SORT_BY_NAME(SORT_BY_ALIGNMENT(.z_init_SMP[1-9][0-9]_*)))
                0x00000000400120a0                __init_end = .

devices         0x00000000400120a0       0x60
                0x00000000400120a0                __device_start = .
                0x00000000400120a0                __device_PRE_KERNEL_1_start = .
 *(SORT_BY_NAME(SORT_BY_ALIGNMENT(.z_device_PRE_KERNEL_1[0-9]_*)))
 *(SORT_BY_NAME(SORT_BY_ALIGNMENT(.z_device_PRE_KERNEL_1[1-9][0-9]_*)))
 .z_device_PRE_KERNEL_150_
                0x00000000400120a0       0x30 zephyr/drivers/serial/libdrivers__serial.a(uart_pl011.c.obj)
                0x00000000400120a0                __device_dts_ord_13
                0x00000000400120d0                __device_PRE_KERNEL_2_start = .
 *(SORT_BY_NAME(SORT_BY_ALIGNMENT(.z_device_PRE_KERNEL_2[0-9]_*)))
 .z_device_PRE_KERNEL_20_
                0x00000000400120d0       0x30 zephyr/drivers/timer/libdrivers__timer.a(sys_clock_init.c.obj)
 *(SORT_BY_NAME(SORT_BY_ALIGNMENT(.z_device_PRE_KERNEL_2[1-9][0-9]_*)))
                0x0000000040012100                __device_POST_KERNEL_start = .
 *(SORT_BY_NAME(SORT_BY_ALIGNMENT(.z_device_POST_KERNEL[0-9]_*)))
 *(SORT_BY_NAME(SORT_BY_ALIGNMENT(.z_device_POST_KERNEL[1-9][0-9]_*)))
                0x0000000040012100                __device_APPLICATION_start = .
 *(SORT_BY_NAME(SORT_BY_ALIGNMENT(.z_device_APPLICATION[0-9]_*)))
 *(SORT_BY_NAME(SORT_BY_ALIGNMENT(.z_device_APPLICATION[1-9][0-9]_*)))
                0x0000000040012100                __device_SMP_start = .
 *(SORT_BY_NAME(SORT_BY_ALIGNMENT(.z_device_SMP[0-9]_*)))
 *(SORT_BY_NAME(SORT_BY_ALIGNMENT(.z_device_SMP[1-9][0-9]_*)))
                0x0000000040012100                __device_end = .

sw_isr_table    0x0000000040012100      0xdc0
                0x0000000040012100                . = ALIGN (0x0)
 *(SORT_BY_ALIGNMENT(.gnu.linkonce.sw_isr_table*))
 .gnu.linkonce.sw_isr_table
                0x0000000040012100      0xdc0 zephyr/CMakeFiles/zephyr_final.dir/isr_tables.c.obj
                0x0000000040012100                _sw_isr_table

initlevel_error
                0x0000000040012000        0x0
 *(SORT_BY_NAME(SORT_BY_ALIGNMENT(.z_init_[_A-Z0-9]*)))
                0x0000000000000001                ASSERT ((SIZEOF (initlevel_error) == 0x0), Undefined initialization levels used.)

app_shmem_regions
                0x0000000040012ec0        0x0
                0x0000000040012ec0                __app_shmem_regions_start = .
 *(SORT_BY_NAME(SORT_BY_ALIGNMENT(.app_regions.*)))
                0x0000000040012ec0                __app_shmem_regions_end = .

bt_l2cap_fixed_chan_area
                0x0000000040012ec0        0x0
                0x0000000040012ec0                _bt_l2cap_fixed_chan_list_start = .
 *(SORT_BY_NAME(SORT_BY_ALIGNMENT(._bt_l2cap_fixed_chan.static.*)))
                0x0000000040012ec0                _bt_l2cap_fixed_chan_list_end = .

bt_gatt_service_static_area
                0x0000000040012ec0        0x0
                0x0000000040012ec0                _bt_gatt_service_static_list_start = .
 *(SORT_BY_NAME(SORT_BY_ALIGNMENT(._bt_gatt_service_static.static.*)))
                0x0000000040012ec0                _bt_gatt_service_static_list_end = .

k_p4wq_initparam_area
                0x0000000040012ec0        0x0
                0x0000000040012ec0                _k_p4wq_initparam_list_start = .
 *(SORT_BY_NAME(SORT_BY_ALIGNMENT(._k_p4wq_initparam.static.*)))
                0x0000000040012ec0                _k_p4wq_initparam_list_end = .

log_strings_sections
                0x0000000040012ec0        0x0
                0x0000000040012ec0                __log_strings_start = .
 *(SORT_BY_NAME(SORT_BY_ALIGNMENT(.log_strings*)))
                0x0000000040012ec0                __log_strings_end = .

log_const_sections
                0x0000000040012ec0       0x60
                0x0000000040012ec0                __log_const_start = .
 *(SORT_BY_NAME(SORT_BY_ALIGNMENT(.log_const_*)))
 .log_const_app
                0x0000000040012ec0       0x10 app/libapp.a(main.c.obj)
                0x0000000040012ec0                log_const_app
 .log_const_fs  0x0000000040012ed0       0x10 zephyr/subsys/fs/libsubsys__fs.a(fs.c.obj)
                0x0000000040012ed0                log_const_fs
 .log_const_log
                0x0000000040012ee0       0x10 zephyr/libzephyr.a(log_core.c.obj)
                0x0000000040012ee0                log_const_log
 .log_const_os  0x0000000040012ef0       0x10 zephyr/kernel/libkernel.a(init.c.obj)
                0x0000000040012ef0                log_const_os
 .log_const_shell_shell_uart
                0x0000000040012f00       0x10 zephyr/libzephyr.a(shell_uart.c.obj)
                0x0000000040012f00                log_const_shell_shell_uart
 .log_const_shell_uart
                0x0000000040012f10       0x10 zephyr/libzephyr.a(shell_uart.c.obj)
                0x0000000040012f10                log_const_shell_uart
                0x0000000040012f20                __log_const_end = .

log_backends_sections
                0x0000000040012f20       0x20
                0x0000000040012f20                __log_backends_start = .
 *(SORT_BY_ALIGNMENT(._log_backend.*))