Archive member included to satisfy reference by file (symbol)

app/libapp.a(main.c.obj)      (--whole-archive)
zephyr/libzephyr.a(cbprintf.c.obj)
                              (--whole-archive)
zephyr/libzephyr.a(cbprintf_packaged.c.obj)
                              (--whole-archive)
zephyr/libzephyr.a(crc32c_sw.c.obj)
                              (--whole-archive)
zephyr/libzephyr.a(crc32_sw.c.obj)
                              (--whole-archive)
zephyr/libzephyr.a(crc16_sw.c.obj)
                              (--whole-archive)
zephyr/libzephyr.a(crc8_sw.c.obj)
                              (--whole-archive)
zephyr/libzephyr.a(crc7_sw.c.obj)
                              (--whole-archive)
zephyr/libzephyr.a(dec.c.obj)
                              (--whole-archive)
zephyr/libzephyr.a(fdtable.c.obj)
                              (--whole-archive)
zephyr/libzephyr.a(hex.c.obj)
                              (--whole-archive)
zephyr/libzephyr.a(notify.c.obj)
                              (--whole-archive)
zephyr/libzephyr.a(printk.c.obj)
                              (--whole-archive)
zephyr/libzephyr.a(onoff.c.obj)
                              (--whole-archive)
zephyr/libzephyr.a(rb.c.obj)  (--whole-archive)
zephyr/libzephyr.a(sem.c.obj)
                              (--whole-archive)
zephyr/libzephyr.a(thread_entry.c.obj)
                              (--whole-archive)
zephyr/libzephyr.a(timeutil.c.obj)
                              (--whole-archive)
zephyr/libzephyr.a(heap.c.obj)
                              (--whole-archive)
zephyr/libzephyr.a(heap-validate.c.obj)
                              (--whole-archive)
zephyr/libzephyr.a(bitarray.c.obj)
                              (--whole-archive)
zephyr/libzephyr.a(multi_heap.c.obj)
                              (--whole-archive)
zephyr/libzephyr.a(cbprintf_complete.c.obj)
                              (--whole-archive)
zephyr/libzephyr.a(configs.c.obj)
                              (--whole-archive)
zephyr/libzephyr.a(mmu_regions.c.obj)
                              (--whole-archive)
zephyr/libzephyr.a(plat_core.c.obj)
                              (--whole-archive)
zephyr/libzephyr.a(tracing_none.c.obj)
                              (--whole-archive)
zephyr/arch/common/libarch__common.a(sw_isr_common.c.obj)
                              (--whole-archive)
zephyr/arch/arch/arm64/core/libarch__arm64__core.a(cpu_idle.S.obj)
                              (--whole-archive)
zephyr/arch/arch/arm64/core/libarch__arm64__core.a(fatal.c.obj)
                              (--whole-archive)
zephyr/arch/arch/arm64/core/libarch__arm64__core.a(irq_init.c.obj)
                              (--whole-archive)
zephyr/arch/arch/arm64/core/libarch__arm64__core.a(irq_manage.c.obj)
                              (--whole-archive)
zephyr/arch/arch/arm64/core/libarch__arm64__core.a(prep_c.c.obj)
                              (--whole-archive)
zephyr/arch/arch/arm64/core/libarch__arm64__core.a(reset.S.obj)
                              (--whole-archive)
zephyr/arch/arch/arm64/core/libarch__arm64__core.a(reset.c.obj)
                              (--whole-archive)
zephyr/arch/arch/arm64/core/libarch__arm64__core.a(switch.S.obj)
                              (--whole-archive)
zephyr/arch/arch/arm64/core/libarch__arm64__core.a(thread.c.obj)
                              (--whole-archive)
zephyr/arch/arch/arm64/core/libarch__arm64__core.a(vector_table.S.obj)
                              (--whole-archive)
zephyr/arch/arch/arm64/core/libarch__arm64__core.a(fpu.c.obj)
                              (--whole-archive)
zephyr/arch/arch/arm64/core/libarch__arm64__core.a(fpu.S.obj)
                              (--whole-archive)
zephyr/arch/arch/arm64/core/libarch__arm64__core.a(mmu.c.obj)
                              (--whole-archive)
zephyr/arch/arch/arm64/core/libarch__arm64__core.a(mmu.S.obj)
                              (--whole-archive)
zephyr/arch/arch/arm64/core/libarch__arm64__core.a(isr_wrapper.S.obj)
                              (--whole-archive)
zephyr/arch/arch/arm64/core/libarch__arm64__core.a(smccc-call.S.obj)
                              (--whole-archive)
zephyr/arch/arch/arm64/core/libarch__arm64__core.a(header.S.obj)
                              (--whole-archive)
zephyr/arch/arch/arm64/core/libarch__arm64__core.a(cache.c.obj)
                              (--whole-archive)
zephyr/lib/libc/minimal/liblib__libc__minimal.a(abort.c.obj)
                              (--whole-archive)
zephyr/lib/libc/minimal/liblib__libc__minimal.a(atoi.c.obj)
                              (--whole-archive)
zephyr/lib/libc/minimal/liblib__libc__minimal.a(strtol.c.obj)
                              (--whole-archive)
zephyr/lib/libc/minimal/liblib__libc__minimal.a(strtoul.c.obj)
                              (--whole-archive)
zephyr/lib/libc/minimal/liblib__libc__minimal.a(malloc.c.obj)
                              (--whole-archive)
zephyr/lib/libc/minimal/liblib__libc__minimal.a(bsearch.c.obj)
[...]
Memory Configuration

Name             Origin             Length             Attributes
FLASH            0x0000000000000000 0x0000000004000000 xr
SRAM             0x0000000040000000 0x0000000008000000 xw
IDT_LIST         0x00000000fffff7ff 0x0000000000000800 xw
*default*        0x0000000000000000 0xffffffffffffffff

Linker script and memory map

LOAD zephyr/CMakeFiles/zephyr_pre0.dir/misc/empty_file.c.obj
LOAD zephyr/CMakeFiles/offsets.dir/./arch/arm64/core/offsets/offsets.c.obj
                0x0000000000001000                _region_min_align = 0x1000

.rel.plt        0x0000000000000000        0x0
 *(SORT_BY_ALIGNMENT(.rel.plt))
                [!provide]                        PROVIDE (__rel_iplt_start = .)
 *(SORT_BY_ALIGNMENT(.rel.iplt))
                [!provide]                        PROVIDE (__rel_iplt_end = .)

.rela.plt       0x0000000000000000        0x0
 *(SORT_BY_ALIGNMENT(.rela.plt))
                [!provide]                        PROVIDE (__rela_iplt_start = .)
 *(SORT_BY_ALIGNMENT(.rela.iplt))
 .rela.iplt     0x0000000000000000        0x0 app/libapp.a(main.c.obj)
                [!provide]                        PROVIDE (__rela_iplt_end = .)

.rel.dyn
 *(SORT_BY_ALIGNMENT(.rel.*))

.rela.dyn       0x0000000000000000        0x0
 *(SORT_BY_ALIGNMENT(.rela.*))
 .rela.data._char_out
                0x0000000000000000        0x0 app/libapp.a(main.c.obj)
 .rela.text.z_arm64_prep_c
                0x0000000000000000        0x0 app/libapp.a(main.c.obj)
 .rela.rodata.mmu_zephyr_ranges
                0x0000000000000000        0x0 app/libapp.a(main.c.obj)
 .rela.image_header._image_header_section
                0x0000000000000000        0x0 app/libapp.a(main.c.obj)
 .rela.z_device_PRE_KERNEL_150_
                0x0000000000000000        0x0 app/libapp.a(main.c.obj)
 .rela.z_device_PRE_KERNEL_20_
                0x0000000000000000        0x0 app/libapp.a(main.c.obj)
 .rela.rodata.levels.0
                0x0000000000000000        0x0 app/libapp.a(main.c.obj)
 .rela.text.z_init_static_threads
                0x0000000000000000        0x0 app/libapp.a(main.c.obj)
 .rela.text.z_mem_manage_init
                0x0000000000000000        0x0 app/libapp.a(main.c.obj)

/DISCARD/
 *(SORT_BY_ALIGNMENT(.plt))
 *(SORT_BY_ALIGNMENT(.iplt))
 *(SORT_BY_ALIGNMENT(.got.plt))
 *(SORT_BY_ALIGNMENT(.igot.plt))
 *(SORT_BY_ALIGNMENT(.got))
 *(SORT_BY_ALIGNMENT(.igot))
 *(SORT_BY_ALIGNMENT(.note.GNU-stack))
                0x0000000000000000                __rom_region_start = 0x0

text            0x0000000040000000     0x5000
                0x0000000040000000                __text_region_start = .
                0x0000000040000000                z_mapped_start = .
 *(SORT_BY_ALIGNMENT(.image_header))
 *(SORT_BY_ALIGNMENT(.image_header.*))
 .image_header._image_header_section
                0x0000000040000000       0x40 zephyr/arch/arch/arm64/core/libarch__arm64__core.a(header.S.obj)
                0x0000000040000040                _vector_start = .
 *(SORT_BY_ALIGNMENT(.exc_vector_table))
 *(SORT_BY_ALIGNMENT(.exc_vector_table.*))
 *fill*         0x0000000040000040      0x7c0 
 .exc_vector_table._vector_table_section
                0x0000000040000800      0x784 zephyr/arch/arch/arm64/core/libarch__arm64__core.a(vector_table.S.obj)
                0x0000000040000800                _vector_table
 *(SORT_BY_ALIGNMENT(.vectors))
                0x0000000040000f84                _vector_end = .
 *(SORT_BY_ALIGNMENT(.text))
 *(SORT_BY_ALIGNMENT(.text.*))
 *fill*         0x0000000040000f84        0x4 
 .text._reset_section
                0x0000000040000f88       0xf8 zephyr/arch/arch/arm64/core/libarch__arm64__core.a(reset.S.obj)
                0x0000000040000f88                __reset_prep_c
                0x0000000040000ffc                __reset
                0x0000000040000ffc                __start
 .text._isr_wrapper
                0x0000000040001080       0xa0 zephyr/arch/arch/arm64/core/libarch__arm64__core.a(isr_wrapper.S.obj)
                0x0000000040001080                _isr_wrapper
 .text._OffsetAbsSyms
                0x0000000040001120        0x4 zephyr/CMakeFiles/offsets.dir/./arch/arm64/core/offsets/offsets.c.obj
                0x0000000040001120                _OffsetAbsSyms
 .text.main     0x0000000040001124       0x20 app/libapp.a(main.c.obj)
                0x0000000040001124                main
 .text.arch_printk_char_out
                0x0000000040001144        0x8 zephyr/libzephyr.a(printk.c.obj)
                0x0000000040001144                arch_printk_char_out
 .text.char_out
                0x000000004000114c       0x1c zephyr/libzephyr.a(printk.c.obj)
 .text.__printk_hook_install
                0x0000000040001168        0xc zephyr/libzephyr.a(printk.c.obj)
                0x0000000040001168                __printk_hook_install
 .text.vprintk  0x0000000040001174       0x3c zephyr/libzephyr.a(printk.c.obj)
                0x0000000040001174                vprintk
 .text.printk   0x00000000400011b0       0x78 zephyr/libzephyr.a(printk.c.obj)
                0x00000000400011b0                printk
 .text.z_thread_entry
                0x0000000040001228       0x24 zephyr/libzephyr.a(thread_entry.c.obj)
                0x0000000040001228                z_thread_entry
 .text._get_digit
                0x000000004000124c       0x40 zephyr/libzephyr.a(cbprintf_complete.c.obj)
 .text.encode_uint
                0x000000004000128c       0xc4 zephyr/libzephyr.a(cbprintf_complete.c.obj)
 .text.outs     0x0000000040001350       0x70 zephyr/libzephyr.a(cbprintf_complete.c.obj)
 .text.cbvprintf
                0x00000000400013c0     0x1200 zephyr/libzephyr.a(cbprintf_complete.c.obj)
                0x00000000400013c0                cbvprintf
 .text._ConfigAbsSyms
                0x00000000400025c0        0x4 zephyr/libzephyr.a(configs.c.obj)
                0x00000000400025c0                _ConfigAbsSyms
 .text.z_arm64_el3_plat_init
                0x00000000400025c4        0xc zephyr/libzephyr.a(plat_core.c.obj)
                0x00000000400025c4                z_arm64_el3_plat_init
 .text.arch_cpu_idle
                0x00000000400025d0       0x10 zephyr/arch/arch/arm64/core/libarch__arm64__core.a(cpu_idle.S.obj)
                0x00000000400025d0                arch_cpu_idle
 .text.z_arm64_fatal_error
                0x00000000400025e0       0x4c zephyr/arch/arch/arm64/core/libarch__arm64__core.a(fatal.c.obj)
                0x00000000400025e0                z_arm64_fatal_error
 .text.z_arm64_do_kernel_oops
                0x000000004000262c       0x14 zephyr/arch/arch/arm64/core/libarch__arm64__core.a(fatal.c.obj)
                0x000000004000262c                z_arm64_do_kernel_oops
 .text.z_arm64_interrupt_init
                0x0000000040002640        0x4 zephyr/arch/arch/arm64/core/libarch__arm64__core.a(irq_init.c.obj)
                0x0000000040002640                z_arm64_interrupt_init
 .text.arch_irq_enable
                0x0000000040002644        0x4 zephyr/arch/arch/arm64/core/libarch__arm64__core.a(irq_manage.c.obj)
                0x0000000040002644                arch_irq_enable
 .text.z_arm64_irq_priority_set
                0x0000000040002648        0x4 zephyr/arch/arch/arm64/core/libarch__arm64__core.a(irq_manage.c.obj)
                0x0000000040002648                z_arm64_irq_priority_set
 .text.z_irq_spurious
                0x000000004000264c        0xc zephyr/arch/arch/arm64/core/libarch__arm64__core.a(irq_manage.c.obj)
                0x000000004000264c                z_irq_spurious
 .text.z_arm64_prep_c
                0x0000000040002658       0x44 zephyr/arch/arch/arm64/core/libarch__arm64__core.a(prep_c.c.obj)
                0x0000000040002658                z_arm64_prep_c
 .text.z_arm64_el3_plat_prep_c
                0x000000004000269c        0x4 zephyr/arch/arch/arm64/core/libarch__arm64__core.a(reset.S.obj)
                0x000000004000269c                z_arm64_el3_plat_prep_c
 .text.z_arm64_el2_plat_prep_c
                0x00000000400026a0        0x4 zephyr/arch/arch/arm64/core/libarch__arm64__core.a(reset.S.obj)
                0x00000000400026a0                z_arm64_el2_plat_prep_c
 .text.z_arm64_el1_plat_prep_c
                0x00000000400026a4        0x4 zephyr/arch/arch/arm64/core/libarch__arm64__core.a(reset.S.obj)
                0x00000000400026a4                z_arm64_el1_plat_prep_c
 .text.el3_get_next_el
                0x00000000400026a8       0x28 zephyr/arch/arch/arm64/core/libarch__arm64__core.a(reset.c.obj)
 .text.z_arm64_el_highest_plat_init
                0x00000000400026d0        0x4 zephyr/arch/arch/arm64/core/libarch__arm64__core.a(reset.c.obj)
                0x00000000400026d0                z_arm64_el_highest_plat_init
 .text.z_arm64_el2_plat_init
                0x00000000400026d4        0x4 zephyr/arch/arch/arm64/core/libarch__arm64__core.a(reset.c.obj)
                0x00000000400026d4                z_arm64_el2_plat_init
 .text.z_arm64_el1_plat_init
                0x00000000400026d8        0x4 zephyr/arch/arch/arm64/core/libarch__arm64__core.a(reset.c.obj)
                0x00000000400026d8                z_arm64_el1_plat_init
 .text.z_arm64_el_highest_init
                0x00000000400026dc       0x48 zephyr/arch/arch/arm64/core/libarch__arm64__core.a(reset.c.obj)
                0x00000000400026dc                z_arm64_el_highest_init
 .text.z_arm64_el2_init
                0x0000000040002724       0x4c zephyr/arch/arch/arm64/core/libarch__arm64__core.a(reset.c.obj)
                0x0000000040002724                z_arm64_el2_init
 .text.z_arm64_el3_init
                0x0000000040002770       0x58 zephyr/arch/arch/arm64/core/libarch__arm64__core.a(reset.c.obj)
                0x0000000040002770                z_arm64_el3_init
 .text.z_arm64_el1_init
                0x00000000400027c8       0x4c zephyr/arch/arch/arm64/core/libarch__arm64__core.a(reset.c.obj)
                0x00000000400027c8                z_arm64_el1_init
 .text.z_arm64_el3_get_next_el
                0x0000000040002814       0x2c zephyr/arch/arch/arm64/core/libarch__arm64__core.a(reset.c.obj)
                0x0000000040002814                z_arm64_el3_get_next_el
 .text.z_arm64_context_switch
                0x0000000040002840       0x68 zephyr/arch/arch/arm64/core/libarch__arm64__core.a(switch.S.obj)
                0x0000000040002840                z_arm64_context_switch
 .text.z_arm64_sync_exc
                0x00000000400028a8       0x64 zephyr/arch/arch/arm64/core/libarch__arm64__core.a(switch.S.obj)
                0x00000000400028a8                z_arm64_sync_exc
 .text.z_arm64_call_svc
                0x000000004000290c        0x8 zephyr/arch/arch/arm64/core/libarch__arm64__core.a(switch.S.obj)
                0x000000004000290c                z_arm64_call_svc
 .text.arch_new_thread
                0x0000000040002914       0x34 zephyr/arch/arch/arm64/core/libarch__arm64__core.a(thread.c.obj)
                0x0000000040002914                arch_new_thread
 .text.z_arch_get_next_switch_handle
                0x0000000040002948       0x14 zephyr/arch/arch/arm64/core/libarch__arm64__core.a(thread.c.obj)
                0x0000000040002948                z_arch_get_next_switch_handle
 .text.z_arm64_serror
                0x000000004000295c       0x10 zephyr/arch/arch/arm64/core/libarch__arm64__core.a(vector_table.S.obj)
                0x000000004000295c                z_arm64_serror
 .text.z_arm64_exit_exc
                0x000000004000296c       0x5c zephyr/arch/arch/arm64/core/libarch__arm64__core.a(vector_table.S.obj)
                0x000000004000296c                z_arm64_exit_exc
                0x0000000040002970                z_arm64_exit_exc_fpu_done
 .text.z_arm64_fpu_enter_exc
                0x00000000400029c8       0x14 zephyr/arch/arch/arm64/core/libarch__arm64__core.a(fpu.c.obj)
                0x00000000400029c8                z_arm64_fpu_enter_exc
 .text.z_arm64_fpu_trap
                0x00000000400029dc       0xe4 zephyr/arch/arch/arm64/core/libarch__arm64__core.a(fpu.c.obj)
                0x00000000400029dc                z_arm64_fpu_trap
 .text.z_arm64_fpu_exit_exc
                0x0000000040002ac0       0x40 zephyr/arch/arch/arm64/core/libarch__arm64__core.a(fpu.c.obj)
                0x0000000040002ac0                z_arm64_fpu_exit_exc
 .text.z_arm64_fpu_save
                0x0000000040002b00       0x54 zephyr/arch/arch/arm64/core/libarch__arm64__core.a(fpu.S.obj)
                0x0000000040002b00                z_arm64_fpu_save
 .text.z_arm64_fpu_restore
                0x0000000040002b54       0x54 zephyr/arch/arch/arm64/core/libarch__arm64__core.a(fpu.S.obj)
                0x0000000040002b54                z_arm64_fpu_restore
 .text.new_table
                0x0000000040002ba8       0x48 zephyr/arch/arch/arm64/core/libarch__arm64__core.a(mmu.c.obj)
 .text.table_usage
                0x0000000040002bf0       0x38 zephyr/arch/arch/arm64/core/libarch__arm64__core.a(mmu.c.obj)
 .text.set_mapping.constprop.0
                0x0000000040002c28      0x238 zephyr/arch/arch/arm64/core/libarch__arm64__core.a(mmu.c.obj)
 .text.__add_map.constprop.0
                0x0000000040002e60       0xb4 zephyr/arch/arch/arm64/core/libarch__arm64__core.a(mmu.c.obj)
 .text.z_arm64_mm_init
                0x0000000040002f14      0x114 zephyr/arch/arch/arm64/core/libarch__arm64__core.a(mmu.c.obj)
                0x0000000040002f14                z_arm64_mm_init
 .text.arch_dcache_all
                0x0000000040003028       0xec zephyr/arch/arch/arm64/core/libarch__arm64__core.a(cache.c.obj)
                0x0000000040003028                arch_dcache_all
 .text.strlen   0x0000000040003114       0x1c zephyr/lib/libc/minimal/liblib__libc__minimal.a(string.c.obj)
                0x0000000040003114                strlen
 .text.strnlen  0x0000000040003130       0x24 zephyr/lib/libc/minimal/liblib__libc__minimal.a(string.c.obj)
                0x0000000040003130                strnlen
 .text._stdout_hook_default
                0x0000000040003154        0x8 zephyr/lib/libc/minimal/liblib__libc__minimal.a(stdout_console.c.obj)
 .text.__stdout_hook_install
                0x000000004000315c        0xc zephyr/lib/libc/minimal/liblib__libc__minimal.a(stdout_console.c.obj)
                0x000000004000315c                __stdout_hook_install
 .text.gic_get_rdist
                0x0000000040003168       0x1c zephyr/drivers/interrupt_controller/libdrivers__interrupt_controller.a(intc_gicv3.c.obj)
 .text.gic_wait_rwp.isra.0
                0x0000000040003184       0x4c zephyr/drivers/interrupt_controller/libdrivers__interrupt_controller.a(intc_gicv3.c.obj)
 .text.arm_gic_init
                0x00000000400031d0      0x244 zephyr/drivers/interrupt_controller/libdrivers__interrupt_controller.a(intc_gicv3.c.obj)
                0x00000000400031d0                arm_gic_init
 .text.arm_gic_irq_set_priority
                0x0000000040003414       0xbc zephyr/drivers/interrupt_controller/libdrivers__interrupt_controller.a(intc_gicv3.c.obj)
                0x0000000040003414                arm_gic_irq_set_priority
 .text.arm_gic_irq_enable
                0x00000000400034d0       0x60 zephyr/drivers/interrupt_controller/libdrivers__interrupt_controller.a(intc_gicv3.c.obj)
                0x00000000400034d0                arm_gic_irq_enable
 .text.arm_gic_get_active
                0x0000000040003530        0x8 zephyr/drivers/interrupt_controller/libdrivers__interrupt_controller.a(intc_gicv3.c.obj)
                0x0000000040003530                arm_gic_get_active
 .text.arm_gic_eoi
                0x0000000040003538        0xc zephyr/drivers/interrupt_controller/libdrivers__interrupt_controller.a(intc_gicv3.c.obj)
                0x0000000040003538                arm_gic_eoi
 .text.uart_console_init
                0x0000000040003544       0x58 zephyr/drivers/console/libdrivers__console.a(uart_console.c.obj)
 .text.console_out
                0x000000004000359c       0x54 zephyr/drivers/console/libdrivers__console.a(uart_console.c.obj)
 .text.pl011_poll_in
                0x00000000400035f0       0x50 zephyr/drivers/serial/libdrivers__serial.a(uart_pl011.c.obj)
 .text.pl011_poll_out
                0x0000000040003640       0x1c zephyr/drivers/serial/libdrivers__serial.a(uart_pl011.c.obj)
 .text.pl011_fifo_fill
                0x000000004000365c       0x3c zephyr/drivers/serial/libdrivers__serial.a(uart_pl011.c.obj)
 .text.pl011_fifo_read
                0x0000000040003698       0x40 zephyr/drivers/serial/libdrivers__serial.a(uart_pl011.c.obj)
 .text.pl011_irq_tx_enable
                0x00000000400036d8       0x18 zephyr/drivers/serial/libdrivers__serial.a(uart_pl011.c.obj)
 .text.pl011_irq_tx_disable
                0x00000000400036f0       0x18 zephyr/drivers/serial/libdrivers__serial.a(uart_pl011.c.obj)
 .text.pl011_irq_tx_complete
                0x0000000040003708       0x14 zephyr/drivers/serial/libdrivers__serial.a(uart_pl011.c.obj)
 .text.pl011_irq_rx_enable
                0x000000004000371c       0x1c zephyr/drivers/serial/libdrivers__serial.a(uart_pl011.c.obj)
 .text.pl011_irq_rx_disable
                0x0000000040003738       0x1c zephyr/drivers/serial/libdrivers__serial.a(uart_pl011.c.obj)
 .text.pl011_irq_rx_ready
                0x0000000040003754       0x3c zephyr/drivers/serial/libdrivers__serial.a(uart_pl011.c.obj)
 .text.pl011_irq_err_enable
                0x0000000040003790       0x18 zephyr/drivers/serial/libdrivers__serial.a(uart_pl011.c.obj)
 .text.pl011_irq_err_disable
                0x00000000400037a8       0x18 zephyr/drivers/serial/libdrivers__serial.a(uart_pl011.c.obj)
 .text.pl011_irq_update
                0x00000000400037c0        0x8 zephyr/drivers/serial/libdrivers__serial.a(uart_pl011.c.obj)
 .text.pl011_irq_callback_set
                0x00000000400037c8        0xc zephyr/drivers/serial/libdrivers__serial.a(uart_pl011.c.obj)
 .text.pl011_isr
                0x00000000400037d4       0x1c zephyr/drivers/serial/libdrivers__serial.a(uart_pl011.c.obj)
                0x00000000400037d4                pl011_isr
 .text.pl011_irq_config_func_0
                0x00000000400037f0       0x24 zephyr/drivers/serial/libdrivers__serial.a(uart_pl011.c.obj)
 .text.pl011_irq_tx_ready
                0x0000000040003814       0x48 zephyr/drivers/serial/libdrivers__serial.a(uart_pl011.c.obj)
 .text.pl011_irq_is_pending
                0x000000004000385c       0x34 zephyr/drivers/serial/libdrivers__serial.a(uart_pl011.c.obj)
 .text.pl011_init
                0x0000000040003890      0x13c zephyr/drivers/serial/libdrivers__serial.a(uart_pl011.c.obj)
 .text.arm_arch_timer_compare_isr
                0x00000000400039cc       0x48 zephyr/drivers/timer/libdrivers__timer.a(arm_arch_timer.c.obj)
 .text.sys_clock_driver_init
                0x0000000040003a14       0x54 zephyr/drivers/timer/libdrivers__timer.a(arm_arch_timer.c.obj)
                0x0000000040003a14                sys_clock_driver_init
 .text.sys_clock_set_timeout
                0x0000000040003a68       0x98 zephyr/drivers/timer/libdrivers__timer.a(arm_arch_timer.c.obj)
                0x0000000040003a68                sys_clock_set_timeout
 .text.sys_clock_elapsed
                0x0000000040003b00       0x30 zephyr/drivers/timer/libdrivers__timer.a(arm_arch_timer.c.obj)
                0x0000000040003b00                sys_clock_elapsed
 .text.z_device_state_init
                0x0000000040003b30        0x4 zephyr/kernel/libkernel.a(device.c.obj)
                0x0000000040003b30                z_device_state_init
 .text.z_sys_init_run_level
                0x0000000040003b34       0x80 zephyr/kernel/libkernel.a(device.c.obj)
                0x0000000040003b34                z_sys_init_run_level
 .text.z_device_ready
                0x0000000040003bb4       0x24 zephyr/kernel/libkernel.a(device.c.obj)
                0x0000000040003bb4                z_device_ready
 .text.arch_system_halt
                0x0000000040003bd8        0xc zephyr/kernel/libkernel.a(fatal.c.obj)
                0x0000000040003bd8                arch_system_halt
 .text.k_sys_fatal_error_handler
                0x0000000040003be4        0xc zephyr/kernel/libkernel.a(fatal.c.obj)
                0x0000000040003be4                k_sys_fatal_error_handler
 .text.z_fatal_error
                0x0000000040003bf0       0x50 zephyr/kernel/libkernel.a(fatal.c.obj)
                0x0000000040003bf0                z_fatal_error
 .text.init_idle_thread
                0x0000000040003c40       0x90 zephyr/kernel/libkernel.a(init.c.obj)
 .text.bg_thread_main
                0x0000000040003cd0       0x54 zephyr/kernel/libkernel.a(init.c.obj)
 .text.z_cstart
                0x0000000040003d24      0x110 zephyr/kernel/libkernel.a(init.c.obj)
                0x0000000040003d24                z_cstart
 .text.z_setup_new_thread
                0x0000000040003e34       0x70 zephyr/kernel/libkernel.a(thread.c.obj)
                0x0000000040003e34                z_setup_new_thread
 .text.z_init_static_threads
                0x0000000040003ea4       0xdc zephyr/kernel/libkernel.a(thread.c.obj)
                0x0000000040003ea4                z_init_static_threads
 .text.idle     0x0000000040003f80       0x18 zephyr/kernel/libkernel.a(idle.c.obj)
                0x0000000040003f80                idle
 .text.sys_dlist_remove
                0x0000000040003f98       0x14 zephyr/kernel/libkernel.a(sched.c.obj)
 .text.unpend_thread_no_timeout
                0x0000000040003fac       0x28 zephyr/kernel/libkernel.a(sched.c.obj)
 .text.z_reset_time_slice
                0x0000000040003fd4       0x4c zephyr/kernel/libkernel.a(sched.c.obj)
                0x0000000040003fd4                z_reset_time_slice
 .text.z_swap_irqlock
                0x0000000040004020       0x6c zephyr/kernel/libkernel.a(sched.c.obj)
 .text.z_swap   0x000000004000408c       0x7c zephyr/kernel/libkernel.a(sched.c.obj)
 .text.k_sched_time_slice_set
                0x0000000040004108       0x88 zephyr/kernel/libkernel.a(sched.c.obj)
                0x0000000040004108                k_sched_time_slice_set
 .text.z_reschedule
                0x0000000040004190       0x3c zephyr/kernel/libkernel.a(sched.c.obj)
                0x0000000040004190                z_reschedule
 .text.z_reschedule_irqlock
                0x00000000400041cc       0x24 zephyr/kernel/libkernel.a(sched.c.obj)
                0x00000000400041cc                z_reschedule_irqlock
 .text.z_reschedule_unlocked
                0x00000000400041f0        0xc zephyr/kernel/libkernel.a(sched.c.obj)
 .text.k_sched_lock
                0x00000000400041fc       0x28 zephyr/kernel/libkernel.a(sched.c.obj)
                0x00000000400041fc                k_sched_lock
 .text.z_swap_next_thread
                0x0000000040004224        0xc zephyr/kernel/libkernel.a(sched.c.obj)
                0x0000000040004224                z_swap_next_thread
 .text.z_get_next_switch_handle
                0x0000000040004230       0x20 zephyr/kernel/libkernel.a(sched.c.obj)
                0x0000000040004230                z_get_next_switch_handle
 .text.z_priq_dumb_best
                0x0000000040004250       0x10 zephyr/kernel/libkernel.a(sched.c.obj)
                0x0000000040004250                z_priq_dumb_best
 .text.update_cache
                0x0000000040004260       0x78 zephyr/kernel/libkernel.a(sched.c.obj)
 .text.move_thread_to_end_of_prio_q
                0x00000000400042d8       0xb0 zephyr/kernel/libkernel.a(sched.c.obj)
 .text.z_time_slice
                0x0000000040004388       0xa8 zephyr/kernel/libkernel.a(sched.c.obj)
                0x0000000040004388                z_time_slice
 .text.ready_thread
                0x0000000040004430       0x9c zephyr/kernel/libkernel.a(sched.c.obj)
 .text.z_ready_thread
                0x00000000400044cc       0x2c zephyr/kernel/libkernel.a(sched.c.obj)
                0x00000000400044cc                z_ready_thread
 .text.z_sched_start
                0x00000000400044f8       0x54 zephyr/kernel/libkernel.a(sched.c.obj)
                0x00000000400044f8                z_sched_start
 .text.z_thread_timeout
                0x000000004000454c       0x64 zephyr/kernel/libkernel.a(sched.c.obj)
                0x000000004000454c                z_thread_timeout
 .text.k_sched_unlock
                0x00000000400045b0       0x44 zephyr/kernel/libkernel.a(sched.c.obj)
                0x00000000400045b0                k_sched_unlock
 .text.z_sched_init
                0x00000000400045f4       0x20 zephyr/kernel/libkernel.a(sched.c.obj)
                0x00000000400045f4                z_sched_init
 .text.z_impl_z_current_get
                0x0000000040004614        0xc zephyr/kernel/libkernel.a(sched.c.obj)
                0x0000000040004614                z_impl_z_current_get
 .text.z_thread_abort
                0x0000000040004620       0xec zephyr/kernel/libkernel.a(sched.c.obj)
                0x0000000040004620                z_thread_abort
 .text.z_impl_k_thread_abort
                0x000000004000470c        0x4 zephyr/kernel/libkernel.a(sched.c.obj)
                0x000000004000470c                z_impl_k_thread_abort
 .text.elapsed  0x0000000040004710       0x18 zephyr/kernel/libkernel.a(timeout.c.obj)
 .text.next_timeout
                0x0000000040004728       0x74 zephyr/kernel/libkernel.a(timeout.c.obj)
 .text.remove_timeout
                0x000000004000479c       0x40 zephyr/kernel/libkernel.a(timeout.c.obj)
 .text.z_add_timeout
                0x00000000400047dc      0x11c zephyr/kernel/libkernel.a(timeout.c.obj)
                0x00000000400047dc                z_add_timeout
 .text.z_abort_timeout
                0x00000000400048f8       0x40 zephyr/kernel/libkernel.a(timeout.c.obj)
                0x00000000400048f8                z_abort_timeout
 .text.z_set_timeout_expiry
                0x0000000040004938       0x5c zephyr/kernel/libkernel.a(timeout.c.obj)
                0x0000000040004938                z_set_timeout_expiry
 .text.sys_clock_announce
                0x0000000040004994       0xd4 zephyr/kernel/libkernel.a(timeout.c.obj)
                0x0000000040004994                sys_clock_announce
 .text.free_page_frame_list_put
                0x0000000040004a68       0x3c zephyr/kernel/libkernel.a(mmu.c.obj)
 .text.z_mem_manage_init
                0x0000000040004aa4       0xd0 zephyr/kernel/libkernel.a(mmu.c.obj)
                0x0000000040004aa4                z_mem_manage_init
 .text.z_mem_manage_boot_finish
                0x0000000040004b74        0x4 zephyr/kernel/libkernel.a(mmu.c.obj)
                0x0000000040004b74                z_mem_manage_boot_finish
 .text.boot_banner
                0x0000000040004b78       0x1c zephyr/kernel/libkernel.a(banner.c.obj)
                0x0000000040004b78                boot_banner
 *(SORT_BY_ALIGNMENT(.gnu.linkonce.t.*))
 *(SORT_BY_ALIGNMENT(.glue_7t))
 *(SORT_BY_ALIGNMENT(.glue_7))
 *(SORT_BY_ALIGNMENT(.vfp11_veneer))
 *(SORT_BY_ALIGNMENT(.v4_bx))
                0x0000000040005000                . = ALIGN (_region_min_align)
 *fill*         0x0000000040004b94      0x46c 
                0x0000000040005000                __text_region_end = .
                0x0000000000005000                __text_region_size = (__text_region_end - __text_region_start)

.ARM.exidx      0x0000000040005000        0x0
                0x0000000040005000                __exidx_start = .
 *(SORT_BY_ALIGNMENT(.ARM.exidx*) SORT_BY_ALIGNMENT(gnu.linkonce.armexidx.*))
                0x0000000040005000                __exidx_end = .
                0x0000000040005000                __rodata_region_start = .

initlevel       0x0000000040005000       0x40
                0x0000000040005000                __init_start = .
                0x0000000040005000                __init_PRE_KERNEL_1_start = .
 *(SORT_BY_NAME(SORT_BY_ALIGNMENT(.z_init_PRE_KERNEL_1[0-9]_*)))
 *(SORT_BY_NAME(SORT_BY_ALIGNMENT(.z_init_PRE_KERNEL_1[1-9][0-9]_*)))
 .z_init_PRE_KERNEL_140_
                0x0000000040005000       0x10 zephyr/drivers/interrupt_controller/libdrivers__interrupt_controller.a(intc_gicv3.c.obj)
 .z_init_PRE_KERNEL_150_
                0x0000000040005010       0x10 zephyr/drivers/serial/libdrivers__serial.a(uart_pl011.c.obj)
 .z_init_PRE_KERNEL_160_
                0x0000000040005020       0x10 zephyr/drivers/console/libdrivers__console.a(uart_console.c.obj)
                0x0000000040005030                __init_PRE_KERNEL_2_start = .
 *(SORT_BY_NAME(SORT_BY_ALIGNMENT(.z_init_PRE_KERNEL_2[0-9]_*)))
 .z_init_PRE_KERNEL_20_
                0x0000000040005030       0x10 zephyr/drivers/timer/libdrivers__timer.a(sys_clock_init.c.obj)
 *(SORT_BY_NAME(SORT_BY_ALIGNMENT(.z_init_PRE_KERNEL_2[1-9][0-9]_*)))
                0x0000000040005040                __init_POST_KERNEL_start = .
 *(SORT_BY_NAME(SORT_BY_ALIGNMENT(.z_init_POST_KERNEL[0-9]_*)))
 *(SORT_BY_NAME(SORT_BY_ALIGNMENT(.z_init_POST_KERNEL[1-9][0-9]_*)))
                0x0000000040005040                __init_APPLICATION_start = .
 *(SORT_BY_NAME(SORT_BY_ALIGNMENT(.z_init_APPLICATION[0-9]_*)))
 *(SORT_BY_NAME(SORT_BY_ALIGNMENT(.z_init_APPLICATION[1-9][0-9]_*)))
                0x0000000040005040                __init_SMP_start = .
 *(SORT_BY_NAME(SORT_BY_ALIGNMENT(.z_init_SMP[0-9]_*)))
 *(SORT_BY_NAME(SORT_BY_ALIGNMENT(.z_init_SMP[1-9][0-9]_*)))
                0x0000000040005040                __init_end = .

devices         0x0000000040005040       0x60
                0x0000000040005040                __device_start = .
                0x0000000040005040                __device_PRE_KERNEL_1_start = .
 *(SORT_BY_NAME(SORT_BY_ALIGNMENT(.z_device_PRE_KERNEL_1[0-9]_*)))
 *(SORT_BY_NAME(SORT_BY_ALIGNMENT(.z_device_PRE_KERNEL_1[1-9][0-9]_*)))
 .z_device_PRE_KERNEL_150_
                0x0000000040005040       0x30 zephyr/drivers/serial/libdrivers__serial.a(uart_pl011.c.obj)
                0x0000000040005040                __device_dts_ord_13
                0x0000000040005070                __device_PRE_KERNEL_2_start = .
 *(SORT_BY_NAME(SORT_BY_ALIGNMENT(.z_device_PRE_KERNEL_2[0-9]_*)))
 .z_device_PRE_KERNEL_20_
                0x0000000040005070       0x30 zephyr/drivers/timer/libdrivers__timer.a(sys_clock_init.c.obj)
 *(SORT_BY_NAME(SORT_BY_ALIGNMENT(.z_device_PRE_KERNEL_2[1-9][0-9]_*)))
                0x00000000400050a0                __device_POST_KERNEL_start = .
 *(SORT_BY_NAME(SORT_BY_ALIGNMENT(.z_device_POST_KERNEL[0-9]_*)))
 *(SORT_BY_NAME(SORT_BY_ALIGNMENT(.z_device_POST_KERNEL[1-9][0-9]_*)))
                0x00000000400050a0                __device_APPLICATION_start = .
 *(SORT_BY_NAME(SORT_BY_ALIGNMENT(.z_device_APPLICATION[0-9]_*)))
 *(SORT_BY_NAME(SORT_BY_ALIGNMENT(.z_device_APPLICATION[1-9][0-9]_*)))
                0x00000000400050a0                __device_SMP_start = .
 *(SORT_BY_NAME(SORT_BY_ALIGNMENT(.z_device_SMP[0-9]_*)))
 *(SORT_BY_NAME(SORT_BY_ALIGNMENT(.z_device_SMP[1-9][0-9]_*)))
                0x00000000400050a0                __device_end = .

sw_isr_table    0x00000000400050a0      0xdc0
                0x00000000400050a0                . = ALIGN (0x0)
 *(SORT_BY_ALIGNMENT(.gnu.linkonce.sw_isr_table*))
 .gnu.linkonce.sw_isr_table
                0x00000000400050a0      0xdc0 zephyr/arch/common/libisr_tables.a(isr_tables.c.obj)
                0x00000000400050a0                _sw_isr_table

initlevel_error
                0x0000000040005000        0x0
 *(SORT_BY_NAME(SORT_BY_ALIGNMENT(.z_init_[_A-Z0-9]*)))
                0x0000000000000001                ASSERT ((SIZEOF (initlevel_error) == 0x0), Undefined initialization levels used.)

app_shmem_regions
                0x0000000040005e60        0x0
                0x0000000040005e60                __app_shmem_regions_start = .
 *(SORT_BY_NAME(SORT_BY_ALIGNMENT(.app_regions.*)))
                0x0000000040005e60                __app_shmem_regions_end = .

bt_l2cap_fixed_chan_area
                0x0000000040005e60        0x0
                0x0000000040005e60                _bt_l2cap_fixed_chan_list_start = .
 *(SORT_BY_NAME(SORT_BY_ALIGNMENT(._bt_l2cap_fixed_chan.static.*)))
                0x0000000040005e60                _bt_l2cap_fixed_chan_list_end = .

bt_gatt_service_static_area
                0x0000000040005e60        0x0
                0x0000000040005e60                _bt_gatt_service_static_list_start = .
 *(SORT_BY_NAME(SORT_BY_ALIGNMENT(._bt_gatt_service_static.static.*)))
                0x0000000040005e60                _bt_gatt_service_static_list_end = .

k_p4wq_initparam_area
                0x0000000040005e60        0x0
                0x0000000040005e60                _k_p4wq_initparam_list_start = .
 *(SORT_BY_NAME(SORT_BY_ALIGNMENT(._k_p4wq_initparam.static.*)))
                0x0000000040005e60                _k_p4wq_initparam_list_end = .

log_strings_sections
                0x0000000040005e60        0x0
                0x0000000040005e60                __log_strings_start = .
 *(SORT_BY_NAME(SORT_BY_ALIGNMENT(.log_strings*)))
                0x0000000040005e60                __log_strings_end = .

log_const_sections
                0x0000000040005e60        0x0
                0x0000000040005e60                __log_const_start = .
 *(SORT_BY_NAME(SORT_BY_ALIGNMENT(.log_const_*)))
                0x0000000040005e60                __log_const_end = .

log_backends_sections
                0x0000000040005e60        0x0
                0x0000000040005e60                __log_backends_start = .
 *(SORT_BY_ALIGNMENT(._log_backend.*))
                0x0000000040005e60                __log_backends_end = .

shell_area      0x0000000040005e60        0x0
                0x0000000040005e60                _shell_list_start = .
 *(SORT_BY_NAME(SORT_BY_ALIGNMENT(._shell.static.*)))
                0x0000000040005e60                _shell_list_end = .

shell_root_cmds_sections
                0x0000000040005e60        0x0
                0x0000000040005e60                __shell_root_cmds_start = .
 *(SORT_BY_NAME(SORT_BY_ALIGNMENT(.shell_root_cmd_*)))
                0x0000000040005e60                __shell_root_cmds_end = .

font_entry_sections
                0x0000000040005e60        0x0
                0x0000000040005e60                __font_entry_start = .
 *(SORT_BY_NAME(SORT_BY_ALIGNMENT(._cfb_font.*)))
                0x0000000040005e60                __font_entry_end = .

tracing_backend_area
                0x0000000040005e60        0x0
                0x0000000040005e60                _tracing_backend_list_start = .
 *(SORT_BY_NAME(SORT_BY_ALIGNMENT(._tracing_backend.static.*)))
                0x0000000040005e60                _tracing_backend_list_end = .

zephyr_dbg_info
 *(SORT_BY_ALIGNMENT(.dbg_thread_info))

device_handles  0x0000000040005e60       0x12
                0x0000000040005e60                __device_handles_start = .
 *(SORT_BY_NAME(SORT_BY_ALIGNMENT(.__device_handles_pass1*)))
 .__device_handles_pass1
                0x0000000040005e60        0xc zephyr/drivers/serial/libdrivers__serial.a(uart_pl011.c.obj)
                0x0000000040005e60                __devicehdl_DT_N_S_soc_S_uart_9000000
 .__device_handles_pass1
                0x0000000040005e6c        0x6 zephyr/drivers/timer/libdrivers__timer.a(sys_clock_init.c.obj)
                0x0000000040005e6c                __devicehdl_sys_init_sys_clock_driver_init0
                0x0000000040005e72                __device_handles_end = .

rodata          0x0000000040005e78      0x2b5
 *(SORT_BY_ALIGNMENT(.gnu.linkonce.irq_vector_table*))
 *(SORT_BY_ALIGNMENT(.rodata))
 *(SORT_BY_ALIGNMENT(.rodata.*))
 .rodata.mmu_config
                0x0000000040005e78       0x10 zephyr/libzephyr.a(mmu_regions.c.obj)
                0x0000000040005e78                mmu_config
 .rodata.mmu_regions
                0x0000000040005e88       0x78 zephyr/libzephyr.a(mmu_regions.c.obj)
 .rodata.mmu_zephyr_ranges
                0x0000000040005f00       0x60 zephyr/arch/arch/arm64/core/libarch__arm64__core.a(mmu.c.obj)
 .rodata.pl011_driver_api
                0x0000000040005f60       0x98 zephyr/drivers/serial/libdrivers__serial.a(uart_pl011.c.obj)
 .rodata.levels.0
                0x0000000040005ff8       0x28 zephyr/kernel/libkernel.a(device.c.obj)
 .rodata.cbvprintf
                0x0000000040006020       0x84 zephyr/libzephyr.a(cbprintf_complete.c.obj)
 .rodata.main.str1.1
                0x00000000400060a4        0xe app/libapp.a(main.c.obj)
 .rodata.cbvprintf.str1.1
                0x00000000400060b2        0x6 zephyr/libzephyr.a(cbprintf_complete.c.obj)
 .rodata.str1.1
                0x00000000400060b8        0x9 zephyr/libzephyr.a(mmu_regions.c.obj)
 .rodata.str1.1
                0x00000000400060c1       0x26 zephyr/arch/arch/arm64/core/libarch__arm64__core.a(mmu.c.obj)
 .rodata.str1.1
                0x00000000400060e7        0x7 zephyr/drivers/serial/libdrivers__serial.a(uart_pl011.c.obj)
 .rodata.str1.1
                0x00000000400060ee        0xa zephyr/drivers/timer/libdrivers__timer.a(sys_clock_init.c.obj)
 .rodata.z_cstart.str1.1
                0x00000000400060f8        0x5 zephyr/kernel/libkernel.a(init.c.obj)
 .rodata.boot_banner.str1.1
                0x00000000400060fd       0x30 zephyr/kernel/libkernel.a(banner.c.obj)
                                         0x31 (size before relaxing)
 *(SORT_BY_ALIGNMENT(.gnu.linkonce.r.*))
                0x0000000040007000                . = ALIGN (_region_min_align)
                0x0000000040007000                __rodata_region_end = .
                0x0000000000002000                __rodata_region_size = (__rodata_region_end - __rodata_region_start)
                0x0000000040007000                __rom_region_end = .
                0x0000000040000000                . = 0x40000000
                0x0000000040000000                . = ALIGN (_region_min_align)
                0x0000000040000000                _image_ram_start = .

bss             0x0000000040007000    0x506ad
                0x0000000040007000                . = ALIGN (0x4)
                0x0000000040007000                __bss_start = .
                0x0000000040007000                __kernel_ram_start = .
 *(SORT_BY_ALIGNMENT(.bss))
 *(SORT_BY_ALIGNMENT(.bss.*))
 .bss.xlat_tables
                0x0000000040007000     0x8000 zephyr/arch/arch/arm64/core/libarch__arm64__core.a(mmu.c.obj)
 .bss.z_idle_threads
                0x000000004000f000      0x300 zephyr/kernel/libkernel.a(init.c.obj)
                0x000000004000f000                z_idle_threads
 .bss.z_main_thread
                0x000000004000f300      0x300 zephyr/kernel/libkernel.a(init.c.obj)
                0x000000004000f300                z_main_thread
 .bss.kernel_ptables
                0x000000004000f600        0x8 zephyr/arch/arch/arm64/core/libarch__arm64__core.a(mmu.c.obj)
 .bss.gic_rdists
                0x000000004000f608        0x8 zephyr/drivers/interrupt_controller/libdrivers__interrupt_controller.a(intc_gicv3.c.obj)
                0x000000004000f608                gic_rdists
 .bss.uart_console_dev
                0x000000004000f610        0x8 zephyr/drivers/console/libdrivers__console.a(uart_console.c.obj)
 .bss.last_cycle
                0x000000004000f618        0x8 zephyr/drivers/timer/libdrivers__timer.a(arm_arch_timer.c.obj)
 .bss._kernel   0x000000004000f620       0x50 zephyr/kernel/libkernel.a(init.c.obj)
                0x000000004000f620                _kernel
 .bss.curr_tick
                0x000000004000f670        0x8 zephyr/kernel/libkernel.a(timeout.c.obj)
 .bss.free_page_frame_list
                0x000000004000f678       0x10 zephyr/kernel/libkernel.a(mmu.c.obj)
 .bss.z_free_page_count
                0x000000004000f688        0x8 zephyr/kernel/libkernel.a(mmu.c.obj)
                0x000000004000f688                z_free_page_count
 .bss.slice_max_prio
                0x000000004000f690        0x4 zephyr/kernel/libkernel.a(sched.c.obj)
 .bss.slice_time
                0x000000004000f694        0x4 zephyr/kernel/libkernel.a(sched.c.obj)
 .bss.announce_remaining
                0x000000004000f698        0x4 zephyr/kernel/libkernel.a(timeout.c.obj)
 .bss.xlat_use_count
                0x000000004000f69c       0x10 zephyr/arch/arch/arm64/core/libarch__arm64__core.a(mmu.c.obj)
 .bss.z_sys_post_kernel
                0x000000004000f6ac        0x1 zephyr/kernel/libkernel.a(init.c.obj)
                0x000000004000f6ac                z_sys_post_kernel
 .bss.sched_spinlock
                0x000000004000f6ad        0x0 zephyr/kernel/libkernel.a(sched.c.obj)
                0x000000004000f6ad                sched_spinlock
 .bss.z_page_frames
                0x000000004000f6ad    0x48000 zephyr/kernel/libkernel.a(mmu.c.obj)
                0x000000004000f6ad                z_page_frames
 *(SORT_BY_ALIGNMENT(COMMON))
 *(SORT_BY_ALIGNMENT(.kernel_bss.*))
                0x00000000400576b0                __bss_end = ALIGN (0x4)

noinit          0x00000000400576b0     0x3000
 *(SORT_BY_ALIGNMENT(.noinit))
 *(SORT_BY_ALIGNMENT(.noinit.*))
 .noinit."WEST_TOPDIR/zephyr/kernel/init.c".0
                0x00000000400576b0     0x1000 zephyr/kernel/libkernel.a(init.c.obj)
                0x00000000400576b0                z_main_stack
 .noinit."WEST_TOPDIR/zephyr/kernel/init.c".1
                0x00000000400586b0     0x1000 zephyr/kernel/libkernel.a(init.c.obj)
 .noinit."WEST_TOPDIR/zephyr/kernel/init.c".2
                0x00000000400596b0     0x1000 zephyr/kernel/libkernel.a(init.c.obj)
                0x00000000400596b0                z_interrupt_stacks

datas           0x000000004005a6b0       0x50
                0x000000004005a6b0                __data_region_start = .
                0x000000004005a6b0                __data_start = .
 *(SORT_BY_ALIGNMENT(.data))
 *(SORT_BY_ALIGNMENT(.data.*))
 .data._char_out
                0x000000004005a6b0        0x8 zephyr/libzephyr.a(printk.c.obj)
                0x000000004005a6b0                _char_out
 .data._stdout_hook
                0x000000004005a6b8        0x8 zephyr/lib/libc/minimal/liblib__libc__minimal.a(stdout_console.c.obj)
 .data.pl011_cfg_port_0
                0x000000004005a6c0       0x18 zephyr/drivers/serial/libdrivers__serial.a(uart_pl011.c.obj)
 .data.pl011_data_port_0
                0x000000004005a6d8       0x18 zephyr/drivers/serial/libdrivers__serial.a(uart_pl011.c.obj)
 .data.timeout_list
                0x000000004005a6f0       0x10 zephyr/kernel/libkernel.a(timeout.c.obj)
 *(SORT_BY_ALIGNMENT(.kernel.*))
                0x000000004005a700                __data_end = .
                0x0000000000000050                __data_size = (__data_end - __data_start)
                0x000000004005a6b0                __data_load_start = LOADADDR (datas)
                0x000000004005a6b0                __data_region_load_start = LOADADDR (datas)

device_states   0x000000004005a700        0x8
                0x000000004005a700                __device_states_start = .
 *(SORT_BY_ALIGNMENT(.z_devstate))
 .z_devstate    0x000000004005a700        0x4 zephyr/drivers/serial/libdrivers__serial.a(uart_pl011.c.obj)
 .z_devstate    0x000000004005a704        0x4 zephyr/drivers/timer/libdrivers__timer.a(sys_clock_init.c.obj)
 *(SORT_BY_ALIGNMENT(.z_devstate.*))
                0x000000004005a708                __device_states_end = .

initshell       0x000000004005a708        0x0
                0x000000004005a708                __shell_module_start = .
 *(SORT_BY_ALIGNMENT(.shell_module_*))
                0x000000004005a708                __shell_module_end = .
                0x000000004005a708                __shell_cmd_start = .
 *(SORT_BY_ALIGNMENT(.shell_cmd_*))
                0x000000004005a708                __shell_cmd_end = .

log_dynamic_sections
                0x000000004005a708        0x0
                0x000000004005a708                __log_dynamic_start = .
 *(SORT_BY_NAME(SORT_BY_ALIGNMENT(.log_dynamic_*)))
                0x000000004005a708                __log_dynamic_end = .

_static_thread_data_area
                0x000000004005a708        0x0
                0x000000004005a708                __static_thread_data_list_start = .
 *(SORT_BY_NAME(SORT_BY_ALIGNMENT(.__static_thread_data.static.*)))
                0x000000004005a708                __static_thread_data_list_end = .

k_timer_area    0x000000004005a708        0x0
                0x000000004005a708                _k_timer_list_start = .
 *(SORT_BY_NAME(SORT_BY_ALIGNMENT(._k_timer.static.*)))
                0x000000004005a708                _k_timer_list_end = .

k_mem_slab_area
                0x000000004005a708        0x0
                0x000000004005a708                _k_mem_slab_list_start = .
 *(SORT_BY_NAME(SORT_BY_ALIGNMENT(._k_mem_slab.static.*)))
                0x000000004005a708                _k_mem_slab_list_end = .

k_mem_pool_area
                0x000000004005a708        0x0
                0x000000004005a708                _k_mem_pool_list_start = .
 *(SORT_BY_NAME(SORT_BY_ALIGNMENT(._k_mem_pool.static.*)))
                0x000000004005a708                _k_mem_pool_list_end = .

k_heap_area     0x000000004005a708        0x0
                0x000000004005a708                _k_heap_list_start = .
 *(SORT_BY_NAME(SORT_BY_ALIGNMENT(._k_heap.static.*)))
                0x000000004005a708                _k_heap_list_end = .

k_mutex_area    0x000000004005a708        0x0
                0x000000004005a708                _k_mutex_list_start = .
 *(SORT_BY_NAME(SORT_BY_ALIGNMENT(._k_mutex.static.*)))
                0x000000004005a708                _k_mutex_list_end = .

k_stack_area    0x000000004005a708        0x0
                0x000000004005a708                _k_stack_list_start = .
 *(SORT_BY_NAME(SORT_BY_ALIGNMENT(._k_stack.static.*)))
                0x000000004005a708                _k_stack_list_end = .

k_msgq_area     0x000000004005a708        0x0
                0x000000004005a708                _k_msgq_list_start = .
 *(SORT_BY_NAME(SORT_BY_ALIGNMENT(._k_msgq.static.*)))
                0x000000004005a708                _k_msgq_list_end = .

k_mbox_area     0x000000004005a708        0x0
                0x000000004005a708                _k_mbox_list_start = .
 *(SORT_BY_NAME(SORT_BY_ALIGNMENT(._k_mbox.static.*)))
                0x000000004005a708                _k_mbox_list_end = .

k_pipe_area     0x000000004005a708        0x0
                0x000000004005a708                _k_pipe_list_start = .
 *(SORT_BY_NAME(SORT_BY_ALIGNMENT(._k_pipe.static.*)))
                0x000000004005a708                _k_pipe_list_end = .

k_sem_area      0x000000004005a708        0x0
                0x000000004005a708                _k_sem_list_start = .
 *(SORT_BY_NAME(SORT_BY_ALIGNMENT(._k_sem.static.*)))
                0x000000004005a708                _k_sem_list_end = .

k_event_area    0x000000004005a708        0x0
                0x000000004005a708                _k_event_list_start = .
 *(SORT_BY_NAME(SORT_BY_ALIGNMENT(._k_event.static.*)))
                0x000000004005a708                _k_event_list_end = .

k_queue_area    0x000000004005a708        0x0
                0x000000004005a708                _k_queue_list_start = .
 *(SORT_BY_NAME(SORT_BY_ALIGNMENT(._k_queue.static.*)))
                0x000000004005a708                _k_queue_list_end = .

k_condvar_area  0x000000004005a708        0x0
                0x000000004005a708                _k_condvar_list_start = .
 *(SORT_BY_NAME(SORT_BY_ALIGNMENT(._k_condvar.static.*)))
                0x000000004005a708                _k_condvar_list_end = .

_net_buf_pool_area
                0x000000004005a708        0x0
                0x000000004005a708                _net_buf_pool_list = .
 *(SORT_BY_NAME(SORT_BY_ALIGNMENT(._net_buf_pool.static.*)))
                0x000000004005a708                __data_region_end = .
                0x000000004005b000                . = ALIGN (_region_min_align)
                0x000000004005b000                _image_ram_end = .
                0x000000004005b000                _end = .
                0x000000004005b000                z_mapped_end = .
                0x0000000048000000                __kernel_ram_end = 0x48000000
                0x0000000007ff9000                __kernel_ram_size = (__kernel_ram_end - __kernel_ram_start)

.intList        0x00000000fffff800       0x38
 *(SORT_BY_ALIGNMENT(.irq_info*))
 .irq_info      0x00000000fffff800        0x8 zephyr/arch/common/libisr_tables.a(isr_tables.c.obj)
                0x00000000fffff800                _iheader
 *(SORT_BY_ALIGNMENT(.intList*))
 .intList       0x00000000fffff808       0x18 zephyr/drivers/serial/libdrivers__serial.a(uart_pl011.c.obj)
 .intList       0x00000000fffff820       0x18 zephyr/drivers/timer/libdrivers__timer.a(arm_arch_timer.c.obj)

.stab
 *(SORT_BY_ALIGNMENT(.stab))

.stabstr
 *(SORT_BY_ALIGNMENT(.stabstr))

.stab.excl
 *(SORT_BY_ALIGNMENT(.stab.excl))

.stab.exclstr
 *(SORT_BY_ALIGNMENT(.stab.exclstr))

.stab.index
 *(SORT_BY_ALIGNMENT(.stab.index))

.stab.indexstr
 *(SORT_BY_ALIGNMENT(.stab.indexstr))

.gnu.build.attributes
 *(SORT_BY_ALIGNMENT(.gnu.build.attributes) SORT_BY_ALIGNMENT(.gnu.build.attributes.*))

.comment        0x0000000000000000       0x2e
 *(SORT_BY_ALIGNMENT(.comment))
 .comment       0x0000000000000000       0x2e zephyr/CMakeFiles/offsets.dir/./arch/arm64/core/offsets/offsets.c.obj
                                         0x2f (size before relaxing)
 .comment       0x000000000000002e       0x2f app/libapp.a(main.c.obj)
 .comment       0x000000000000002e       0x2f zephyr/libzephyr.a(printk.c.obj)
 .comment       0x000000000000002e       0x2f zephyr/libzephyr.a(thread_entry.c.obj)
 .comment       0x000000000000002e       0x2f zephyr/libzephyr.a(cbprintf_complete.c.obj)
 .comment       0x000000000000002e       0x2f zephyr/libzephyr.a(configs.c.obj)
 .comment       0x000000000000002e       0x2f zephyr/libzephyr.a(mmu_regions.c.obj)
 .comment       0x000000000000002e       0x2f zephyr/libzephyr.a(plat_core.c.obj)
 .comment       0x000000000000002e       0x2f zephyr/arch/arch/arm64/core/libarch__arm64__core.a(fatal.c.obj)
 .comment       0x000000000000002e       0x2f zephyr/arch/arch/arm64/core/libarch__arm64__core.a(irq_init.c.obj)
 .comment       0x000000000000002e       0x2f zephyr/arch/arch/arm64/core/libarch__arm64__core.a(irq_manage.c.obj)
 .comment       0x000000000000002e       0x2f zephyr/arch/arch/arm64/core/libarch__arm64__core.a(prep_c.c.obj)
 .comment       0x000000000000002e       0x2f zephyr/arch/arch/arm64/core/libarch__arm64__core.a(reset.c.obj)
 .comment       0x000000000000002e       0x2f zephyr/arch/arch/arm64/core/libarch__arm64__core.a(thread.c.obj)
 .comment       0x000000000000002e       0x2f zephyr/arch/arch/arm64/core/libarch__arm64__core.a(fpu.c.obj)
 .comment       0x000000000000002e       0x2f zephyr/arch/arch/arm64/core/libarch__arm64__core.a(mmu.c.obj)
 .comment       0x000000000000002e       0x2f zephyr/arch/arch/arm64/core/libarch__arm64__core.a(cache.c.obj)
 .comment       0x000000000000002e       0x2f zephyr/lib/libc/minimal/liblib__libc__minimal.a(string.c.obj)
 .comment       0x000000000000002e       0x2f zephyr/lib/libc/minimal/liblib__libc__minimal.a(stdout_console.c.obj)
 .comment       0x000000000000002e       0x2f zephyr/drivers/interrupt_controller/libdrivers__interrupt_controller.a(intc_gicv3.c.obj)
 .comment       0x000000000000002e       0x2f zephyr/drivers/console/libdrivers__console.a(uart_console.c.obj)
 .comment       0x000000000000002e       0x2f zephyr/drivers/serial/libdrivers__serial.a(uart_pl011.c.obj)
 .comment       0x000000000000002e       0x2f zephyr/drivers/timer/libdrivers__timer.a(sys_clock_init.c.obj)
 .comment       0x000000000000002e       0x2f zephyr/drivers/timer/libdrivers__timer.a(arm_arch_timer.c.obj)
 .comment       0x000000000000002e       0x2f zephyr/kernel/libkernel.a(device.c.obj)
 .comment       0x000000000000002e       0x2f zephyr/kernel/libkernel.a(fatal.c.obj)
 .comment       0x000000000000002e       0x2f zephyr/kernel/libkernel.a(init.c.obj)
 .comment       0x000000000000002e       0x2f zephyr/kernel/libkernel.a(thread.c.obj)
 .comment       0x000000000000002e       0x2f zephyr/kernel/libkernel.a(idle.c.obj)
 .comment       0x000000000000002e       0x2f zephyr/kernel/libkernel.a(sched.c.obj)
 .comment       0x000000000000002e       0x2f zephyr/kernel/libkernel.a(timeout.c.obj)
 .comment       0x000000000000002e       0x2f zephyr/kernel/libkernel.a(mmu.c.obj)
 .comment       0x000000000000002e       0x2f zephyr/kernel/libkernel.a(banner.c.obj)
 .comment       0x000000000000002e       0x2f zephyr/arch/common/libisr_tables.a(isr_tables.c.obj)

.debug
 *(SORT_BY_ALIGNMENT(.debug))

.line
 *(SORT_BY_ALIGNMENT(.line))

.debug_srcinfo
 *(SORT_BY_ALIGNMENT(.debug_srcinfo))

.debug_sfnames
 *(SORT_BY_ALIGNMENT(.debug_sfnames))

.debug_aranges  0x0000000000000000     0x1650
 *(SORT_BY_ALIGNMENT(.debug_aranges))
 .debug_aranges
                0x0000000000000000       0x40 zephyr/arch/arch/arm64/core/libarch__arm64__core.a(cpu_idle.S.obj)
 .debug_aranges
                0x0000000000000040       0x60 zephyr/arch/arch/arm64/core/libarch__arm64__core.a(reset.S.obj)
 .debug_aranges
                0x00000000000000a0       0x50 zephyr/arch/arch/arm64/core/libarch__arm64__core.a(switch.S.obj)
 .debug_aranges
                0x00000000000000f0       0x50 zephyr/arch/arch/arm64/core/libarch__arm64__core.a(vector_table.S.obj)
 .debug_aranges
                0x0000000000000140       0x40 zephyr/arch/arch/arm64/core/libarch__arm64__core.a(fpu.S.obj)
 .debug_aranges
                0x0000000000000180       0x30 zephyr/arch/arch/arm64/core/libarch__arm64__core.a(isr_wrapper.S.obj)
 .debug_aranges
                0x00000000000001b0       0x30 zephyr/arch/arch/arm64/core/libarch__arm64__core.a(header.S.obj)
 .debug_aranges
                0x00000000000001e0       0x30 zephyr/CMakeFiles/offsets.dir/./arch/arm64/core/offsets/offsets.c.obj
 .debug_aranges
                0x0000000000000210       0x30 app/libapp.a(main.c.obj)
 .debug_aranges
                0x0000000000000240       0xc0 zephyr/libzephyr.a(printk.c.obj)
 .debug_aranges
                0x0000000000000300       0x30 zephyr/libzephyr.a(thread_entry.c.obj)
 .debug_aranges
                0x0000000000000330       0x60 zephyr/libzephyr.a(cbprintf_complete.c.obj)
 .debug_aranges
                0x0000000000000390       0x30 zephyr/libzephyr.a(configs.c.obj)
 .debug_aranges
                0x00000000000003c0       0x20 zephyr/libzephyr.a(mmu_regions.c.obj)
 .debug_aranges
                0x00000000000003e0       0x30 zephyr/libzephyr.a(plat_core.c.obj)
 .debug_aranges
                0x0000000000000410       0x40 zephyr/arch/arch/arm64/core/libarch__arm64__core.a(fatal.c.obj)
 .debug_aranges
                0x0000000000000450       0x30 zephyr/arch/arch/arm64/core/libarch__arm64__core.a(irq_init.c.obj)
 .debug_aranges
                0x0000000000000480       0x70 zephyr/arch/arch/arm64/core/libarch__arm64__core.a(irq_manage.c.obj)
 .debug_aranges
                0x00000000000004f0       0x40 zephyr/arch/arch/arm64/core/libarch__arm64__core.a(prep_c.c.obj)
 .debug_aranges
                0x0000000000000530       0x90 zephyr/arch/arch/arm64/core/libarch__arm64__core.a(reset.c.obj)
 .debug_aranges
                0x00000000000005c0       0x40 zephyr/arch/arch/arm64/core/libarch__arm64__core.a(thread.c.obj)
 .debug_aranges
                0x0000000000000600       0x80 zephyr/arch/arch/arm64/core/libarch__arm64__core.a(fpu.c.obj)
 .debug_aranges
                0x0000000000000680       0xb0 zephyr/arch/arch/arm64/core/libarch__arm64__core.a(mmu.c.obj)
 .debug_aranges
                0x0000000000000730       0x50 zephyr/arch/arch/arm64/core/libarch__arm64__core.a(cache.c.obj)
 .debug_aranges
                0x0000000000000780      0x120 zephyr/lib/libc/minimal/liblib__libc__minimal.a(string.c.obj)
 .debug_aranges
                0x00000000000008a0       0xa0 zephyr/lib/libc/minimal/liblib__libc__minimal.a(stdout_console.c.obj)
 .debug_aranges
                0x0000000000000940       0xc0 zephyr/drivers/interrupt_controller/libdrivers__interrupt_controller.a(intc_gicv3.c.obj)
 .debug_aranges
                0x0000000000000a00       0x50 zephyr/drivers/console/libdrivers__console.a(uart_console.c.obj)
 .debug_aranges
                0x0000000000000a50      0x150 zephyr/drivers/serial/libdrivers__serial.a(uart_pl011.c.obj)
 .debug_aranges
                0x0000000000000ba0       0x60 zephyr/drivers/timer/libdrivers__timer.a(sys_clock_init.c.obj)
 .debug_aranges
                0x0000000000000c00       0x90 zephyr/drivers/timer/libdrivers__timer.a(arm_arch_timer.c.obj)
 .debug_aranges
                0x0000000000000c90       0xa0 zephyr/kernel/libkernel.a(device.c.obj)
 .debug_aranges
                0x0000000000000d30       0xa0 zephyr/kernel/libkernel.a(fatal.c.obj)
 .debug_aranges
                0x0000000000000dd0       0x70 zephyr/kernel/libkernel.a(init.c.obj)
 .debug_aranges
                0x0000000000000e40      0x150 zephyr/kernel/libkernel.a(thread.c.obj)
 .debug_aranges
                0x0000000000000f90       0x40 zephyr/kernel/libkernel.a(idle.c.obj)
 .debug_aranges
                0x0000000000000fd0      0x410 zephyr/kernel/libkernel.a(sched.c.obj)
 .debug_aranges
                0x00000000000013e0      0x120 zephyr/kernel/libkernel.a(timeout.c.obj)
 .debug_aranges
                0x0000000000001500      0x100 zephyr/kernel/libkernel.a(mmu.c.obj)
 .debug_aranges
                0x0000000000001600       0x30 zephyr/kernel/libkernel.a(banner.c.obj)
 .debug_aranges
                0x0000000000001630       0x20 zephyr/arch/common/libisr_tables.a(isr_tables.c.obj)

.debug_pubnames
 *(SORT_BY_ALIGNMENT(.debug_pubnames))

.debug_info     0x0000000000000000    0x236a4
 *(SORT_BY_ALIGNMENT(.debug_info) SORT_BY_ALIGNMENT(.gnu.linkonce.wi.*))
 .debug_info    0x0000000000000000      0x18f zephyr/CMakeFiles/offsets.dir/./arch/arm64/core/offsets/offsets.c.obj
 .debug_info    0x000000000000018f      0x10a app/libapp.a(main.c.obj)
 .debug_info    0x0000000000000299      0x5c5 zephyr/libzephyr.a(printk.c.obj)
 .debug_info    0x000000000000085e      0x83a zephyr/libzephyr.a(thread_entry.c.obj)
 .debug_info    0x0000000000001098     0x1672 zephyr/libzephyr.a(cbprintf_complete.c.obj)
 .debug_info    0x000000000000270a       0x44 zephyr/libzephyr.a(configs.c.obj)
 .debug_info    0x000000000000274e      0x1f5 zephyr/libzephyr.a(mmu_regions.c.obj)
 .debug_info    0x0000000000002943       0xc7 zephyr/libzephyr.a(plat_core.c.obj)
 .debug_info    0x0000000000002a0a       0x22 zephyr/arch/arch/arm64/core/libarch__arm64__core.a(cpu_idle.S.obj)
 .debug_info    0x0000000000002a2c      0x64b zephyr/arch/arch/arm64/core/libarch__arm64__core.a(fatal.c.obj)
 .debug_info    0x0000000000003077       0xa6 zephyr/arch/arch/arm64/core/libarch__arm64__core.a(irq_init.c.obj)
 .debug_info    0x000000000000311d      0x2b5 zephyr/arch/arch/arm64/core/libarch__arm64__core.a(irq_manage.c.obj)
 .debug_info    0x00000000000033d2      0x8fb zephyr/arch/arch/arm64/core/libarch__arm64__core.a(prep_c.c.obj)
 .debug_info    0x0000000000003ccd       0x22 zephyr/arch/arch/arm64/core/libarch__arm64__core.a(reset.S.obj)
 .debug_info    0x0000000000003cef      0xa02 zephyr/arch/arch/arm64/core/libarch__arm64__core.a(reset.c.obj)
 .debug_info    0x00000000000046f1       0x22 zephyr/arch/arch/arm64/core/libarch__arm64__core.a(switch.S.obj)
 .debug_info    0x0000000000004713      0xa20 zephyr/arch/arch/arm64/core/libarch__arm64__core.a(thread.c.obj)
 .debug_info    0x0000000000005133       0x22 zephyr/arch/arch/arm64/core/libarch__arm64__core.a(vector_table.S.obj)
 .debug_info    0x0000000000005155     0x1080 zephyr/arch/arch/arm64/core/libarch__arm64__core.a(fpu.c.obj)
 .debug_info    0x00000000000061d5       0x22 zephyr/arch/arch/arm64/core/libarch__arm64__core.a(fpu.S.obj)
 .debug_info    0x00000000000061f7     0x31b2 zephyr/arch/arch/arm64/core/libarch__arm64__core.a(mmu.c.obj)
 .debug_info    0x00000000000093a9       0x2e zephyr/arch/arch/arm64/core/libarch__arm64__core.a(isr_wrapper.S.obj)
 .debug_info    0x00000000000093d7       0x2e zephyr/arch/arch/arm64/core/libarch__arm64__core.a(header.S.obj)
 .debug_info    0x0000000000009405      0x526 zephyr/arch/arch/arm64/core/libarch__arm64__core.a(cache.c.obj)
 .debug_info    0x000000000000992b      0x7bd zephyr/lib/libc/minimal/liblib__libc__minimal.a(string.c.obj)
 .debug_info    0x000000000000a0e8      0x734 zephyr/lib/libc/minimal/liblib__libc__minimal.a(stdout_console.c.obj)
 .debug_info    0x000000000000a81c     0x179e zephyr/drivers/interrupt_controller/libdrivers__interrupt_controller.a(intc_gicv3.c.obj)
 .debug_info    0x000000000000bfba      0xa75 zephyr/drivers/console/libdrivers__console.a(uart_console.c.obj)
 .debug_info    0x000000000000ca2f     0x100a zephyr/drivers/serial/libdrivers__serial.a(uart_pl011.c.obj)
 .debug_info    0x000000000000da39      0x38a zephyr/drivers/timer/libdrivers__timer.a(sys_clock_init.c.obj)
 .debug_info    0x000000000000ddc3     0x1032 zephyr/drivers/timer/libdrivers__timer.a(arm_arch_timer.c.obj)
 .debug_info    0x000000000000edf5      0x886 zephyr/kernel/libkernel.a(device.c.obj)
 .debug_info    0x000000000000f67b     0x1e8e zephyr/kernel/libkernel.a(fatal.c.obj)
 .debug_info    0x0000000000011509     0x12ff zephyr/kernel/libkernel.a(init.c.obj)
 .debug_info    0x0000000000012808     0x2599 zephyr/kernel/libkernel.a(thread.c.obj)
 .debug_info    0x0000000000014da1      0x2d7 zephyr/kernel/libkernel.a(idle.c.obj)
 .debug_info    0x0000000000015078     0x7c15 zephyr/kernel/libkernel.a(sched.c.obj)
 .debug_info    0x000000000001cc8d     0x2347 zephyr/kernel/libkernel.a(timeout.c.obj)
 .debug_info    0x000000000001efd4     0x4467 zephyr/kernel/libkernel.a(mmu.c.obj)
 .debug_info    0x000000000002343b      0x122 zephyr/kernel/libkernel.a(banner.c.obj)
 .debug_info    0x000000000002355d      0x147 zephyr/arch/common/libisr_tables.a(isr_tables.c.obj)

.debug_abbrev   0x0000000000000000     0x5e5f
 *(SORT_BY_ALIGNMENT(.debug_abbrev))
 .debug_abbrev  0x0000000000000000       0xa0 zephyr/CMakeFiles/offsets.dir/./arch/arm64/core/offsets/offsets.c.obj
 .debug_abbrev  0x00000000000000a0       0x8f app/libapp.a(main.c.obj)
 .debug_abbrev  0x000000000000012f      0x271 zephyr/libzephyr.a(printk.c.obj)
 .debug_abbrev  0x00000000000003a0      0x26c zephyr/libzephyr.a(thread_entry.c.obj)
 .debug_abbrev  0x000000000000060c      0x3fe zephyr/libzephyr.a(cbprintf_complete.c.obj)
 .debug_abbrev  0x0000000000000a0a       0x2e zephyr/libzephyr.a(configs.c.obj)
 .debug_abbrev  0x0000000000000a38       0xca zephyr/libzephyr.a(mmu_regions.c.obj)
 .debug_abbrev  0x0000000000000b02       0x67 zephyr/libzephyr.a(plat_core.c.obj)
 .debug_abbrev  0x0000000000000b69       0x12 zephyr/arch/arch/arm64/core/libarch__arm64__core.a(cpu_idle.S.obj)
 .debug_abbrev  0x0000000000000b7b      0x1de zephyr/arch/arch/arm64/core/libarch__arm64__core.a(fatal.c.obj)
 .debug_abbrev  0x0000000000000d59       0x44 zephyr/arch/arch/arm64/core/libarch__arm64__core.a(irq_init.c.obj)
 .debug_abbrev  0x0000000000000d9d      0x112 zephyr/arch/arch/arm64/core/libarch__arm64__core.a(irq_manage.c.obj)
 .debug_abbrev  0x0000000000000eaf      0x22c zephyr/arch/arch/arm64/core/libarch__arm64__core.a(prep_c.c.obj)
 .debug_abbrev  0x00000000000010db       0x12 zephyr/arch/arch/arm64/core/libarch__arm64__core.a(reset.S.obj)
 .debug_abbrev  0x00000000000010ed      0x251 zephyr/arch/arch/arm64/core/libarch__arm64__core.a(reset.c.obj)
 .debug_abbrev  0x000000000000133e       0x12 zephyr/arch/arch/arm64/core/libarch__arm64__core.a(switch.S.obj)
 .debug_abbrev  0x0000000000001350      0x226 zephyr/arch/arch/arm64/core/libarch__arm64__core.a(thread.c.obj)
 .debug_abbrev  0x0000000000001576       0x12 zephyr/arch/arch/arm64/core/libarch__arm64__core.a(vector_table.S.obj)
 .debug_abbrev  0x0000000000001588      0x3fa zephyr/arch/arch/arm64/core/libarch__arm64__core.a(fpu.c.obj)
 .debug_abbrev  0x0000000000001982       0x12 zephyr/arch/arch/arm64/core/libarch__arm64__core.a(fpu.S.obj)
 .debug_abbrev  0x0000000000001994      0x587 zephyr/arch/arch/arm64/core/libarch__arm64__core.a(mmu.c.obj)
 .debug_abbrev  0x0000000000001f1b       0x14 zephyr/arch/arch/arm64/core/libarch__arm64__core.a(isr_wrapper.S.obj)
 .debug_abbrev  0x0000000000001f2f       0x14 zephyr/arch/arch/arm64/core/libarch__arm64__core.a(header.S.obj)
 .debug_abbrev  0x0000000000001f43      0x1d7 zephyr/arch/arch/arm64/core/libarch__arm64__core.a(cache.c.obj)
 .debug_abbrev  0x000000000000211a      0x182 zephyr/lib/libc/minimal/liblib__libc__minimal.a(string.c.obj)
 .debug_abbrev  0x000000000000229c      0x255 zephyr/lib/libc/minimal/liblib__libc__minimal.a(stdout_console.c.obj)
 .debug_abbrev  0x00000000000024f1      0x493 zephyr/drivers/interrupt_controller/libdrivers__interrupt_controller.a(intc_gicv3.c.obj)
 .debug_abbrev  0x0000000000002984      0x3cf zephyr/drivers/console/libdrivers__console.a(uart_console.c.obj)
 .debug_abbrev  0x0000000000002d53      0x456 zephyr/drivers/serial/libdrivers__serial.a(uart_pl011.c.obj)
 .debug_abbrev  0x00000000000031a9      0x200 zephyr/drivers/timer/libdrivers__timer.a(sys_clock_init.c.obj)
 .debug_abbrev  0x00000000000033a9      0x32b zephyr/drivers/timer/libdrivers__timer.a(arm_arch_timer.c.obj)
 .debug_abbrev  0x00000000000036d4      0x311 zephyr/kernel/libkernel.a(device.c.obj)
 .debug_abbrev  0x00000000000039e5      0x49e zephyr/kernel/libkernel.a(fatal.c.obj)
 .debug_abbrev  0x0000000000003e83      0x4e2 zephyr/kernel/libkernel.a(init.c.obj)
 .debug_abbrev  0x0000000000004365      0x5c1 zephyr/kernel/libkernel.a(thread.c.obj)
 .debug_abbrev  0x0000000000004926      0x185 zephyr/kernel/libkernel.a(idle.c.obj)
 .debug_abbrev  0x0000000000004aab      0x6e1 zephyr/kernel/libkernel.a(sched.c.obj)
 .debug_abbrev  0x000000000000518c      0x515 zephyr/kernel/libkernel.a(timeout.c.obj)
 .debug_abbrev  0x00000000000056a1      0x632 zephyr/kernel/libkernel.a(mmu.c.obj)
 .debug_abbrev  0x0000000000005cd3       0xb8 zephyr/kernel/libkernel.a(banner.c.obj)
 .debug_abbrev  0x0000000000005d8b       0xd4 zephyr/arch/common/libisr_tables.a(isr_tables.c.obj)

.debug_line     0x0000000000000000     0xeec3
 *(SORT_BY_ALIGNMENT(.debug_line) SORT_BY_ALIGNMENT(.debug_line.*) SORT_BY_ALIGNMENT(.debug_line_end))
 .debug_line    0x0000000000000000      0x15e zephyr/CMakeFiles/offsets.dir/./arch/arm64/core/offsets/offsets.c.obj
 .debug_line    0x000000000000015e       0xc8 app/libapp.a(main.c.obj)
 .debug_line    0x0000000000000226      0x381 zephyr/libzephyr.a(printk.c.obj)
 .debug_line    0x00000000000005a7      0x30e zephyr/libzephyr.a(thread_entry.c.obj)
 .debug_line    0x00000000000008b5     0x1399 zephyr/libzephyr.a(cbprintf_complete.c.obj)
 .debug_line    0x0000000000001c4e      0x12e zephyr/libzephyr.a(configs.c.obj)
 .debug_line    0x0000000000001d7c      0x1a5 zephyr/libzephyr.a(mmu_regions.c.obj)
 .debug_line    0x0000000000001f21       0xd7 zephyr/libzephyr.a(plat_core.c.obj)
 .debug_line    0x0000000000001ff8       0x91 zephyr/arch/arch/arm64/core/libarch__arm64__core.a(cpu_idle.S.obj)
 .debug_line    0x0000000000002089      0x297 zephyr/arch/arch/arm64/core/libarch__arm64__core.a(fatal.c.obj)
 .debug_line    0x0000000000002320       0x78 zephyr/arch/arch/arm64/core/libarch__arm64__core.a(irq_init.c.obj)
 .debug_line    0x0000000000002398      0x1c5 zephyr/arch/arch/arm64/core/libarch__arm64__core.a(irq_manage.c.obj)
 .debug_line    0x000000000000255d      0x338 zephyr/arch/arch/arm64/core/libarch__arm64__core.a(prep_c.c.obj)
 .debug_line    0x0000000000002895       0xd9 zephyr/arch/arch/arm64/core/libarch__arm64__core.a(reset.S.obj)
 .debug_line    0x000000000000296e      0x477 zephyr/arch/arch/arm64/core/libarch__arm64__core.a(reset.c.obj)
 .debug_line    0x0000000000002de5       0xd5 zephyr/arch/arch/arm64/core/libarch__arm64__core.a(switch.S.obj)
 .debug_line    0x0000000000002eba      0x34f zephyr/arch/arch/arm64/core/libarch__arm64__core.a(thread.c.obj)
 .debug_line    0x0000000000003209       0xe4 zephyr/arch/arch/arm64/core/libarch__arm64__core.a(vector_table.S.obj)
 .debug_line    0x00000000000032ed      0x651 zephyr/arch/arch/arm64/core/libarch__arm64__core.a(fpu.c.obj)
 .debug_line    0x000000000000393e       0xab zephyr/arch/arch/arm64/core/libarch__arm64__core.a(fpu.S.obj)
 .debug_line    0x00000000000039e9      0xd46 zephyr/arch/arch/arm64/core/libarch__arm64__core.a(mmu.c.obj)
 .debug_line    0x000000000000472f       0x9c zephyr/arch/arch/arm64/core/libarch__arm64__core.a(isr_wrapper.S.obj)
 .debug_line    0x00000000000047cb       0x73 zephyr/arch/arch/arm64/core/libarch__arm64__core.a(header.S.obj)
 .debug_line    0x000000000000483e      0x3e7 zephyr/arch/arch/arm64/core/libarch__arm64__core.a(cache.c.obj)
 .debug_line    0x0000000000004c25      0x5f9 zephyr/lib/libc/minimal/liblib__libc__minimal.a(string.c.obj)
 .debug_line    0x000000000000521e      0x381 zephyr/lib/libc/minimal/liblib__libc__minimal.a(stdout_console.c.obj)
 .debug_line    0x000000000000559f      0xc1e zephyr/drivers/interrupt_controller/libdrivers__interrupt_controller.a(intc_gicv3.c.obj)
 .debug_line    0x00000000000061bd      0x3b3 zephyr/drivers/console/libdrivers__console.a(uart_console.c.obj)
 .debug_line    0x0000000000006570      0x752 zephyr/drivers/serial/libdrivers__serial.a(uart_pl011.c.obj)
 .debug_line    0x0000000000006cc2      0x16c zephyr/drivers/timer/libdrivers__timer.a(sys_clock_init.c.obj)
 .debug_line    0x0000000000006e2e      0x884 zephyr/drivers/timer/libdrivers__timer.a(arm_arch_timer.c.obj)
 .debug_line    0x00000000000076b2      0x53c zephyr/kernel/libkernel.a(device.c.obj)
 .debug_line    0x0000000000007bee      0x59b zephyr/kernel/libkernel.a(fatal.c.obj)
 .debug_line    0x0000000000008189      0x79a zephyr/kernel/libkernel.a(init.c.obj)
 .debug_line    0x0000000000008923      0xa50 zephyr/kernel/libkernel.a(thread.c.obj)
 .debug_line    0x0000000000009373      0x2a6 zephyr/kernel/libkernel.a(idle.c.obj)
 .debug_line    0x0000000000009619     0x343b zephyr/kernel/libkernel.a(sched.c.obj)
 .debug_line    0x000000000000ca54     0x1044 zephyr/kernel/libkernel.a(timeout.c.obj)
 .debug_line    0x000000000000da98     0x11e5 zephyr/kernel/libkernel.a(mmu.c.obj)
 .debug_line    0x000000000000ec7d      0x159 zephyr/kernel/libkernel.a(banner.c.obj)
 .debug_line    0x000000000000edd6       0xed zephyr/arch/common/libisr_tables.a(isr_tables.c.obj)

.debug_frame    0x0000000000000000     0x25b8
 *(SORT_BY_ALIGNMENT(.debug_frame))
 .debug_frame   0x0000000000000000       0x28 zephyr/CMakeFiles/offsets.dir/./arch/arm64/core/offsets/offsets.c.obj
 .debug_frame   0x0000000000000028       0x38 app/libapp.a(main.c.obj)
 .debug_frame   0x0000000000000060      0x160 zephyr/libzephyr.a(printk.c.obj)
 .debug_frame   0x00000000000001c0       0x30 zephyr/libzephyr.a(thread_entry.c.obj)
 .debug_frame   0x00000000000001f0       0xd0 zephyr/libzephyr.a(cbprintf_complete.c.obj)
 .debug_frame   0x00000000000002c0       0x28 zephyr/libzephyr.a(configs.c.obj)
 .debug_frame   0x00000000000002e8       0x28 zephyr/libzephyr.a(plat_core.c.obj)
 .debug_frame   0x0000000000000310       0x50 zephyr/arch/arch/arm64/core/libarch__arm64__core.a(fatal.c.obj)
 .debug_frame   0x0000000000000360       0x28 zephyr/arch/arch/arm64/core/libarch__arm64__core.a(irq_init.c.obj)
 .debug_frame   0x0000000000000388       0x98 zephyr/arch/arch/arm64/core/libarch__arm64__core.a(irq_manage.c.obj)
 .debug_frame   0x0000000000000420       0x48 zephyr/arch/arch/arm64/core/libarch__arm64__core.a(prep_c.c.obj)
 .debug_frame   0x0000000000000468      0x158 zephyr/arch/arch/arm64/core/libarch__arm64__core.a(reset.c.obj)
 .debug_frame   0x00000000000005c0       0x40 zephyr/arch/arch/arm64/core/libarch__arm64__core.a(thread.c.obj)
 .debug_frame   0x0000000000000600       0xe8 zephyr/arch/arch/arm64/core/libarch__arm64__core.a(fpu.c.obj)
 .debug_frame   0x00000000000006e8      0x158 zephyr/arch/arch/arm64/core/libarch__arm64__core.a(mmu.c.obj)
 .debug_frame   0x0000000000000840       0x70 zephyr/arch/arch/arm64/core/libarch__arm64__core.a(cache.c.obj)
 .debug_frame   0x00000000000008b0      0x1d0 zephyr/lib/libc/minimal/liblib__libc__minimal.a(string.c.obj)
 .debug_frame   0x0000000000000a80      0x130 zephyr/lib/libc/minimal/liblib__libc__minimal.a(stdout_console.c.obj)
 .debug_frame   0x0000000000000bb0      0x160 zephyr/drivers/interrupt_controller/libdrivers__interrupt_controller.a(intc_gicv3.c.obj)
 .debug_frame   0x0000000000000d10       0x88 zephyr/drivers/console/libdrivers__console.a(uart_console.c.obj)
 .debug_frame   0x0000000000000d98      0x220 zephyr/drivers/serial/libdrivers__serial.a(uart_pl011.c.obj)
 .debug_frame   0x0000000000000fb8       0x88 zephyr/drivers/timer/libdrivers__timer.a(sys_clock_init.c.obj)
 .debug_frame   0x0000000000001040       0xc8 zephyr/drivers/timer/libdrivers__timer.a(arm_arch_timer.c.obj)
 .debug_frame   0x0000000000001108      0x140 zephyr/kernel/libkernel.a(device.c.obj)
 .debug_frame   0x0000000000001248      0x118 zephyr/kernel/libkernel.a(fatal.c.obj)
 .debug_frame   0x0000000000001360       0xc8 zephyr/kernel/libkernel.a(init.c.obj)
 .debug_frame   0x0000000000001428      0x248 zephyr/kernel/libkernel.a(thread.c.obj)
 .debug_frame   0x0000000000001670       0x48 zephyr/kernel/libkernel.a(idle.c.obj)
 .debug_frame   0x00000000000016b8      0x9a0 zephyr/kernel/libkernel.a(sched.c.obj)
 .debug_frame   0x0000000000002058      0x2a0 zephyr/kernel/libkernel.a(timeout.c.obj)
 .debug_frame   0x00000000000022f8      0x298 zephyr/kernel/libkernel.a(mmu.c.obj)
 .debug_frame   0x0000000000002590       0x28 zephyr/kernel/libkernel.a(banner.c.obj)

.debug_str      0x0000000000000000     0x4749
 *(SORT_BY_ALIGNMENT(.debug_str))
 .debug_str     0x0000000000000000      0x212 zephyr/CMakeFiles/offsets.dir/./arch/arm64/core/offsets/offsets.c.obj
                                        0x24b (size before relaxing)
 .debug_str     0x0000000000000212       0x47 app/libapp.a(main.c.obj)
                                        0x21c (size before relaxing)
 .debug_str     0x0000000000000259      0x25d zephyr/libzephyr.a(printk.c.obj)
                                        0x464 (size before relaxing)
 .debug_str     0x00000000000004b6      0x242 zephyr/libzephyr.a(thread_entry.c.obj)
                                        0x4d3 (size before relaxing)
 .debug_str     0x00000000000006f8      0x3e6 zephyr/libzephyr.a(cbprintf_complete.c.obj)
                                        0x66f (size before relaxing)
 .debug_str     0x0000000000000ade       0x5c zephyr/libzephyr.a(configs.c.obj)
                                        0x181 (size before relaxing)
 .debug_str     0x0000000000000b3a       0x8c zephyr/libzephyr.a(mmu_regions.c.obj)
                                        0x3e3 (size before relaxing)
 .debug_str     0x0000000000000bc6       0x63 zephyr/libzephyr.a(plat_core.c.obj)
                                        0x235 (size before relaxing)
 .debug_str     0x0000000000000c29       0x50 zephyr/arch/arch/arm64/core/libarch__arm64__core.a(cpu_idle.S.obj)
                                         0x7d (size before relaxing)
 .debug_str     0x0000000000000c79      0x1e8 zephyr/arch/arch/arm64/core/libarch__arm64__core.a(fatal.c.obj)
                                        0x3dd (size before relaxing)
 .debug_str     0x0000000000000e61       0x59 zephyr/arch/arch/arm64/core/libarch__arm64__core.a(irq_init.c.obj)
                                        0x222 (size before relaxing)
 .debug_str     0x0000000000000eba       0xf8 zephyr/arch/arch/arm64/core/libarch__arm64__core.a(irq_manage.c.obj)
                                        0x366 (size before relaxing)
 .debug_str     0x0000000000000fb2       0xfb zephyr/arch/arch/arm64/core/libarch__arm64__core.a(prep_c.c.obj)
                                        0x564 (size before relaxing)
 .debug_str     0x00000000000010ad       0x3f zephyr/arch/arch/arm64/core/libarch__arm64__core.a(reset.S.obj)
                                         0x7a (size before relaxing)
 .debug_str     0x00000000000010ec      0x2e8 zephyr/arch/arch/arm64/core/libarch__arm64__core.a(reset.c.obj)
                                        0x503 (size before relaxing)
 .debug_str     0x00000000000013d4       0x40 zephyr/arch/arch/arm64/core/libarch__arm64__core.a(switch.S.obj)
                                         0x7b (size before relaxing)
 .debug_str     0x0000000000001414       0xcd zephyr/arch/arch/arm64/core/libarch__arm64__core.a(thread.c.obj)
                                        0x5a0 (size before relaxing)
 .debug_str     0x00000000000014e1       0x46 zephyr/arch/arch/arm64/core/libarch__arm64__core.a(vector_table.S.obj)
                                         0x81 (size before relaxing)
 .debug_str     0x0000000000001527      0x16e zephyr/arch/arch/arm64/core/libarch__arm64__core.a(fpu.c.obj)
                                        0x64c (size before relaxing)
 .debug_str     0x0000000000001695       0x3d zephyr/arch/arch/arm64/core/libarch__arm64__core.a(fpu.S.obj)
                                         0x78 (size before relaxing)
 .debug_str     0x00000000000016d2      0x622 zephyr/arch/arch/arm64/core/libarch__arm64__core.a(mmu.c.obj)
                                        0xac6 (size before relaxing)
 .debug_str     0x0000000000001cf4       0x45 zephyr/arch/arch/arm64/core/libarch__arm64__core.a(isr_wrapper.S.obj)
                                         0x80 (size before relaxing)
 .debug_str     0x0000000000001d39       0x40 zephyr/arch/arch/arm64/core/libarch__arm64__core.a(header.S.obj)
                                         0x7b (size before relaxing)
 .debug_str     0x0000000000001d79      0x104 zephyr/arch/arch/arm64/core/libarch__arm64__core.a(cache.c.obj)
                                        0x48c (size before relaxing)
 .debug_str     0x0000000000001e7d       0xe4 zephyr/lib/libc/minimal/liblib__libc__minimal.a(string.c.obj)
                                        0x2b9 (size before relaxing)
 .debug_str     0x0000000000001f61       0xd6 zephyr/lib/libc/minimal/liblib__libc__minimal.a(stdout_console.c.obj)
                                        0x2d5 (size before relaxing)
 .debug_str     0x0000000000002037      0x207 zephyr/drivers/interrupt_controller/libdrivers__interrupt_controller.a(intc_gicv3.c.obj)
                                        0x872 (size before relaxing)
 .debug_str     0x000000000000223e      0x222 zephyr/drivers/console/libdrivers__console.a(uart_console.c.obj)
                                        0x758 (size before relaxing)
 .debug_str     0x0000000000002460      0x3a3 zephyr/drivers/serial/libdrivers__serial.a(uart_pl011.c.obj)
                                        0x902 (size before relaxing)
 .debug_str     0x0000000000002803      0x12d zephyr/drivers/timer/libdrivers__timer.a(sys_clock_init.c.obj)
                                        0x4f2 (size before relaxing)
 .debug_str     0x0000000000002930      0x233 zephyr/drivers/timer/libdrivers__timer.a(arm_arch_timer.c.obj)
                                        0x6f2 (size before relaxing)
 .debug_str     0x0000000000002b63      0x211 zephyr/kernel/libkernel.a(device.c.obj)
                                        0x490 (size before relaxing)
 .debug_str     0x0000000000002d74      0x19c zephyr/kernel/libkernel.a(fatal.c.obj)
                                        0x987 (size before relaxing)
 .debug_str     0x0000000000002f10      0x2e7 zephyr/kernel/libkernel.a(init.c.obj)
                                        0x924 (size before relaxing)
 .debug_str     0x00000000000031f7      0x486 zephyr/kernel/libkernel.a(thread.c.obj)
                                        0xd94 (size before relaxing)
 .debug_str     0x000000000000367d       0x62 zephyr/kernel/libkernel.a(idle.c.obj)
                                        0x31b (size before relaxing)
 .debug_str     0x00000000000036df      0x906 zephyr/kernel/libkernel.a(sched.c.obj)
                                       0x147a (size before relaxing)
 .debug_str     0x0000000000003fe5      0x16c zephyr/kernel/libkernel.a(timeout.c.obj)
                                        0x979 (size before relaxing)
 .debug_str     0x0000000000004151      0x533 zephyr/kernel/libkernel.a(mmu.c.obj)
                                        0xbed (size before relaxing)
 .debug_str     0x0000000000004684       0x42 zephyr/kernel/libkernel.a(banner.c.obj)
                                        0x240 (size before relaxing)
 .debug_str     0x00000000000046c6       0x83 zephyr/arch/common/libisr_tables.a(isr_tables.c.obj)
                                        0x25c (size before relaxing)

.debug_loc      0x0000000000000000    0x19fdc
 *(SORT_BY_ALIGNMENT(.debug_loc))
 .debug_loc     0x0000000000000000       0x7a app/libapp.a(main.c.obj)
 .debug_loc     0x000000000000007a      0x438 zephyr/libzephyr.a(printk.c.obj)
 .debug_loc     0x00000000000004b2      0x158 zephyr/libzephyr.a(thread_entry.c.obj)
 .debug_loc     0x000000000000060a     0x3fe6 zephyr/libzephyr.a(cbprintf_complete.c.obj)
 .debug_loc     0x00000000000045f0       0x3c zephyr/libzephyr.a(plat_core.c.obj)
 .debug_loc     0x000000000000462c      0x274 zephyr/arch/arch/arm64/core/libarch__arm64__core.a(fatal.c.obj)
 .debug_loc     0x00000000000048a0      0x1ab zephyr/arch/arch/arm64/core/libarch__arm64__core.a(irq_manage.c.obj)
 .debug_loc     0x0000000000004a4b       0x66 zephyr/arch/arch/arm64/core/libarch__arm64__core.a(prep_c.c.obj)
 .debug_loc     0x0000000000004ab1      0x59b zephyr/arch/arch/arm64/core/libarch__arm64__core.a(reset.c.obj)
 .debug_loc     0x000000000000504c      0x109 zephyr/arch/arch/arm64/core/libarch__arm64__core.a(thread.c.obj)
 .debug_loc     0x0000000000005155      0x6c3 zephyr/arch/arch/arm64/core/libarch__arm64__core.a(fpu.c.obj)
 .debug_loc     0x0000000000005818     0x20c0 zephyr/arch/arch/arm64/core/libarch__arm64__core.a(mmu.c.obj)
 .debug_loc     0x00000000000078d8      0x6f7 zephyr/arch/arch/arm64/core/libarch__arm64__core.a(cache.c.obj)
 .debug_loc     0x0000000000007fcf     0x13c0 zephyr/lib/libc/minimal/liblib__libc__minimal.a(string.c.obj)
 .debug_loc     0x000000000000938f      0x993 zephyr/lib/libc/minimal/liblib__libc__minimal.a(stdout_console.c.obj)
 .debug_loc     0x0000000000009d22     0x193a zephyr/drivers/interrupt_controller/libdrivers__interrupt_controller.a(intc_gicv3.c.obj)
 .debug_loc     0x000000000000b65c      0x202 zephyr/drivers/console/libdrivers__console.a(uart_console.c.obj)
 .debug_loc     0x000000000000b85e      0x8b5 zephyr/drivers/serial/libdrivers__serial.a(uart_pl011.c.obj)
 .debug_loc     0x000000000000c113       0x3d zephyr/drivers/timer/libdrivers__timer.a(sys_clock_init.c.obj)
 .debug_loc     0x000000000000c150      0xb34 zephyr/drivers/timer/libdrivers__timer.a(arm_arch_timer.c.obj)
 .debug_loc     0x000000000000cc84      0xadd zephyr/kernel/libkernel.a(device.c.obj)
 .debug_loc     0x000000000000d761      0x2cd zephyr/kernel/libkernel.a(fatal.c.obj)
 .debug_loc     0x000000000000da2e      0x4f5 zephyr/kernel/libkernel.a(init.c.obj)
 .debug_loc     0x000000000000df23      0xfc3 zephyr/kernel/libkernel.a(thread.c.obj)
 .debug_loc     0x000000000000eee6       0xb7 zephyr/kernel/libkernel.a(idle.c.obj)
 .debug_loc     0x000000000000ef9d     0x6c2a zephyr/kernel/libkernel.a(sched.c.obj)
 .debug_loc     0x0000000000015bc7     0x1a1a zephyr/kernel/libkernel.a(timeout.c.obj)
 .debug_loc     0x00000000000175e1     0x29fb zephyr/kernel/libkernel.a(mmu.c.obj)

.debug_macinfo
 *(SORT_BY_ALIGNMENT(.debug_macinfo))

.debug_weaknames
 *(SORT_BY_ALIGNMENT(.debug_weaknames))

.debug_funcnames
 *(SORT_BY_ALIGNMENT(.debug_funcnames))

.debug_typenames
 *(SORT_BY_ALIGNMENT(.debug_typenames))

.debug_varnames
 *(SORT_BY_ALIGNMENT(.debug_varnames))

.debug_pubtypes
 *(SORT_BY_ALIGNMENT(.debug_pubtypes))

.debug_ranges   0x0000000000000000     0x9870
 *(SORT_BY_ALIGNMENT(.debug_ranges))
 .debug_ranges  0x0000000000000000       0x40 zephyr/arch/arch/arm64/core/libarch__arm64__core.a(cpu_idle.S.obj)
 .debug_ranges  0x0000000000000040       0x60 zephyr/arch/arch/arm64/core/libarch__arm64__core.a(reset.S.obj)
 .debug_ranges  0x00000000000000a0       0x50 zephyr/arch/arch/arm64/core/libarch__arm64__core.a(switch.S.obj)
 .debug_ranges  0x00000000000000f0       0x50 zephyr/arch/arch/arm64/core/libarch__arm64__core.a(vector_table.S.obj)
 .debug_ranges  0x0000000000000140       0x40 zephyr/arch/arch/arm64/core/libarch__arm64__core.a(fpu.S.obj)
 .debug_ranges  0x0000000000000180       0x20 zephyr/CMakeFiles/offsets.dir/./arch/arm64/core/offsets/offsets.c.obj
 .debug_ranges  0x00000000000001a0       0x20 app/libapp.a(main.c.obj)
 .debug_ranges  0x00000000000001c0       0xb0 zephyr/libzephyr.a(printk.c.obj)
 .debug_ranges  0x0000000000000270       0x50 zephyr/libzephyr.a(thread_entry.c.obj)
 .debug_ranges  0x00000000000002c0      0x6c0 zephyr/libzephyr.a(cbprintf_complete.c.obj)
 .debug_ranges  0x0000000000000980       0x20 zephyr/libzephyr.a(configs.c.obj)
 .debug_ranges  0x00000000000009a0       0x20 zephyr/libzephyr.a(plat_core.c.obj)
 .debug_ranges  0x00000000000009c0      0x180 zephyr/arch/arch/arm64/core/libarch__arm64__core.a(fatal.c.obj)
 .debug_ranges  0x0000000000000b40       0x20 zephyr/arch/arch/arm64/core/libarch__arm64__core.a(irq_init.c.obj)
 .debug_ranges  0x0000000000000b60       0x60 zephyr/arch/arch/arm64/core/libarch__arm64__core.a(irq_manage.c.obj)
 .debug_ranges  0x0000000000000bc0       0xa0 zephyr/arch/arch/arm64/core/libarch__arm64__core.a(prep_c.c.obj)
 .debug_ranges  0x0000000000000c60      0x3f0 zephyr/arch/arch/arm64/core/libarch__arm64__core.a(reset.c.obj)
 .debug_ranges  0x0000000000001050       0x30 zephyr/arch/arch/arm64/core/libarch__arm64__core.a(thread.c.obj)
 .debug_ranges  0x0000000000001080      0x480 zephyr/arch/arch/arm64/core/libarch__arm64__core.a(fpu.c.obj)
 .debug_ranges  0x0000000000001500      0x8b0 zephyr/arch/arch/arm64/core/libarch__arm64__core.a(mmu.c.obj)
 .debug_ranges  0x0000000000001db0       0xa0 zephyr/arch/arch/arm64/core/libarch__arm64__core.a(cache.c.obj)
 .debug_ranges  0x0000000000001e50      0x110 zephyr/lib/libc/minimal/liblib__libc__minimal.a(string.c.obj)
 .debug_ranges  0x0000000000001f60       0xf0 zephyr/lib/libc/minimal/liblib__libc__minimal.a(stdout_console.c.obj)
 .debug_ranges  0x0000000000002050      0x650 zephyr/drivers/interrupt_controller/libdrivers__interrupt_controller.a(intc_gicv3.c.obj)
 .debug_ranges  0x00000000000026a0       0xc0 zephyr/drivers/console/libdrivers__console.a(uart_console.c.obj)
 .debug_ranges  0x0000000000002760      0x260 zephyr/drivers/serial/libdrivers__serial.a(uart_pl011.c.obj)
 .debug_ranges  0x00000000000029c0       0x50 zephyr/drivers/timer/libdrivers__timer.a(sys_clock_init.c.obj)
 .debug_ranges  0x0000000000002a10      0x830 zephyr/drivers/timer/libdrivers__timer.a(arm_arch_timer.c.obj)
 .debug_ranges  0x0000000000003240      0x2f0 zephyr/kernel/libkernel.a(device.c.obj)
 .debug_ranges  0x0000000000003530      0x250 zephyr/kernel/libkernel.a(fatal.c.obj)
 .debug_ranges  0x0000000000003780      0x430 zephyr/kernel/libkernel.a(init.c.obj)
 .debug_ranges  0x0000000000003bb0      0x5f0 zephyr/kernel/libkernel.a(thread.c.obj)
 .debug_ranges  0x00000000000041a0       0x90 zephyr/kernel/libkernel.a(idle.c.obj)
 .debug_ranges  0x0000000000004230     0x3630 zephyr/kernel/libkernel.a(sched.c.obj)
 .debug_ranges  0x0000000000007860     0x1070 zephyr/kernel/libkernel.a(timeout.c.obj)
 .debug_ranges  0x00000000000088d0      0xf80 zephyr/kernel/libkernel.a(mmu.c.obj)
 .debug_ranges  0x0000000000009850       0x20 zephyr/kernel/libkernel.a(banner.c.obj)

.debug_macro
 *(SORT_BY_ALIGNMENT(.debug_macro))

.debug_line_str
 *(SORT_BY_ALIGNMENT(.debug_line_str))

.debug_loclists
 *(SORT_BY_ALIGNMENT(.debug_loclists))

.debug_rnglists
 *(SORT_BY_ALIGNMENT(.debug_rnglists))

.ARM.attributes
 *(SORT_BY_ALIGNMENT(.ARM.attributes))
 *(SORT_BY_ALIGNMENT(.gnu.attributes))

.last_section   0x000000004005a708        0x0
                0x000000004005a708                _flash_used = (LOADADDR (.last_section) - __rom_region_start)
LOAD app/libapp.a
LOAD zephyr/libzephyr.a
LOAD zephyr/arch/common/libarch__common.a
LOAD zephyr/arch/arch/arm64/core/libarch__arm64__core.a
LOAD zephyr/lib/libc/minimal/liblib__libc__minimal.a
LOAD zephyr/lib/posix/liblib__posix.a
LOAD zephyr/drivers/interrupt_controller/libdrivers__interrupt_controller.a
LOAD zephyr/drivers/console/libdrivers__console.a
LOAD zephyr/drivers/serial/libdrivers__serial.a
LOAD zephyr/drivers/timer/libdrivers__timer.a
LOAD zephyr/kernel/libkernel.a
LOAD /home/ubuntu/zephyr-sdk-0.13.2/aarch64-zephyr-elf/bin/../lib/gcc/aarch64-zephyr-elf/10.3.0/libgcc.a
LOAD zephyr/arch/common/libisr_tables.a
OUTPUT(zephyr/zephyr_pre0.elf elf64-littleaarch64)
LOAD linker stubs
