Archive member included to satisfy reference by file (symbol)

app/libapp.a(main.c.obj)      (--whole-archive)
zephyr/libzephyr.a(cbprintf.c.obj)
                              (--whole-archive)
zephyr/libzephyr.a(cbprintf_packaged.c.obj)
                              (--whole-archive)
zephyr/libzephyr.a(crc32c_sw.c.obj)
                              (--whole-archive)
zephyr/libzephyr.a(crc32_sw.c.obj)
                              (--whole-archive)
zephyr/libzephyr.a(crc16_sw.c.obj)
                              (--whole-archive)
zephyr/libzephyr.a(crc8_sw.c.obj)
                              (--whole-archive)
zephyr/libzephyr.a(crc7_sw.c.obj)
                              (--whole-archive)
zephyr/libzephyr.a(dec.c.obj)
                              (--whole-archive)
zephyr/libzephyr.a(fdtable.c.obj)
                              (--whole-archive)
zephyr/libzephyr.a(hex.c.obj)
                              (--whole-archive)
zephyr/libzephyr.a(notify.c.obj)
                              (--whole-archive)
zephyr/libzephyr.a(printk.c.obj)
                              (--whole-archive)
zephyr/libzephyr.a(onoff.c.obj)
                              (--whole-archive)
zephyr/libzephyr.a(rb.c.obj)  (--whole-archive)
zephyr/libzephyr.a(sem.c.obj)
                              (--whole-archive)
zephyr/libzephyr.a(thread_entry.c.obj)
                              (--whole-archive)
zephyr/libzephyr.a(timeutil.c.obj)
                              (--whole-archive)
zephyr/libzephyr.a(heap.c.obj)
                              (--whole-archive)
zephyr/libzephyr.a(heap-validate.c.obj)
                              (--whole-archive)
zephyr/libzephyr.a(bitarray.c.obj)
                              (--whole-archive)
zephyr/libzephyr.a(multi_heap.c.obj)
                              (--whole-archive)
zephyr/libzephyr.a(cbprintf_complete.c.obj)
                              (--whole-archive)
zephyr/libzephyr.a(ring_buffer.c.obj)
                              (--whole-archive)
zephyr/libzephyr.a(fnmatch.c.obj)
                              (--whole-archive)
zephyr/libzephyr.a(getopt.c.obj)
                              (--whole-archive)
zephyr/libzephyr.a(configs.c.obj)
                              (--whole-archive)
zephyr/libzephyr.a(mmu_regions.c.obj)
                              (--whole-archive)
zephyr/libzephyr.a(plat_core.c.obj)
                              (--whole-archive)
zephyr/libzephyr.a(kernel_service.c.obj)
                              (--whole-archive)
zephyr/libzephyr.a(device_service.c.obj)
                              (--whole-archive)
zephyr/libzephyr.a(devmem_service.c.obj)
                              (--whole-archive)
zephyr/libzephyr.a(shell_uart.c.obj)
                              (--whole-archive)
zephyr/libzephyr.a(shell.c.obj)
                              (--whole-archive)
zephyr/libzephyr.a(shell_fprintf.c.obj)
                              (--whole-archive)
zephyr/libzephyr.a(shell_utils.c.obj)
                              (--whole-archive)
zephyr/libzephyr.a(shell_ops.c.obj)
                              (--whole-archive)
zephyr/libzephyr.a(shell_help.c.obj)
                              (--whole-archive)
zephyr/libzephyr.a(shell_getopt.c.obj)
                              (--whole-archive)
zephyr/libzephyr.a(shell_cmds.c.obj)
                              (--whole-archive)
zephyr/libzephyr.a(shell_history.c.obj)
                              (--whole-archive)
zephyr/libzephyr.a(shell_wildcard.c.obj)
                              (--whole-archive)
zephyr/libzephyr.a(tracing_none.c.obj)
                              (--whole-archive)
zephyr/libzephyr.a(shell.c.obj)
                              (--whole-archive)
zephyr/arch/common/libarch__common.a(sw_isr_common.c.obj)
                              (--whole-archive)
zephyr/arch/arch/arm64/core/libarch__arm64__core.a(cpu_idle.S.obj)
                              (--whole-archive)
zephyr/arch/arch/arm64/core/libarch__arm64__core.a(fatal.c.obj)
                              (--whole-archive)
zephyr/arch/arch/arm64/core/libarch__arm64__core.a(irq_init.c.obj)
                              (--whole-archive)
zephyr/arch/arch/arm64/core/libarch__arm64__core.a(irq_manage.c.obj)
                              (--whole-archive)
zephyr/arch/arch/arm64/core/libarch__arm64__core.a(prep_c.c.obj)
                              (--whole-archive)
zephyr/arch/arch/arm64/core/libarch__arm64__core.a(reset.S.obj)
                              (--whole-archive)
zephyr/arch/arch/arm64/core/libarch__arm64__core.a(reset.c.obj)
                              (--whole-archive)
zephyr/arch/arch/arm64/core/libarch__arm64__core.a(switch.S.obj)
                              (--whole-archive)
zephyr/arch/arch/arm64/core/libarch__arm64__core.a(thread.c.obj)
                              (--whole-archive)
zephyr/arch/arch/arm64/core/libarch__arm64__core.a(vector_table.S.obj)
                              (--whole-archive)
[...]
Memory Configuration

Name             Origin             Length             Attributes
FLASH            0x0000000000000000 0x0000000004000000 xr
SRAM             0x0000000040000000 0x0000000008000000 xw
IDT_LIST         0x00000000fffff7ff 0x0000000000000800 xw
*default*        0x0000000000000000 0xffffffffffffffff

Linker script and memory map

LOAD zephyr/CMakeFiles/zephyr_pre1.dir/misc/empty_file.c.obj
LOAD zephyr/CMakeFiles/zephyr_pre1.dir/dev_handles.c.obj
LOAD zephyr/CMakeFiles/offsets.dir/./arch/arm64/core/offsets/offsets.c.obj
                0x0000000000001000                _region_min_align = 0x1000

.rel.plt        0x0000000000000000        0x0
 *(SORT_BY_ALIGNMENT(.rel.plt))
                [!provide]                        PROVIDE (__rel_iplt_start = .)
 *(SORT_BY_ALIGNMENT(.rel.iplt))
                [!provide]                        PROVIDE (__rel_iplt_end = .)

.rela.plt       0x0000000000000000        0x0
 *(SORT_BY_ALIGNMENT(.rela.plt))
                [!provide]                        PROVIDE (__rela_iplt_start = .)
 *(SORT_BY_ALIGNMENT(.rela.iplt))
 .rela.iplt     0x0000000000000000        0x0 app/libapp.a(main.c.obj)
                [!provide]                        PROVIDE (__rela_iplt_end = .)

.rel.dyn
 *(SORT_BY_ALIGNMENT(.rel.*))

.rela.dyn       0x0000000000000000        0x0
 *(SORT_BY_ALIGNMENT(.rela.*))
 .rela.data._char_out
                0x0000000000000000        0x0 app/libapp.a(main.c.obj)
 .rela.rodata.levels
                0x0000000000000000        0x0 app/libapp.a(main.c.obj)
 .rela.text.z_shell_cmd_get
                0x0000000000000000        0x0 app/libapp.a(main.c.obj)
 .rela.text.z_arm64_prep_c
                0x0000000000000000        0x0 app/libapp.a(main.c.obj)
 .rela.rodata.mmu_zephyr_ranges
                0x0000000000000000        0x0 app/libapp.a(main.c.obj)
 .rela.image_header._image_header_section
                0x0000000000000000        0x0 app/libapp.a(main.c.obj)
 .rela.text.device_visitor
                0x0000000000000000        0x0 app/libapp.a(main.c.obj)
 .rela.text.z_device_get_all_static
                0x0000000000000000        0x0 app/libapp.a(main.c.obj)
 .rela.rodata.levels.0
                0x0000000000000000        0x0 app/libapp.a(main.c.obj)
 .rela.text.z_init_static_threads
                0x0000000000000000        0x0 app/libapp.a(main.c.obj)
 .rela.text.virt_region_free
                0x0000000000000000        0x0 app/libapp.a(main.c.obj)
 .rela.text.virt_region_alloc
                0x0000000000000000        0x0 app/libapp.a(main.c.obj)
 .rela.text.z_mem_manage_init
                0x0000000000000000        0x0 app/libapp.a(main.c.obj)

/DISCARD/
 *(SORT_BY_ALIGNMENT(.plt))
 *(SORT_BY_ALIGNMENT(.iplt))
 *(SORT_BY_ALIGNMENT(.got.plt))
 *(SORT_BY_ALIGNMENT(.igot.plt))
 *(SORT_BY_ALIGNMENT(.got))
 *(SORT_BY_ALIGNMENT(.igot))
 *(SORT_BY_ALIGNMENT(.note.GNU-stack))
                0x0000000000000000                __rom_region_start = 0x0

text            0x0000000040000000     0xd000
                0x0000000040000000                __text_region_start = .
                0x0000000040000000                z_mapped_start = .
 *(SORT_BY_ALIGNMENT(.image_header))
 *(SORT_BY_ALIGNMENT(.image_header.*))
 .image_header._image_header_section
                0x0000000040000000       0x40 zephyr/arch/arch/arm64/core/libarch__arm64__core.a(header.S.obj)
                0x0000000040000040                _vector_start = .
 *(SORT_BY_ALIGNMENT(.exc_vector_table))
 *(SORT_BY_ALIGNMENT(.exc_vector_table.*))
 *fill*         0x0000000040000040      0x7c0 
 .exc_vector_table._vector_table_section
                0x0000000040000800      0x784 zephyr/arch/arch/arm64/core/libarch__arm64__core.a(vector_table.S.obj)
                0x0000000040000800                _vector_table
 *(SORT_BY_ALIGNMENT(.vectors))
                0x0000000040000f84                _vector_end = .
 *(SORT_BY_ALIGNMENT(.text))
 *fill*         0x0000000040000f84        0xc 
 .text          0x0000000040000f90       0x2c /home/ubuntu/zephyr-sdk-0.13.2/aarch64-zephyr-elf/bin/../lib/gcc/aarch64-zephyr-elf/10.3.0/libgcc.a(swp_8_4.o)
                0x0000000040000f90                __aarch64_swp8_acq_rel
 *fill*         0x0000000040000fbc        0x4 
 .text          0x0000000040000fc0       0x30 /home/ubuntu/zephyr-sdk-0.13.2/aarch64-zephyr-elf/bin/../lib/gcc/aarch64-zephyr-elf/10.3.0/libgcc.a(ldclr_8_4.o)
                0x0000000040000fc0                __aarch64_ldclr8_acq_rel
 .text          0x0000000040000ff0       0x30 /home/ubuntu/zephyr-sdk-0.13.2/aarch64-zephyr-elf/bin/../lib/gcc/aarch64-zephyr-elf/10.3.0/libgcc.a(ldset_8_4.o)
                0x0000000040000ff0                __aarch64_ldset8_acq_rel
 *(SORT_BY_ALIGNMENT(.text.*))
 .text._reset_section
                0x0000000040001020       0xf8 zephyr/arch/arch/arm64/core/libarch__arm64__core.a(reset.S.obj)
                0x0000000040001020                __reset_prep_c
                0x0000000040001094                __reset
                0x0000000040001094                __start
 .text._isr_wrapper
                0x0000000040001118       0xa0 zephyr/arch/arch/arm64/core/libarch__arm64__core.a(isr_wrapper.S.obj)
                0x0000000040001118                _isr_wrapper
 .text._OffsetAbsSyms
                0x00000000400011b8        0x4 zephyr/CMakeFiles/offsets.dir/./arch/arm64/core/offsets/offsets.c.obj
                0x00000000400011b8                _OffsetAbsSyms
 .text.main     0x00000000400011bc       0x20 app/libapp.a(main.c.obj)
                0x00000000400011bc                main
 .text.arch_printk_char_out
                0x00000000400011dc        0x8 zephyr/libzephyr.a(printk.c.obj)
                0x00000000400011dc                arch_printk_char_out
 .text.char_out
                0x00000000400011e4       0x1c zephyr/libzephyr.a(printk.c.obj)
 .text.str_out  0x0000000040001200       0x48 zephyr/libzephyr.a(printk.c.obj)
 .text.__printk_hook_install
                0x0000000040001248        0xc zephyr/libzephyr.a(printk.c.obj)
                0x0000000040001248                __printk_hook_install
 .text.vprintk  0x0000000040001254       0x3c zephyr/libzephyr.a(printk.c.obj)
                0x0000000040001254                vprintk
 .text.printk   0x0000000040001290       0x78 zephyr/libzephyr.a(printk.c.obj)
                0x0000000040001290                printk
 .text.vsnprintk
                0x0000000040001308       0x58 zephyr/libzephyr.a(printk.c.obj)
                0x0000000040001308                vsnprintk
 .text.snprintk
                0x0000000040001360       0x74 zephyr/libzephyr.a(printk.c.obj)
                0x0000000040001360                snprintk
 .text.z_thread_entry
                0x00000000400013d4       0x24 zephyr/libzephyr.a(thread_entry.c.obj)
                0x00000000400013d4                z_thread_entry
 .text.setup_bundle_data.constprop.0
                0x00000000400013f8       0x50 zephyr/libzephyr.a(bitarray.c.obj)
 .text.set_region
                0x0000000040001448      0x174 zephyr/libzephyr.a(bitarray.c.obj)
 .text.set_clear_region
                0x00000000400015bc       0x74 zephyr/libzephyr.a(bitarray.c.obj)
 .text.match_region
                0x0000000040001630       0xec zephyr/libzephyr.a(bitarray.c.obj)
 .text.sys_bitarray_alloc
                0x000000004000171c      0x114 zephyr/libzephyr.a(bitarray.c.obj)
                0x000000004000171c                sys_bitarray_alloc
 .text.sys_bitarray_free
                0x0000000040001830       0xa8 zephyr/libzephyr.a(bitarray.c.obj)
                0x0000000040001830                sys_bitarray_free
 .text.sys_bitarray_set_region
                0x00000000400018d8        0x8 zephyr/libzephyr.a(bitarray.c.obj)
                0x00000000400018d8                sys_bitarray_set_region
 .text._get_digit
                0x00000000400018e0       0x40 zephyr/libzephyr.a(cbprintf_complete.c.obj)
 .text.encode_uint
                0x0000000040001920       0xc4 zephyr/libzephyr.a(cbprintf_complete.c.obj)
 .text.outs     0x00000000400019e4       0x70 zephyr/libzephyr.a(cbprintf_complete.c.obj)
 .text.cbvprintf
                0x0000000040001a54     0x1200 zephyr/libzephyr.a(cbprintf_complete.c.obj)
                0x0000000040001a54                cbvprintf
 .text.ring_buf_get_rewind_threshold
                0x0000000040002c54        0x8 zephyr/libzephyr.a(ring_buffer.c.obj)
                0x0000000040002c54                ring_buf_get_rewind_threshold
 .text.ring_buf_put_claim
                0x0000000040002c5c       0x5c zephyr/libzephyr.a(ring_buffer.c.obj)
                0x0000000040002c5c                ring_buf_put_claim
 .text.ring_buf_put_finish
                0x0000000040002cb8       0x68 zephyr/libzephyr.a(ring_buffer.c.obj)
                0x0000000040002cb8                ring_buf_put_finish
 .text.ring_buf_put
                0x0000000040002d20       0x80 zephyr/libzephyr.a(ring_buffer.c.obj)
                0x0000000040002d20                ring_buf_put
 .text.ring_buf_get_claim
                0x0000000040002da0       0x9c zephyr/libzephyr.a(ring_buffer.c.obj)
                0x0000000040002da0                ring_buf_get_claim
 .text.ring_buf_get_finish
                0x0000000040002e3c       0x7c zephyr/libzephyr.a(ring_buffer.c.obj)
                0x0000000040002e3c                ring_buf_get_finish
 .text.ring_buf_get
                0x0000000040002eb8       0x88 zephyr/libzephyr.a(ring_buffer.c.obj)
                0x0000000040002eb8                ring_buf_get
 .text.foldcase
                0x0000000040002f40       0x18 zephyr/libzephyr.a(fnmatch.c.obj)
 .text.fnmatchx
                0x0000000040002f58      0x378 zephyr/libzephyr.a(fnmatch.c.obj)
 .text.fnmatch  0x00000000400032d0        0x8 zephyr/libzephyr.a(fnmatch.c.obj)
                0x00000000400032d0                fnmatch
 .text.getopt_init
                0x00000000400032d8       0x1c zephyr/libzephyr.a(getopt.c.obj)
                0x00000000400032d8                getopt_init
 .text._ConfigAbsSyms
                0x00000000400032f4        0x4 zephyr/libzephyr.a(configs.c.obj)
                0x00000000400032f4                _ConfigAbsSyms
 .text.z_arm64_el3_plat_init
                0x00000000400032f8        0xc zephyr/libzephyr.a(plat_core.c.obj)
                0x00000000400032f8                z_arm64_el3_plat_init
 .text.cmd_kernel_version
                0x0000000040003304       0x44 zephyr/libzephyr.a(kernel_service.c.obj)
 .text.cmd_kernel_uptime
                0x0000000040003348       0x40 zephyr/libzephyr.a(kernel_service.c.obj)
 .text.cmd_kernel_threads
                0x0000000040003388       0x60 zephyr/libzephyr.a(kernel_service.c.obj)
 .text.cmd_kernel_stacks
                0x00000000400033e8       0x8c zephyr/libzephyr.a(kernel_service.c.obj)
 .text.shell_tdata_dump
                0x0000000040003474      0x118 zephyr/libzephyr.a(kernel_service.c.obj)
 .text.cmd_kernel_cycles
                0x000000004000358c       0x3c zephyr/libzephyr.a(kernel_service.c.obj)
 .text.shell_stack_dump
                0x00000000400035c8       0xac zephyr/libzephyr.a(kernel_service.c.obj)
 .text.get_device_name
                0x0000000040003674       0x48 zephyr/libzephyr.a(device_service.c.obj)
 .text.cmd_device_list_visitor
                0x00000000400036bc       0x40 zephyr/libzephyr.a(device_service.c.obj)
 .text.cmd_device_list
                0x00000000400036fc       0xf0 zephyr/libzephyr.a(device_service.c.obj)
 .text.device_get_config_level
                0x00000000400037ec       0x98 zephyr/libzephyr.a(device_service.c.obj)
 .text.cmd_device_levels
                0x0000000040003884      0x10c zephyr/libzephyr.a(device_service.c.obj)
 .text.cmd_devmem
                0x0000000040003990      0x1a0 zephyr/libzephyr.a(devmem_service.c.obj)
 .text.set_bypass.isra.0
                0x0000000040003b30       0x84 zephyr/libzephyr.a(devmem_service.c.obj)
 .text.bypass_cb
                0x0000000040003bb4      0x1d8 zephyr/libzephyr.a(devmem_service.c.obj)
 .text.cmd_load
                0x0000000040003d8c      0x160 zephyr/libzephyr.a(devmem_service.c.obj)
 .text.uart_irq_tx_disable
                0x0000000040003eec       0x18 zephyr/libzephyr.a(shell_uart.c.obj)
 .text.uninit   0x0000000040003f04       0x44 zephyr/libzephyr.a(shell_uart.c.obj)
 .text.enable   0x0000000040003f48       0x38 zephyr/libzephyr.a(shell_uart.c.obj)
 .text.read     0x0000000040003f80       0x34 zephyr/libzephyr.a(shell_uart.c.obj)
 .text.enable_shell_uart
                0x0000000040003fb4       0x5c zephyr/libzephyr.a(shell_uart.c.obj)
 .text.write    0x0000000040004010       0xc0 zephyr/libzephyr.a(shell_uart.c.obj)
 .text.init     0x00000000400040d0       0x98 zephyr/libzephyr.a(shell_uart.c.obj)
 .text.uart_callback
                0x0000000040004168      0x184 zephyr/libzephyr.a(shell_uart.c.obj)
 .text.atomic_or
                0x00000000400042ec       0x20 zephyr/libzephyr.a(shell.c.obj)
 .text.atomic_and
                0x000000004000430c       0x20 zephyr/libzephyr.a(shell.c.obj)
 .text.shell_signal_handle
                0x000000004000432c       0x68 zephyr/libzephyr.a(shell.c.obj)
 .text.z_shell_strlen
                0x0000000040004394       0x24 zephyr/libzephyr.a(shell.c.obj)
 .text.z_shell_raw_fprintf
                0x00000000400043b8       0x74 zephyr/libzephyr.a(shell.c.obj)
 .text.shell_internal_help_print
                0x000000004000442c       0x3c zephyr/libzephyr.a(shell.c.obj)
 .text.k_mutex_lock.constprop.0.isra.0
                0x0000000040004468        0x4 zephyr/libzephyr.a(shell.c.obj)
 .text.transport_evt_handler
                0x000000004000446c       0x1c zephyr/libzephyr.a(shell.c.obj)
 .text.kill_handler
                0x0000000040004488       0x7c zephyr/libzephyr.a(shell.c.obj)
 .text.z_cursor_next_line_move.isra.0
                0x0000000040004504        0xc zephyr/libzephyr.a(shell.c.obj)
 .text.z_flag_history_exit_set.isra.0
                0x0000000040004510       0x1c zephyr/libzephyr.a(shell.c.obj)
 .text.history_handle
                0x000000004000452c       0xf8 zephyr/libzephyr.a(shell.c.obj)
 .text.z_flag_insert_mode_set.isra.0
                0x0000000040004624       0x34 zephyr/libzephyr.a(shell.c.obj)
 .text.k_mutex_unlock.isra.0
                0x0000000040004658        0x4 zephyr/libzephyr.a(shell.c.obj)
 .text.execute  0x000000004000465c      0x470 zephyr/libzephyr.a(shell.c.obj)
 .text.state_set.constprop.0
                0x0000000040004acc       0x70 zephyr/libzephyr.a(shell.c.obj)
 .text.shell_process
                0x0000000040004b3c      0x85c zephyr/libzephyr.a(shell.c.obj)
                0x0000000040004b3c                shell_process
 .text.shell_init
                0x0000000040005398      0x178 zephyr/libzephyr.a(shell.c.obj)
                0x0000000040005398                shell_init
 .text.shell_start
                0x0000000040005510       0x74 zephyr/libzephyr.a(shell.c.obj)
                0x0000000040005510                shell_start
 .text.shell_thread
                0x0000000040005584       0xfc zephyr/libzephyr.a(shell.c.obj)
                0x0000000040005584                shell_thread
 .text.shell_vfprintf
                0x0000000040005680       0xd0 zephyr/libzephyr.a(shell.c.obj)
                0x0000000040005680                shell_vfprintf
 .text.shell_fprintf
                0x0000000040005750       0x74 zephyr/libzephyr.a(shell.c.obj)
                0x0000000040005750                shell_fprintf
 .text.cmd_help
                0x00000000400057c4       0x80 zephyr/libzephyr.a(shell.c.obj)
 .text.shell_set_bypass
                0x0000000040005844        0xc zephyr/libzephyr.a(shell.c.obj)
                0x0000000040005844                shell_set_bypass
 .text.z_shell_fprintf_buffer_flush
                0x0000000040005850       0x3c zephyr/libzephyr.a(shell_fprintf.c.obj)
                0x0000000040005850                z_shell_fprintf_buffer_flush
 .text.z_shell_fprintf_fmt
                0x000000004000588c       0x60 zephyr/libzephyr.a(shell_fprintf.c.obj)
                0x000000004000588c                z_shell_fprintf_fmt
 .text.out_func
                0x00000000400058ec       0x78 zephyr/libzephyr.a(shell_fprintf.c.obj)
 .text.z_shell_strlen
                0x0000000040005964       0x24 zephyr/libzephyr.a(shell_utils.c.obj)
 .text.z_column_span_with_buffer_offsets_get
                0x0000000040005988       0x28 zephyr/libzephyr.a(shell_utils.c.obj)
                0x0000000040005988                z_column_span_with_buffer_offsets_get
 .text.z_row_span_with_buffer_offsets_get
                0x00000000400059b0       0x20 zephyr/libzephyr.a(shell_utils.c.obj)
                0x00000000400059b0                z_row_span_with_buffer_offsets_get
 .text.z_shell_multiline_data_calc
                0x00000000400059d0       0x44 zephyr/libzephyr.a(shell_utils.c.obj)
                0x00000000400059d0                z_shell_multiline_data_calc
 .text.z_shell_make_argv
                0x0000000040005a14      0x28c zephyr/libzephyr.a(shell_utils.c.obj)
                0x0000000040005a14                z_shell_make_argv
 .text.z_shell_pattern_remove
                0x0000000040005ca0       0xa4 zephyr/libzephyr.a(shell_utils.c.obj)
                0x0000000040005ca0                z_shell_pattern_remove
 .text.z_shell_cmd_get
                0x0000000040005d44       0x98 zephyr/libzephyr.a(shell_utils.c.obj)
                0x0000000040005d44                z_shell_cmd_get
 .text.z_shell_find_cmd
                0x0000000040005ddc       0x80 zephyr/libzephyr.a(shell_utils.c.obj)
                0x0000000040005ddc                z_shell_find_cmd
 .text.z_shell_get_last_command
                0x0000000040005e5c       0xac zephyr/libzephyr.a(shell_utils.c.obj)
                0x0000000040005e5c                z_shell_get_last_command
 .text.z_shell_spaces_trim
                0x0000000040005f08       0xc4 zephyr/libzephyr.a(shell_utils.c.obj)
                0x0000000040005f08                z_shell_spaces_trim
 .text.z_shell_cmd_trim
                0x0000000040005fcc       0xcc zephyr/libzephyr.a(shell_utils.c.obj)
                0x0000000040005fcc                z_shell_cmd_trim
 .text.z_shell_raw_fprintf
                0x0000000040006098       0x74 zephyr/libzephyr.a(shell_ops.c.obj)
 .text.z_clear_eos
                0x000000004000610c       0x20 zephyr/libzephyr.a(shell_ops.c.obj)
 .text.z_cursor_next_line_move.isra.0
                0x000000004000612c        0xc zephyr/libzephyr.a(shell_ops.c.obj)
 .text.full_line_cmd
                0x0000000040006138       0x58 zephyr/libzephyr.a(shell_ops.c.obj)
 .text.z_shell_op_cursor_vert_move
                0x0000000040006190       0x40 zephyr/libzephyr.a(shell_ops.c.obj)
                0x0000000040006190                z_shell_op_cursor_vert_move
 .text.z_shell_op_cursor_horiz_move
                0x00000000400061d0       0x40 zephyr/libzephyr.a(shell_ops.c.obj)
                0x00000000400061d0                z_shell_op_cursor_horiz_move
 .text.z_shell_cursor_in_empty_line
                0x0000000040006210       0x58 zephyr/libzephyr.a(shell_ops.c.obj)
                0x0000000040006210                z_shell_cursor_in_empty_line
 .text.z_shell_op_cond_next_line
                0x0000000040006268       0x48 zephyr/libzephyr.a(shell_ops.c.obj)
                0x0000000040006268                z_shell_op_cond_next_line
 .text.z_shell_op_cursor_position_synchronize
                0x00000000400062b0       0x94 zephyr/libzephyr.a(shell_ops.c.obj)
                0x00000000400062b0                z_shell_op_cursor_position_synchronize
 .text.z_shell_op_cursor_move
                0x0000000040006344       0x94 zephyr/libzephyr.a(shell_ops.c.obj)
                0x0000000040006344                z_shell_op_cursor_move
 .text.z_shell_op_cursor_word_move
                0x00000000400063d8       0xd0 zephyr/libzephyr.a(shell_ops.c.obj)
                0x00000000400063d8                z_shell_op_cursor_word_move
 .text.z_shell_op_cursor_home_move
                0x00000000400064a8       0x10 zephyr/libzephyr.a(shell_ops.c.obj)
                0x00000000400064a8                z_shell_op_cursor_home_move
 .text.z_shell_op_cursor_end_move
                0x00000000400064b8       0x14 zephyr/libzephyr.a(shell_ops.c.obj)
                0x00000000400064b8                z_shell_op_cursor_end_move
 .text.z_shell_op_left_arrow
                0x00000000400064cc       0x18 zephyr/libzephyr.a(shell_ops.c.obj)
                0x00000000400064cc                z_shell_op_left_arrow
 .text.z_shell_op_right_arrow
                0x00000000400064e4       0x20 zephyr/libzephyr.a(shell_ops.c.obj)
                0x00000000400064e4                z_shell_op_right_arrow
 .text.z_shell_op_delete_from_cursor
                0x0000000040006504       0x18 zephyr/libzephyr.a(shell_ops.c.obj)
                0x0000000040006504                z_shell_op_delete_from_cursor
 .text.z_shell_cmd_line_erase
                0x000000004000651c       0x60 zephyr/libzephyr.a(shell_ops.c.obj)
                0x000000004000651c                z_shell_cmd_line_erase
 .text.z_shell_print_cmd
                0x000000004000657c       0x18 zephyr/libzephyr.a(shell_ops.c.obj)
                0x000000004000657c                z_shell_print_cmd
 .text.z_shell_write
                0x0000000040006594       0xd4 zephyr/libzephyr.a(shell_ops.c.obj)
                0x0000000040006594                z_shell_write
 .text.z_shell_print_stream
                0x0000000040006668        0x4 zephyr/libzephyr.a(shell_ops.c.obj)
                0x0000000040006668                z_shell_print_stream
 .text.z_shell_vt100_color_set
                0x000000004000666c       0x5c zephyr/libzephyr.a(shell_ops.c.obj)
                0x000000004000666c                z_shell_vt100_color_set
 .text.z_shell_vt100_colors_restore
                0x00000000400066c8       0x68 zephyr/libzephyr.a(shell_ops.c.obj)
                0x00000000400066c8                z_shell_vt100_colors_restore
 .text.z_shell_vfprintf
                0x0000000040006730       0xb4 zephyr/libzephyr.a(shell_ops.c.obj)
                0x0000000040006730                z_shell_vfprintf
 .text.z_shell_fprintf
                0x00000000400067e4       0x74 zephyr/libzephyr.a(shell_ops.c.obj)
                0x00000000400067e4                z_shell_fprintf
 .text.z_shell_op_word_remove
                0x0000000040006858      0x140 zephyr/libzephyr.a(shell_ops.c.obj)
                0x0000000040006858                z_shell_op_word_remove
 .text.reprint_from_cursor
                0x0000000040006998       0xd4 zephyr/libzephyr.a(shell_ops.c.obj)
 .text.data_insert
                0x0000000040006a6c       0xd4 zephyr/libzephyr.a(shell_ops.c.obj)
 .text.z_shell_op_char_insert
                0x0000000040006b40       0xa4 zephyr/libzephyr.a(shell_ops.c.obj)
                0x0000000040006b40                z_shell_op_char_insert
 .text.z_shell_op_completion_insert
                0x0000000040006be4        0x4 zephyr/libzephyr.a(shell_ops.c.obj)
                0x0000000040006be4                z_shell_op_completion_insert
 .text.z_shell_op_char_delete
                0x0000000040006be8       0x74 zephyr/libzephyr.a(shell_ops.c.obj)
                0x0000000040006be8                z_shell_op_char_delete
 .text.z_shell_op_char_backspace
                0x0000000040006c5c       0x40 zephyr/libzephyr.a(shell_ops.c.obj)
                0x0000000040006c5c                z_shell_op_char_backspace
 .text.z_shell_print_prompt_and_cmd
                0x0000000040006c9c       0x58 zephyr/libzephyr.a(shell_ops.c.obj)
                0x0000000040006c9c                z_shell_print_prompt_and_cmd
 .text.z_shell_raw_fprintf
                0x0000000040006cf4       0x74 zephyr/libzephyr.a(shell_help.c.obj)
 .text.z_cursor_next_line_move.isra.0
                0x0000000040006d68        0xc zephyr/libzephyr.a(shell_help.c.obj)
 .text.formatted_text_print.constprop.0
                0x0000000040006d74      0x174 zephyr/libzephyr.a(shell_help.c.obj)
 .text.z_shell_help_subcmd_print
                0x0000000040006ee8      0x138 zephyr/libzephyr.a(shell_help.c.obj)
                0x0000000040006ee8                z_shell_help_subcmd_print
 .text.z_shell_help_cmd_print
                0x0000000040007020       0x80 zephyr/libzephyr.a(shell_help.c.obj)
                0x0000000040007020                z_shell_help_cmd_print
 .text.z_shell_help_request
                0x00000000400070a0        0x8 zephyr/libzephyr.a(shell_help.c.obj)
                0x00000000400070a0                z_shell_help_request
 .text.z_shell_getopt_init
                0x00000000400070a8        0x4 zephyr/libzephyr.a(shell_getopt.c.obj)
                0x00000000400070a8                z_shell_getopt_init
 .text.cmd_shell_stats_reset
                0x00000000400070ac       0x10 zephyr/libzephyr.a(shell_cmds.c.obj)
 .text.z_shell_raw_fprintf
                0x00000000400070bc       0x74 zephyr/libzephyr.a(shell_cmds.c.obj)
 .text.cmd_resize_default
                0x0000000040007130       0x4c zephyr/libzephyr.a(shell_cmds.c.obj)
 .text.cmd_shell_stats_show
                0x000000004000717c       0x2c zephyr/libzephyr.a(shell_cmds.c.obj)
 .text.cmd_history
                0x00000000400071a8       0x78 zephyr/libzephyr.a(shell_cmds.c.obj)
 .text.cmd_echo
                0x0000000040007220       0x70 zephyr/libzephyr.a(shell_cmds.c.obj)
 .text.cmd_clear
                0x0000000040007290       0x60 zephyr/libzephyr.a(shell_cmds.c.obj)
 .text.cmd_resize
                0x00000000400072f0      0x24c zephyr/libzephyr.a(shell_cmds.c.obj)
 .text.cmd_bacskpace_mode_backspace
                0x000000004000753c       0x24 zephyr/libzephyr.a(shell_cmds.c.obj)
 .text.cmd_bacskpace_mode_delete
                0x0000000040007560       0x24 zephyr/libzephyr.a(shell_cmds.c.obj)
 .text.cmd_echo_off
                0x0000000040007584       0x24 zephyr/libzephyr.a(shell_cmds.c.obj)
 .text.cmd_colors_off
                0x00000000400075a8       0x24 zephyr/libzephyr.a(shell_cmds.c.obj)
 .text.cmd_colors_on
                0x00000000400075cc       0x24 zephyr/libzephyr.a(shell_cmds.c.obj)
 .text.cmd_echo_on
                0x00000000400075f0       0x24 zephyr/libzephyr.a(shell_cmds.c.obj)
 .text.remove_from_tail.part.0
                0x0000000040007614       0x40 zephyr/libzephyr.a(shell_history.c.obj)
 .text.z_shell_history_mode_exit
                0x0000000040007654        0x8 zephyr/libzephyr.a(shell_history.c.obj)
                0x0000000040007654                z_shell_history_mode_exit
 .text.z_shell_history_get
                0x000000004000765c       0xac zephyr/libzephyr.a(shell_history.c.obj)
                0x000000004000765c                z_shell_history_get
 .text.z_shell_history_purge
                0x0000000040007708       0x3c zephyr/libzephyr.a(shell_history.c.obj)
                0x0000000040007708                z_shell_history_purge
 .text.z_shell_history_put
                0x0000000040007744      0x168 zephyr/libzephyr.a(shell_history.c.obj)
                0x0000000040007744                z_shell_history_put
 .text.z_shell_history_init
                0x00000000400078ac       0x10 zephyr/libzephyr.a(shell_history.c.obj)
                0x00000000400078ac                z_shell_history_init
 .text.z_shell_has_wildcard
                0x00000000400078bc       0x64 zephyr/libzephyr.a(shell_wildcard.c.obj)
                0x00000000400078bc                z_shell_has_wildcard
 .text.z_shell_wildcard_prepare
                0x0000000040007920       0x78 zephyr/libzephyr.a(shell_wildcard.c.obj)
                0x0000000040007920                z_shell_wildcard_prepare
 .text.z_shell_wildcard_process
                0x0000000040007998      0x17c zephyr/libzephyr.a(shell_wildcard.c.obj)
                0x0000000040007998                z_shell_wildcard_process
 .text.z_shell_wildcard_finalize
                0x0000000040007b14       0x3c zephyr/libzephyr.a(shell_wildcard.c.obj)
                0x0000000040007b14                z_shell_wildcard_finalize
 .text.cmd_zvisor_delete
                0x0000000040007b50       0x24 zephyr/libzephyr.a(shell.c.obj)
 .text.cmd_zvisor_list
                0x0000000040007b74       0x24 zephyr/libzephyr.a(shell.c.obj)
 .text.cmd_zvisor_update
                0x0000000040007b98       0x24 zephyr/libzephyr.a(shell.c.obj)
 .text.cmd_zvisor_run
                0x0000000040007bbc       0x24 zephyr/libzephyr.a(shell.c.obj)
 .text.cmd_zvisor_set
                0x0000000040007be0       0x24 zephyr/libzephyr.a(shell.c.obj)
 .text.cmd_zvisor_new
                0x0000000040007c04       0x24 zephyr/libzephyr.a(shell.c.obj)
 .text.arch_cpu_idle
                0x0000000040007c28       0x10 zephyr/arch/arch/arm64/core/libarch__arm64__core.a(cpu_idle.S.obj)
                0x0000000040007c28                arch_cpu_idle
 .text.z_arm64_fatal_error
                0x0000000040007c38       0x4c zephyr/arch/arch/arm64/core/libarch__arm64__core.a(fatal.c.obj)
                0x0000000040007c38                z_arm64_fatal_error
 .text.z_arm64_do_kernel_oops
                0x0000000040007c84       0x14 zephyr/arch/arch/arm64/core/libarch__arm64__core.a(fatal.c.obj)
                0x0000000040007c84                z_arm64_do_kernel_oops
 .text.z_arm64_interrupt_init
                0x0000000040007c98        0x4 zephyr/arch/arch/arm64/core/libarch__arm64__core.a(irq_init.c.obj)
                0x0000000040007c98                z_arm64_interrupt_init
 .text.arch_irq_enable
                0x0000000040007c9c        0x4 zephyr/arch/arch/arm64/core/libarch__arm64__core.a(irq_manage.c.obj)
                0x0000000040007c9c                arch_irq_enable
 .text.z_arm64_irq_priority_set
                0x0000000040007ca0        0x4 zephyr/arch/arch/arm64/core/libarch__arm64__core.a(irq_manage.c.obj)
                0x0000000040007ca0                z_arm64_irq_priority_set
 .text.z_irq_spurious
                0x0000000040007ca4        0xc zephyr/arch/arch/arm64/core/libarch__arm64__core.a(irq_manage.c.obj)
                0x0000000040007ca4                z_irq_spurious
 .text.z_arm64_prep_c
                0x0000000040007cb0       0x44 zephyr/arch/arch/arm64/core/libarch__arm64__core.a(prep_c.c.obj)
                0x0000000040007cb0                z_arm64_prep_c
 .text.z_arm64_el3_plat_prep_c
                0x0000000040007cf4        0x4 zephyr/arch/arch/arm64/core/libarch__arm64__core.a(reset.S.obj)
                0x0000000040007cf4                z_arm64_el3_plat_prep_c
 .text.z_arm64_el2_plat_prep_c
                0x0000000040007cf8        0x4 zephyr/arch/arch/arm64/core/libarch__arm64__core.a(reset.S.obj)
                0x0000000040007cf8                z_arm64_el2_plat_prep_c
 .text.z_arm64_el1_plat_prep_c
                0x0000000040007cfc        0x4 zephyr/arch/arch/arm64/core/libarch__arm64__core.a(reset.S.obj)
                0x0000000040007cfc                z_arm64_el1_plat_prep_c
 .text.el3_get_next_el
                0x0000000040007d00       0x28 zephyr/arch/arch/arm64/core/libarch__arm64__core.a(reset.c.obj)
 .text.z_arm64_el_highest_plat_init
                0x0000000040007d28        0x4 zephyr/arch/arch/arm64/core/libarch__arm64__core.a(reset.c.obj)
                0x0000000040007d28                z_arm64_el_highest_plat_init
 .text.z_arm64_el2_plat_init
                0x0000000040007d2c        0x4 zephyr/arch/arch/arm64/core/libarch__arm64__core.a(reset.c.obj)
                0x0000000040007d2c                z_arm64_el2_plat_init
 .text.z_arm64_el1_plat_init
                0x0000000040007d30        0x4 zephyr/arch/arch/arm64/core/libarch__arm64__core.a(reset.c.obj)
                0x0000000040007d30                z_arm64_el1_plat_init
 .text.z_arm64_el_highest_init
                0x0000000040007d34       0x48 zephyr/arch/arch/arm64/core/libarch__arm64__core.a(reset.c.obj)
                0x0000000040007d34                z_arm64_el_highest_init
 .text.z_arm64_el2_init
                0x0000000040007d7c       0x4c zephyr/arch/arch/arm64/core/libarch__arm64__core.a(reset.c.obj)
                0x0000000040007d7c                z_arm64_el2_init
 .text.z_arm64_el3_init
                0x0000000040007dc8       0x58 zephyr/arch/arch/arm64/core/libarch__arm64__core.a(reset.c.obj)
                0x0000000040007dc8                z_arm64_el3_init
 .text.z_arm64_el1_init
                0x0000000040007e20       0x4c zephyr/arch/arch/arm64/core/libarch__arm64__core.a(reset.c.obj)
                0x0000000040007e20                z_arm64_el1_init
 .text.z_arm64_el3_get_next_el
                0x0000000040007e6c       0x2c zephyr/arch/arch/arm64/core/libarch__arm64__core.a(reset.c.obj)
                0x0000000040007e6c                z_arm64_el3_get_next_el
 .text.z_arm64_context_switch
                0x0000000040007e98       0x68 zephyr/arch/arch/arm64/core/libarch__arm64__core.a(switch.S.obj)
                0x0000000040007e98                z_arm64_context_switch
 .text.z_arm64_sync_exc
                0x0000000040007f00       0x64 zephyr/arch/arch/arm64/core/libarch__arm64__core.a(switch.S.obj)
                0x0000000040007f00                z_arm64_sync_exc
 .text.z_arm64_call_svc
                0x0000000040007f64        0x8 zephyr/arch/arch/arm64/core/libarch__arm64__core.a(switch.S.obj)
                0x0000000040007f64                z_arm64_call_svc
 .text.arch_new_thread
                0x0000000040007f6c       0x34 zephyr/arch/arch/arm64/core/libarch__arm64__core.a(thread.c.obj)
                0x0000000040007f6c                arch_new_thread
 .text.z_arch_get_next_switch_handle
                0x0000000040007fa0       0x14 zephyr/arch/arch/arm64/core/libarch__arm64__core.a(thread.c.obj)
                0x0000000040007fa0                z_arch_get_next_switch_handle
 .text.z_arm64_serror
                0x0000000040007fb4       0x10 zephyr/arch/arch/arm64/core/libarch__arm64__core.a(vector_table.S.obj)
                0x0000000040007fb4                z_arm64_serror
 .text.z_arm64_exit_exc
                0x0000000040007fc4       0x5c zephyr/arch/arch/arm64/core/libarch__arm64__core.a(vector_table.S.obj)
                0x0000000040007fc4                z_arm64_exit_exc
                0x0000000040007fc8                z_arm64_exit_exc_fpu_done
 .text.z_arm64_fpu_enter_exc
                0x0000000040008020       0x14 zephyr/arch/arch/arm64/core/libarch__arm64__core.a(fpu.c.obj)
                0x0000000040008020                z_arm64_fpu_enter_exc
 .text.z_arm64_fpu_trap
                0x0000000040008034       0xe4 zephyr/arch/arch/arm64/core/libarch__arm64__core.a(fpu.c.obj)
                0x0000000040008034                z_arm64_fpu_trap
 .text.z_arm64_fpu_exit_exc
                0x0000000040008118       0x40 zephyr/arch/arch/arm64/core/libarch__arm64__core.a(fpu.c.obj)
                0x0000000040008118                z_arm64_fpu_exit_exc
 .text.z_arm64_fpu_save
                0x0000000040008158       0x54 zephyr/arch/arch/arm64/core/libarch__arm64__core.a(fpu.S.obj)
                0x0000000040008158                z_arm64_fpu_save
 .text.z_arm64_fpu_restore
                0x00000000400081ac       0x54 zephyr/arch/arch/arm64/core/libarch__arm64__core.a(fpu.S.obj)
                0x00000000400081ac                z_arm64_fpu_restore
 .text.new_table
                0x0000000040008200       0x48 zephyr/arch/arch/arm64/core/libarch__arm64__core.a(mmu.c.obj)
 .text.table_usage
                0x0000000040008248       0x38 zephyr/arch/arch/arm64/core/libarch__arm64__core.a(mmu.c.obj)
 .text.set_mapping.constprop.0
                0x0000000040008280      0x238 zephyr/arch/arch/arm64/core/libarch__arm64__core.a(mmu.c.obj)
 .text.__add_map.constprop.0
                0x00000000400084b8       0xb4 zephyr/arch/arch/arm64/core/libarch__arm64__core.a(mmu.c.obj)
 .text.z_arm64_mm_init
                0x000000004000856c      0x114 zephyr/arch/arch/arm64/core/libarch__arm64__core.a(mmu.c.obj)
                0x000000004000856c                z_arm64_mm_init
 .text.arch_mem_map
                0x0000000040008680       0x90 zephyr/arch/arch/arm64/core/libarch__arm64__core.a(mmu.c.obj)
                0x0000000040008680                arch_mem_map
 .text.arch_virt_region_align
                0x0000000040008710       0x44 zephyr/arch/arch/arm64/core/libarch__arm64__core.a(mmu.c.obj)
                0x0000000040008710                arch_virt_region_align
 .text.arch_dcache_all
                0x0000000040008754       0xec zephyr/arch/arch/arm64/core/libarch__arm64__core.a(cache.c.obj)
                0x0000000040008754                arch_dcache_all
 .text.strtol   0x0000000040008840      0x188 zephyr/lib/libc/minimal/liblib__libc__minimal.a(strtol.c.obj)
                0x0000000040008840                strtol
 .text.strtoul  0x00000000400089c8      0x180 zephyr/lib/libc/minimal/liblib__libc__minimal.a(strtoul.c.obj)
                0x00000000400089c8                strtoul
 .text.strstr   0x0000000040008b48       0x80 zephyr/lib/libc/minimal/liblib__libc__minimal.a(strstr.c.obj)
                0x0000000040008b48                strstr
 .text.strcpy   0x0000000040008bc8       0x24 zephyr/lib/libc/minimal/liblib__libc__minimal.a(string.c.obj)
                0x0000000040008bc8                strcpy
 .text.strncpy  0x0000000040008bec       0x40 zephyr/lib/libc/minimal/liblib__libc__minimal.a(string.c.obj)
                0x0000000040008bec                strncpy
 .text.strchr   0x0000000040008c2c       0x28 zephyr/lib/libc/minimal/liblib__libc__minimal.a(string.c.obj)
                0x0000000040008c2c                strchr
 .text.strlen   0x0000000040008c54       0x1c zephyr/lib/libc/minimal/liblib__libc__minimal.a(string.c.obj)
                0x0000000040008c54                strlen
 .text.strnlen  0x0000000040008c70       0x24 zephyr/lib/libc/minimal/liblib__libc__minimal.a(string.c.obj)
                0x0000000040008c70                strnlen
 .text.strcmp   0x0000000040008c94       0x24 zephyr/lib/libc/minimal/liblib__libc__minimal.a(string.c.obj)
                0x0000000040008c94                strcmp
 .text.strncmp  0x0000000040008cb8       0x34 zephyr/lib/libc/minimal/liblib__libc__minimal.a(string.c.obj)
                0x0000000040008cb8                strncmp
 .text.memcmp   0x0000000040008cec       0x38 zephyr/lib/libc/minimal/liblib__libc__minimal.a(string.c.obj)
                0x0000000040008cec                memcmp
 .text.memmove  0x0000000040008d24       0x3c zephyr/lib/libc/minimal/liblib__libc__minimal.a(string.c.obj)
                0x0000000040008d24                memmove
 .text.memcpy   0x0000000040008d60       0x20 zephyr/lib/libc/minimal/liblib__libc__minimal.a(string.c.obj)
                0x0000000040008d60                memcpy
 .text.memset   0x0000000040008d80       0x20 zephyr/lib/libc/minimal/liblib__libc__minimal.a(string.c.obj)
                0x0000000040008d80                memset
 .text._stdout_hook_default
                0x0000000040008da0        0x8 zephyr/lib/libc/minimal/liblib__libc__minimal.a(stdout_console.c.obj)
 .text.__stdout_hook_install
                0x0000000040008da8        0xc zephyr/lib/libc/minimal/liblib__libc__minimal.a(stdout_console.c.obj)
                0x0000000040008da8                __stdout_hook_install
 .text.sprintf_out
                0x0000000040008db4       0x34 zephyr/lib/libc/minimal/liblib__libc__minimal.a(sprintf.c.obj)
 .text.snprintf
                0x0000000040008de8       0x98 zephyr/lib/libc/minimal/liblib__libc__minimal.a(sprintf.c.obj)
                0x0000000040008de8                snprintf
 .text.gic_get_rdist
                0x0000000040008e80       0x1c zephyr/drivers/interrupt_controller/libdrivers__interrupt_controller.a(intc_gicv3.c.obj)
 .text.gic_wait_rwp.isra.0
                0x0000000040008e9c       0x4c zephyr/drivers/interrupt_controller/libdrivers__interrupt_controller.a(intc_gicv3.c.obj)
 .text.arm_gic_init
                0x0000000040008ee8      0x244 zephyr/drivers/interrupt_controller/libdrivers__interrupt_controller.a(intc_gicv3.c.obj)
                0x0000000040008ee8                arm_gic_init
 .text.arm_gic_irq_set_priority
                0x000000004000912c       0xbc zephyr/drivers/interrupt_controller/libdrivers__interrupt_controller.a(intc_gicv3.c.obj)
                0x000000004000912c                arm_gic_irq_set_priority
 .text.arm_gic_irq_enable
                0x00000000400091e8       0x60 zephyr/drivers/interrupt_controller/libdrivers__interrupt_controller.a(intc_gicv3.c.obj)
                0x00000000400091e8                arm_gic_irq_enable
 .text.arm_gic_get_active
                0x0000000040009248        0x8 zephyr/drivers/interrupt_controller/libdrivers__interrupt_controller.a(intc_gicv3.c.obj)
                0x0000000040009248                arm_gic_get_active
 .text.arm_gic_eoi
                0x0000000040009250        0xc zephyr/drivers/interrupt_controller/libdrivers__interrupt_controller.a(intc_gicv3.c.obj)
                0x0000000040009250                arm_gic_eoi
 .text.uart_console_init
                0x000000004000925c       0x58 zephyr/drivers/console/libdrivers__console.a(uart_console.c.obj)
 .text.console_out
                0x00000000400092b4       0x54 zephyr/drivers/console/libdrivers__console.a(uart_console.c.obj)
 .text.pl011_poll_in
                0x0000000040009308       0x50 zephyr/drivers/serial/libdrivers__serial.a(uart_pl011.c.obj)
 .text.pl011_poll_out
                0x0000000040009358       0x1c zephyr/drivers/serial/libdrivers__serial.a(uart_pl011.c.obj)
 .text.pl011_fifo_fill
                0x0000000040009374       0x3c zephyr/drivers/serial/libdrivers__serial.a(uart_pl011.c.obj)
 .text.pl011_fifo_read
                0x00000000400093b0       0x40 zephyr/drivers/serial/libdrivers__serial.a(uart_pl011.c.obj)
 .text.pl011_irq_tx_enable
                0x00000000400093f0       0x18 zephyr/drivers/serial/libdrivers__serial.a(uart_pl011.c.obj)
 .text.pl011_irq_tx_disable
                0x0000000040009408       0x18 zephyr/drivers/serial/libdrivers__serial.a(uart_pl011.c.obj)
 .text.pl011_irq_tx_complete
                0x0000000040009420       0x14 zephyr/drivers/serial/libdrivers__serial.a(uart_pl011.c.obj)
 .text.pl011_irq_rx_enable
                0x0000000040009434       0x1c zephyr/drivers/serial/libdrivers__serial.a(uart_pl011.c.obj)
 .text.pl011_irq_rx_disable
                0x0000000040009450       0x1c zephyr/drivers/serial/libdrivers__serial.a(uart_pl011.c.obj)
 .text.pl011_irq_rx_ready
                0x000000004000946c       0x3c zephyr/drivers/serial/libdrivers__serial.a(uart_pl011.c.obj)
 .text.pl011_irq_err_enable
                0x00000000400094a8       0x18 zephyr/drivers/serial/libdrivers__serial.a(uart_pl011.c.obj)
 .text.pl011_irq_err_disable
                0x00000000400094c0       0x18 zephyr/drivers/serial/libdrivers__serial.a(uart_pl011.c.obj)
 .text.pl011_irq_update
                0x00000000400094d8        0x8 zephyr/drivers/serial/libdrivers__serial.a(uart_pl011.c.obj)
 .text.pl011_irq_callback_set
                0x00000000400094e0        0xc zephyr/drivers/serial/libdrivers__serial.a(uart_pl011.c.obj)
 .text.pl011_isr
                0x00000000400094ec       0x1c zephyr/drivers/serial/libdrivers__serial.a(uart_pl011.c.obj)
                0x00000000400094ec                pl011_isr
 .text.pl011_irq_config_func_0
                0x0000000040009508       0x24 zephyr/drivers/serial/libdrivers__serial.a(uart_pl011.c.obj)
 .text.pl011_irq_tx_ready
                0x000000004000952c       0x48 zephyr/drivers/serial/libdrivers__serial.a(uart_pl011.c.obj)
 .text.pl011_irq_is_pending
                0x0000000040009574       0x34 zephyr/drivers/serial/libdrivers__serial.a(uart_pl011.c.obj)
 .text.pl011_init
                0x00000000400095a8      0x13c zephyr/drivers/serial/libdrivers__serial.a(uart_pl011.c.obj)
 .text.arm_arch_timer_compare_isr
                0x00000000400096e4       0x48 zephyr/drivers/timer/libdrivers__timer.a(arm_arch_timer.c.obj)
 .text.sys_clock_driver_init
                0x000000004000972c       0x54 zephyr/drivers/timer/libdrivers__timer.a(arm_arch_timer.c.obj)
                0x000000004000972c                sys_clock_driver_init
 .text.sys_clock_set_timeout
                0x0000000040009780       0x98 zephyr/drivers/timer/libdrivers__timer.a(arm_arch_timer.c.obj)
                0x0000000040009780                sys_clock_set_timeout
 .text.sys_clock_elapsed
                0x0000000040009818       0x30 zephyr/drivers/timer/libdrivers__timer.a(arm_arch_timer.c.obj)
                0x0000000040009818                sys_clock_elapsed
 .text.sys_clock_cycle_get_32
                0x0000000040009848        0x8 zephyr/drivers/timer/libdrivers__timer.a(arm_arch_timer.c.obj)
                0x0000000040009848                sys_clock_cycle_get_32
 .text.arch_busy_wait
                0x0000000040009850       0x24 zephyr/drivers/timer/libdrivers__timer.a(arm_arch_timer.c.obj)
                0x0000000040009850                arch_busy_wait
 .text.device_visitor
                0x0000000040009874       0xb4 zephyr/kernel/libkernel.a(device.c.obj)
 .text.z_device_state_init
                0x0000000040009928        0x4 zephyr/kernel/libkernel.a(device.c.obj)
                0x0000000040009928                z_device_state_init
 .text.z_sys_init_run_level
                0x000000004000992c       0x80 zephyr/kernel/libkernel.a(device.c.obj)
                0x000000004000992c                z_sys_init_run_level
 .text.z_device_get_all_static
                0x00000000400099ac       0x2c zephyr/kernel/libkernel.a(device.c.obj)
                0x00000000400099ac                z_device_get_all_static
 .text.z_device_ready
                0x00000000400099d8       0x24 zephyr/kernel/libkernel.a(device.c.obj)
                0x00000000400099d8                z_device_ready
 .text.device_required_foreach
                0x00000000400099fc       0x40 zephyr/kernel/libkernel.a(device.c.obj)
                0x00000000400099fc                device_required_foreach
 .text.z_impl_z_errno
                0x0000000040009a3c       0x10 zephyr/kernel/libkernel.a(errno.c.obj)
                0x0000000040009a3c                z_impl_z_errno
 .text.arch_system_halt
                0x0000000040009a4c        0xc zephyr/kernel/libkernel.a(fatal.c.obj)
                0x0000000040009a4c                arch_system_halt
 .text.k_sys_fatal_error_handler
                0x0000000040009a58        0xc zephyr/kernel/libkernel.a(fatal.c.obj)
                0x0000000040009a58                k_sys_fatal_error_handler
 .text.z_fatal_error
                0x0000000040009a64       0x50 zephyr/kernel/libkernel.a(fatal.c.obj)
                0x0000000040009a64                z_fatal_error
 .text.init_idle_thread
                0x0000000040009ab4       0xb4 zephyr/kernel/libkernel.a(init.c.obj)
 .text.bg_thread_main
                0x0000000040009b68       0x54 zephyr/kernel/libkernel.a(init.c.obj)
 .text.z_cstart
                0x0000000040009bbc      0x114 zephyr/kernel/libkernel.a(init.c.obj)
                0x0000000040009bbc                z_cstart
 .text.k_thread_foreach
                0x0000000040009cd0       0x58 zephyr/kernel/libkernel.a(thread.c.obj)
                0x0000000040009cd0                k_thread_foreach
 .text.k_is_in_isr
                0x0000000040009d28       0x18 zephyr/kernel/libkernel.a(thread.c.obj)
                0x0000000040009d28                k_is_in_isr
 .text.z_thread_monitor_exit
                0x0000000040009d40       0x50 zephyr/kernel/libkernel.a(thread.c.obj)
                0x0000000040009d40                z_thread_monitor_exit
 .text.z_impl_k_thread_name_set
                0x0000000040009d90       0x40 zephyr/kernel/libkernel.a(thread.c.obj)
                0x0000000040009d90                z_impl_k_thread_name_set
 .text.k_thread_name_get
                0x0000000040009dd0        0x8 zephyr/kernel/libkernel.a(thread.c.obj)
                0x0000000040009dd0                k_thread_name_get
 .text.k_thread_state_str
                0x0000000040009dd8       0xa8 zephyr/kernel/libkernel.a(thread.c.obj)
                0x0000000040009dd8                k_thread_state_str
 .text.z_impl_k_thread_start
                0x0000000040009e80        0x4 zephyr/kernel/libkernel.a(thread.c.obj)
                0x0000000040009e80                z_impl_k_thread_start
 .text.z_setup_new_thread
                0x0000000040009e84      0x120 zephyr/kernel/libkernel.a(thread.c.obj)
                0x0000000040009e84                z_setup_new_thread
 .text.z_impl_k_thread_create
                0x0000000040009fa4       0x68 zephyr/kernel/libkernel.a(thread.c.obj)
                0x0000000040009fa4                z_impl_k_thread_create
 .text.z_init_static_threads
                0x000000004000a00c       0xdc zephyr/kernel/libkernel.a(thread.c.obj)
                0x000000004000a00c                z_init_static_threads
 .text.z_impl_k_thread_stack_space_get
                0x000000004000a0e8       0x30 zephyr/kernel/libkernel.a(thread.c.obj)
                0x000000004000a0e8                z_impl_k_thread_stack_space_get
 .text.sys_kernel_version_get
                0x000000004000a118        0xc zephyr/kernel/libkernel.a(version.c.obj)
                0x000000004000a118                sys_kernel_version_get
 .text.idle     0x000000004000a124       0x18 zephyr/kernel/libkernel.a(idle.c.obj)
                0x000000004000a124                idle
 .text.adjust_owner_prio.isra.0
                0x000000004000a13c       0x18 zephyr/kernel/libkernel.a(mutex.c.obj)
 .text.z_impl_k_mutex_init
                0x000000004000a154       0x14 zephyr/kernel/libkernel.a(mutex.c.obj)
                0x000000004000a154                z_impl_k_mutex_init
 .text.z_impl_k_mutex_lock
                0x000000004000a168      0x154 zephyr/kernel/libkernel.a(mutex.c.obj)
                0x000000004000a168                z_impl_k_mutex_lock
 .text.z_impl_k_mutex_unlock
                0x000000004000a2bc       0xc4 zephyr/kernel/libkernel.a(mutex.c.obj)
                0x000000004000a2bc                z_impl_k_mutex_unlock
 .text.z_impl_k_sem_give
                0x000000004000a380       0x60 zephyr/kernel/libkernel.a(sem.c.obj)
                0x000000004000a380                z_impl_k_sem_give
 .text.sys_dlist_remove
                0x000000004000a3e0       0x14 zephyr/kernel/libkernel.a(sched.c.obj)
 .text.unpend_thread_no_timeout
                0x000000004000a3f4       0x28 zephyr/kernel/libkernel.a(sched.c.obj)
 .text.z_sched_prio_cmp
                0x000000004000a41c       0x18 zephyr/kernel/libkernel.a(sched.c.obj)
                0x000000004000a41c                z_sched_prio_cmp
 .text.z_reset_time_slice
                0x000000004000a434       0x4c zephyr/kernel/libkernel.a(sched.c.obj)
                0x000000004000a434                z_reset_time_slice
 .text.z_swap_irqlock
                0x000000004000a480       0x6c zephyr/kernel/libkernel.a(sched.c.obj)
 .text.z_swap   0x000000004000a4ec       0x7c zephyr/kernel/libkernel.a(sched.c.obj)
 .text.k_sched_time_slice_set
                0x000000004000a568       0x88 zephyr/kernel/libkernel.a(sched.c.obj)
                0x000000004000a568                k_sched_time_slice_set
 .text.z_unpend_thread
                0x000000004000a5f0       0x2c zephyr/kernel/libkernel.a(sched.c.obj)
                0x000000004000a5f0                z_unpend_thread
 .text.z_reschedule
                0x000000004000a61c       0x3c zephyr/kernel/libkernel.a(sched.c.obj)
                0x000000004000a61c                z_reschedule
 .text.z_reschedule_irqlock
                0x000000004000a658       0x24 zephyr/kernel/libkernel.a(sched.c.obj)
                0x000000004000a658                z_reschedule_irqlock
 .text.z_reschedule_unlocked
                0x000000004000a67c        0xc zephyr/kernel/libkernel.a(sched.c.obj)
 .text.k_sched_lock
                0x000000004000a688       0x28 zephyr/kernel/libkernel.a(sched.c.obj)
                0x000000004000a688                k_sched_lock
 .text.z_swap_next_thread
                0x000000004000a6b0        0xc zephyr/kernel/libkernel.a(sched.c.obj)
                0x000000004000a6b0                z_swap_next_thread
 .text.z_get_next_switch_handle
                0x000000004000a6bc       0x20 zephyr/kernel/libkernel.a(sched.c.obj)
                0x000000004000a6bc                z_get_next_switch_handle
 .text.z_priq_dumb_best
                0x000000004000a6dc       0x10 zephyr/kernel/libkernel.a(sched.c.obj)
                0x000000004000a6dc                z_priq_dumb_best
 .text.update_cache
                0x000000004000a6ec       0x78 zephyr/kernel/libkernel.a(sched.c.obj)
 .text.move_thread_to_end_of_prio_q
                0x000000004000a764       0xb0 zephyr/kernel/libkernel.a(sched.c.obj)
 .text.z_time_slice
                0x000000004000a814       0xa8 zephyr/kernel/libkernel.a(sched.c.obj)
                0x000000004000a814                z_time_slice
 .text.ready_thread
                0x000000004000a8bc       0x9c zephyr/kernel/libkernel.a(sched.c.obj)
 .text.z_ready_thread
                0x000000004000a958       0x2c zephyr/kernel/libkernel.a(sched.c.obj)
                0x000000004000a958                z_ready_thread
 .text.z_sched_start
                0x000000004000a984       0x54 zephyr/kernel/libkernel.a(sched.c.obj)
                0x000000004000a984                z_sched_start
 .text.z_thread_timeout
                0x000000004000a9d8       0x64 zephyr/kernel/libkernel.a(sched.c.obj)
                0x000000004000a9d8                z_thread_timeout
 .text.unready_thread
                0x000000004000aa3c       0x50 zephyr/kernel/libkernel.a(sched.c.obj)
 .text.add_to_waitq_locked
                0x000000004000aa8c       0x9c zephyr/kernel/libkernel.a(sched.c.obj)
 .text.pend     0x000000004000ab28       0x64 zephyr/kernel/libkernel.a(sched.c.obj)
 .text.z_pend_curr
                0x000000004000ab8c       0x3c zephyr/kernel/libkernel.a(sched.c.obj)
                0x000000004000ab8c                z_pend_curr
 .text.z_set_prio
                0x000000004000abc8       0xe8 zephyr/kernel/libkernel.a(sched.c.obj)
                0x000000004000abc8                z_set_prio
 .text.k_sched_unlock
                0x000000004000acb0       0x44 zephyr/kernel/libkernel.a(sched.c.obj)
                0x000000004000acb0                k_sched_unlock
 .text.z_unpend_first_thread
                0x000000004000acf4       0x44 zephyr/kernel/libkernel.a(sched.c.obj)
                0x000000004000acf4                z_unpend_first_thread
 .text.z_sched_init
                0x000000004000ad38       0x20 zephyr/kernel/libkernel.a(sched.c.obj)
                0x000000004000ad38                z_sched_init
 .text.z_impl_k_yield
                0x000000004000ad58       0xcc zephyr/kernel/libkernel.a(sched.c.obj)
                0x000000004000ad58                z_impl_k_yield
 .text.z_impl_z_current_get
                0x000000004000ae24        0xc zephyr/kernel/libkernel.a(sched.c.obj)
                0x000000004000ae24                z_impl_z_current_get
 .text.z_impl_k_is_preempt_thread
                0x000000004000ae30       0x30 zephyr/kernel/libkernel.a(sched.c.obj)
                0x000000004000ae30                z_impl_k_is_preempt_thread
 .text.z_thread_abort
                0x000000004000ae60       0xf4 zephyr/kernel/libkernel.a(sched.c.obj)
                0x000000004000ae60                z_thread_abort
 .text.z_impl_k_thread_abort
                0x000000004000af54        0x4 zephyr/kernel/libkernel.a(sched.c.obj)
                0x000000004000af54                z_impl_k_thread_abort
 .text.z_sched_wake
                0x000000004000af58       0x60 zephyr/kernel/libkernel.a(sched.c.obj)
                0x000000004000af58                z_sched_wake
 .text.z_sched_wait
                0x000000004000afb8       0x34 zephyr/kernel/libkernel.a(sched.c.obj)
                0x000000004000afb8                z_sched_wait
 .text.elapsed  0x000000004000afec       0x18 zephyr/kernel/libkernel.a(timeout.c.obj)
 .text.next_timeout
                0x000000004000b004       0x74 zephyr/kernel/libkernel.a(timeout.c.obj)
 .text.remove_timeout
                0x000000004000b078       0x40 zephyr/kernel/libkernel.a(timeout.c.obj)
 .text.z_add_timeout
                0x000000004000b0b8      0x11c zephyr/kernel/libkernel.a(timeout.c.obj)
                0x000000004000b0b8                z_add_timeout
 .text.z_abort_timeout
                0x000000004000b1d4       0x40 zephyr/kernel/libkernel.a(timeout.c.obj)
                0x000000004000b1d4                z_abort_timeout
 .text.z_set_timeout_expiry
                0x000000004000b214       0x5c zephyr/kernel/libkernel.a(timeout.c.obj)
                0x000000004000b214                z_set_timeout_expiry
 .text.sys_clock_announce
                0x000000004000b270       0xd4 zephyr/kernel/libkernel.a(timeout.c.obj)
                0x000000004000b270                sys_clock_announce
 .text.sys_clock_tick_get
                0x000000004000b344       0x38 zephyr/kernel/libkernel.a(timeout.c.obj)
                0x000000004000b344                sys_clock_tick_get
 .text.z_impl_k_uptime_ticks
                0x000000004000b37c        0x4 zephyr/kernel/libkernel.a(timeout.c.obj)
                0x000000004000b37c                z_impl_k_uptime_ticks
 .text.z_impl_k_busy_wait
                0x000000004000b380        0xc zephyr/kernel/libkernel.a(timeout.c.obj)
                0x000000004000b380                z_impl_k_busy_wait
 .text.virt_region_free
                0x000000004000b38c       0xac zephyr/kernel/libkernel.a(mmu.c.obj)
 .text.free_page_frame_list_put
                0x000000004000b438       0x3c zephyr/kernel/libkernel.a(mmu.c.obj)
 .text.virt_region_alloc
                0x000000004000b474      0x114 zephyr/kernel/libkernel.a(mmu.c.obj)
 .text.z_phys_map
                0x000000004000b588       0xa0 zephyr/kernel/libkernel.a(mmu.c.obj)
                0x000000004000b588                z_phys_map
 .text.z_mem_manage_init
                0x000000004000b628       0xd0 zephyr/kernel/libkernel.a(mmu.c.obj)
                0x000000004000b628                z_mem_manage_init
 .text.z_mem_manage_boot_finish
                0x000000004000b6f8        0x4 zephyr/kernel/libkernel.a(mmu.c.obj)
                0x000000004000b6f8                z_mem_manage_boot_finish
 .text.add_event
                0x000000004000b6fc       0xc8 zephyr/kernel/libkernel.a(poll.c.obj)
 .text.register_events
                0x000000004000b7c4      0x1a0 zephyr/kernel/libkernel.a(poll.c.obj)
 .text.signal_poll_event
                0x000000004000b964       0xfc zephyr/kernel/libkernel.a(poll.c.obj)
 .text.clear_event_registrations
                0x000000004000ba60       0x7c zephyr/kernel/libkernel.a(poll.c.obj)
 .text.k_poll_event_init
                0x000000004000badc       0x24 zephyr/kernel/libkernel.a(poll.c.obj)
                0x000000004000badc                k_poll_event_init
 .text.z_impl_k_poll
                0x000000004000bb00       0xd8 zephyr/kernel/libkernel.a(poll.c.obj)
                0x000000004000bb00                z_impl_k_poll
 .text.z_handle_obj_poll_events
                0x000000004000bbd8       0x28 zephyr/kernel/libkernel.a(poll.c.obj)
                0x000000004000bbd8                z_handle_obj_poll_events
 .text.z_impl_k_poll_signal_init
                0x000000004000bc00        0xc zephyr/kernel/libkernel.a(poll.c.obj)
                0x000000004000bc00                z_impl_k_poll_signal_init
 .text.z_impl_k_poll_signal_reset
                0x000000004000bc0c        0x8 zephyr/kernel/libkernel.a(poll.c.obj)
                0x000000004000bc0c                z_impl_k_poll_signal_reset
 .text.z_impl_k_poll_signal_check
                0x000000004000bc14       0x14 zephyr/kernel/libkernel.a(poll.c.obj)
                0x000000004000bc14                z_impl_k_poll_signal_check
 .text.z_impl_k_poll_signal_raise
                0x000000004000bc28       0x78 zephyr/kernel/libkernel.a(poll.c.obj)
                0x000000004000bc28                z_impl_k_poll_signal_raise
 .text.boot_banner
                0x000000004000bca0       0x1c zephyr/kernel/libkernel.a(banner.c.obj)
                0x000000004000bca0                boot_banner
 .text.k_sys_work_q_init
                0x000000004000bcbc       0x44 zephyr/kernel/libkernel.a(system_work_q.c.obj)
 .text.flag_test_and_clear
                0x000000004000bd00       0x24 zephyr/kernel/libkernel.a(work.c.obj)
 .text.notify_queue_locked.isra.0
                0x000000004000bd24       0x18 zephyr/kernel/libkernel.a(work.c.obj)
 .text.work_queue_main
                0x000000004000bd3c      0x190 zephyr/kernel/libkernel.a(work.c.obj)
 .text.submit_to_queue_locked
                0x000000004000becc      0x120 zephyr/kernel/libkernel.a(work.c.obj)
 .text.k_work_submit_to_queue
                0x000000004000bfec       0x54 zephyr/kernel/libkernel.a(work.c.obj)
                0x000000004000bfec                k_work_submit_to_queue
 .text.k_work_queue_start
                0x000000004000c040       0xa8 zephyr/kernel/libkernel.a(work.c.obj)
                0x000000004000c040                k_work_queue_start
 *(SORT_BY_ALIGNMENT(.gnu.linkonce.t.*))
 *(SORT_BY_ALIGNMENT(.glue_7t))
 *(SORT_BY_ALIGNMENT(.glue_7))
 *(SORT_BY_ALIGNMENT(.vfp11_veneer))
 *(SORT_BY_ALIGNMENT(.v4_bx))
                0x000000004000d000                . = ALIGN (_region_min_align)
 *fill*         0x000000004000c0e8      0xf18 
                0x000000004000d000                __text_region_end = .
                0x000000000000d000                __text_region_size = (__text_region_end - __text_region_start)

.ARM.exidx      0x000000004000d000        0x0
                0x000000004000d000                __exidx_start = .
 *(SORT_BY_ALIGNMENT(.ARM.exidx*) SORT_BY_ALIGNMENT(gnu.linkonce.armexidx.*))
                0x000000004000d000                __exidx_end = .
                0x000000004000d000                __rodata_region_start = .

initlevel       0x000000004000d000       0x60
                0x000000004000d000                __init_start = .
                0x000000004000d000                __init_PRE_KERNEL_1_start = .
 *(SORT_BY_NAME(SORT_BY_ALIGNMENT(.z_init_PRE_KERNEL_1[0-9]_*)))
 *(SORT_BY_NAME(SORT_BY_ALIGNMENT(.z_init_PRE_KERNEL_1[1-9][0-9]_*)))
 .z_init_PRE_KERNEL_140_
                0x000000004000d000       0x10 zephyr/drivers/interrupt_controller/libdrivers__interrupt_controller.a(intc_gicv3.c.obj)
 .z_init_PRE_KERNEL_150_
                0x000000004000d010       0x10 zephyr/drivers/serial/libdrivers__serial.a(uart_pl011.c.obj)
 .z_init_PRE_KERNEL_160_
                0x000000004000d020       0x10 zephyr/drivers/console/libdrivers__console.a(uart_console.c.obj)
                0x000000004000d030                __init_PRE_KERNEL_2_start = .
 *(SORT_BY_NAME(SORT_BY_ALIGNMENT(.z_init_PRE_KERNEL_2[0-9]_*)))
 .z_init_PRE_KERNEL_20_
                0x000000004000d030       0x10 zephyr/drivers/timer/libdrivers__timer.a(sys_clock_init.c.obj)
 *(SORT_BY_NAME(SORT_BY_ALIGNMENT(.z_init_PRE_KERNEL_2[1-9][0-9]_*)))
                0x000000004000d040                __init_POST_KERNEL_start = .
 *(SORT_BY_NAME(SORT_BY_ALIGNMENT(.z_init_POST_KERNEL[0-9]_*)))
 .z_init_POST_KERNEL0_
                0x000000004000d040       0x10 zephyr/libzephyr.a(shell_uart.c.obj)
 *(SORT_BY_NAME(SORT_BY_ALIGNMENT(.z_init_POST_KERNEL[1-9][0-9]_*)))
 .z_init_POST_KERNEL40_
                0x000000004000d050       0x10 zephyr/kernel/libkernel.a(system_work_q.c.obj)
                0x000000004000d060                __init_APPLICATION_start = .
 *(SORT_BY_NAME(SORT_BY_ALIGNMENT(.z_init_APPLICATION[0-9]_*)))
 *(SORT_BY_NAME(SORT_BY_ALIGNMENT(.z_init_APPLICATION[1-9][0-9]_*)))
                0x000000004000d060                __init_SMP_start = .
 *(SORT_BY_NAME(SORT_BY_ALIGNMENT(.z_init_SMP[0-9]_*)))
 *(SORT_BY_NAME(SORT_BY_ALIGNMENT(.z_init_SMP[1-9][0-9]_*)))
                0x000000004000d060                __init_end = .

devices         0x000000004000d060       0x60
                0x000000004000d060                __device_start = .
                0x000000004000d060                __device_PRE_KERNEL_1_start = .
 *(SORT_BY_NAME(SORT_BY_ALIGNMENT(.z_device_PRE_KERNEL_1[0-9]_*)))
 *(SORT_BY_NAME(SORT_BY_ALIGNMENT(.z_device_PRE_KERNEL_1[1-9][0-9]_*)))
 .z_device_PRE_KERNEL_150_
                0x000000004000d060       0x30 zephyr/drivers/serial/libdrivers__serial.a(uart_pl011.c.obj)
                0x000000004000d060                __device_dts_ord_13
                0x000000004000d090                __device_PRE_KERNEL_2_start = .
 *(SORT_BY_NAME(SORT_BY_ALIGNMENT(.z_device_PRE_KERNEL_2[0-9]_*)))
 .z_device_PRE_KERNEL_20_
                0x000000004000d090       0x30 zephyr/drivers/timer/libdrivers__timer.a(sys_clock_init.c.obj)
 *(SORT_BY_NAME(SORT_BY_ALIGNMENT(.z_device_PRE_KERNEL_2[1-9][0-9]_*)))
                0x000000004000d0c0                __device_POST_KERNEL_start = .
 *(SORT_BY_NAME(SORT_BY_ALIGNMENT(.z_device_POST_KERNEL[0-9]_*)))
 *(SORT_BY_NAME(SORT_BY_ALIGNMENT(.z_device_POST_KERNEL[1-9][0-9]_*)))
                0x000000004000d0c0                __device_APPLICATION_start = .
 *(SORT_BY_NAME(SORT_BY_ALIGNMENT(.z_device_APPLICATION[0-9]_*)))
 *(SORT_BY_NAME(SORT_BY_ALIGNMENT(.z_device_APPLICATION[1-9][0-9]_*)))
                0x000000004000d0c0                __device_SMP_start = .
 *(SORT_BY_NAME(SORT_BY_ALIGNMENT(.z_device_SMP[0-9]_*)))
 *(SORT_BY_NAME(SORT_BY_ALIGNMENT(.z_device_SMP[1-9][0-9]_*)))
                0x000000004000d0c0                __device_end = .

sw_isr_table    0x000000004000d0c0      0xdc0
                0x000000004000d0c0                . = ALIGN (0x0)
 *(SORT_BY_ALIGNMENT(.gnu.linkonce.sw_isr_table*))
 .gnu.linkonce.sw_isr_table
                0x000000004000d0c0      0xdc0 zephyr/arch/common/libisr_tables.a(isr_tables.c.obj)
                0x000000004000d0c0                _sw_isr_table

initlevel_error
                0x000000004000d000        0x0
 *(SORT_BY_NAME(SORT_BY_ALIGNMENT(.z_init_[_A-Z0-9]*)))
                0x0000000000000001                ASSERT ((SIZEOF (initlevel_error) == 0x0), Undefined initialization levels used.)

app_shmem_regions
                0x000000004000de80        0x0
                0x000000004000de80                __app_shmem_regions_start = .
 *(SORT_BY_NAME(SORT_BY_ALIGNMENT(.app_regions.*)))
                0x000000004000de80                __app_shmem_regions_end = .

bt_l2cap_fixed_chan_area
                0x000000004000de80        0x0
                0x000000004000de80                _bt_l2cap_fixed_chan_list_start = .
 *(SORT_BY_NAME(SORT_BY_ALIGNMENT(._bt_l2cap_fixed_chan.static.*)))
                0x000000004000de80                _bt_l2cap_fixed_chan_list_end = .

bt_gatt_service_static_area
                0x000000004000de80        0x0
                0x000000004000de80                _bt_gatt_service_static_list_start = .
 *(SORT_BY_NAME(SORT_BY_ALIGNMENT(._bt_gatt_service_static.static.*)))
                0x000000004000de80                _bt_gatt_service_static_list_end = .

k_p4wq_initparam_area
                0x000000004000de80        0x0
                0x000000004000de80                _k_p4wq_initparam_list_start = .
 *(SORT_BY_NAME(SORT_BY_ALIGNMENT(._k_p4wq_initparam.static.*)))
                0x000000004000de80                _k_p4wq_initparam_list_end = .

log_strings_sections
                0x000000004000de80        0x0
                0x000000004000de80                __log_strings_start = .
 *(SORT_BY_NAME(SORT_BY_ALIGNMENT(.log_strings*)))
                0x000000004000de80                __log_strings_end = .

log_const_sections
                0x000000004000de80        0x0
                0x000000004000de80                __log_const_start = .
 *(SORT_BY_NAME(SORT_BY_ALIGNMENT(.log_const_*)))
                0x000000004000de80                __log_const_end = .

log_backends_sections
                0x000000004000de80        0x0
                0x000000004000de80                __log_backends_start = .
 *(SORT_BY_ALIGNMENT(._log_backend.*))
                0x000000004000de80                __log_backends_end = .

shell_area      0x000000004000de80       0x58
                0x000000004000de80                _shell_list_start = .
 *(SORT_BY_NAME(SORT_BY_ALIGNMENT(._shell.static.*)))
 ._shell.static.shell_uart
                0x000000004000de80       0x58 zephyr/libzephyr.a(shell_uart.c.obj)
                0x000000004000ded8                _shell_list_end = .

shell_root_cmds_sections
                0x000000004000ded8       0x90
                0x000000004000ded8                __shell_root_cmds_start = .
 *(SORT_BY_NAME(SORT_BY_ALIGNMENT(.shell_root_cmd_*)))
 .shell_root_cmd_clear
                0x000000004000ded8       0x10 zephyr/libzephyr.a(shell_cmds.c.obj)
 .shell_root_cmd_device
                0x000000004000dee8       0x10 zephyr/libzephyr.a(device_service.c.obj)
 .shell_root_cmd_devmem
                0x000000004000def8       0x10 zephyr/libzephyr.a(devmem_service.c.obj)
 .shell_root_cmd_help
                0x000000004000df08       0x10 zephyr/libzephyr.a(shell.c.obj)
 .shell_root_cmd_history
                0x000000004000df18       0x10 zephyr/libzephyr.a(shell_cmds.c.obj)
 .shell_root_cmd_kernel
                0x000000004000df28       0x10 zephyr/libzephyr.a(kernel_service.c.obj)
 .shell_root_cmd_resize
                0x000000004000df38       0x10 zephyr/libzephyr.a(shell_cmds.c.obj)
 .shell_root_cmd_shell
                0x000000004000df48       0x10 zephyr/libzephyr.a(shell_cmds.c.obj)
 .shell_root_cmd_zvisor
                0x000000004000df58       0x10 zephyr/libzephyr.a(shell.c.obj)
                0x000000004000df68                __shell_root_cmds_end = .

font_entry_sections
                0x000000004000df68        0x0
                0x000000004000df68                __font_entry_start = .
 *(SORT_BY_NAME(SORT_BY_ALIGNMENT(._cfb_font.*)))
                0x000000004000df68                __font_entry_end = .

tracing_backend_area
                0x000000004000df68        0x0
                0x000000004000df68                _tracing_backend_list_start = .
 *(SORT_BY_NAME(SORT_BY_ALIGNMENT(._tracing_backend.static.*)))
                0x000000004000df68                _tracing_backend_list_end = .

zephyr_dbg_info
 *(SORT_BY_ALIGNMENT(.dbg_thread_info))

device_handles  0x000000004000df68        0xc
                0x000000004000df68                __device_handles_start = .
 *(SORT_BY_NAME(SORT_BY_ALIGNMENT(.__device_handles_pass2*)))
 .__device_handles_pass2
                0x000000004000df68        0xc zephyr/CMakeFiles/zephyr_pre1.dir/dev_handles.c.obj
                0x000000004000df68                __devicehdl_sys_init_sys_clock_driver_init0
                0x000000004000df6e                __devicehdl_DT_N_S_soc_S_uart_9000000
                0x000000004000df74                __device_handles_end = .

rodata          0x000000004000df78     0x1a1f
 *(SORT_BY_ALIGNMENT(.gnu.linkonce.irq_vector_table*))
 *(SORT_BY_ALIGNMENT(.rodata))
 .rodata        0x000000004000df78       0x10 zephyr/libzephyr.a(shell.c.obj)
 .rodata        0x000000004000df88       0x12 zephyr/libzephyr.a(shell_ops.c.obj)
 .rodata        0x000000004000df9a       0x1a zephyr/libzephyr.a(shell_cmds.c.obj)
 *(SORT_BY_ALIGNMENT(.rodata.*))
 *fill*         0x000000004000dfb4        0x4 
 .rodata.mmu_config
                0x000000004000dfb8       0x10 zephyr/libzephyr.a(mmu_regions.c.obj)
                0x000000004000dfb8                mmu_config
 .rodata.mmu_regions
                0x000000004000dfc8       0x78 zephyr/libzephyr.a(mmu_regions.c.obj)
 .rodata._shell_kernel
                0x000000004000e040       0x28 zephyr/libzephyr.a(kernel_service.c.obj)
 .rodata.shell_sub_kernel
                0x000000004000e068       0xf0 zephyr/libzephyr.a(kernel_service.c.obj)
 .rodata.sub_kernel
                0x000000004000e158       0x10 zephyr/libzephyr.a(kernel_service.c.obj)
 .rodata._shell_device
                0x000000004000e168       0x28 zephyr/libzephyr.a(device_service.c.obj)
 .rodata.levels
                0x000000004000e190       0x28 zephyr/libzephyr.a(device_service.c.obj)
 .rodata.shell_sub_device
                0x000000004000e1b8       0x78 zephyr/libzephyr.a(device_service.c.obj)
 .rodata.sub_device
                0x000000004000e230       0x10 zephyr/libzephyr.a(device_service.c.obj)
 .rodata._shell_devmem
                0x000000004000e240       0x28 zephyr/libzephyr.a(devmem_service.c.obj)
 .rodata.shell_sub_devmem
                0x000000004000e268       0x50 zephyr/libzephyr.a(devmem_service.c.obj)
 .rodata.sub_devmem
                0x000000004000e2b8       0x10 zephyr/libzephyr.a(devmem_service.c.obj)
 .rodata.shell_transport_uart_shell_uart
                0x000000004000e2c8       0x20 zephyr/libzephyr.a(shell_uart.c.obj)
 .rodata.shell_uart_fprintf
                0x000000004000e2e8       0x28 zephyr/libzephyr.a(shell_uart.c.obj)
 .rodata.shell_uart_transport_api
                0x000000004000e310       0x30 zephyr/libzephyr.a(shell_uart.c.obj)
                0x000000004000e310                shell_uart_transport_api
 .rodata._shell_help
                0x000000004000e340       0x28 zephyr/libzephyr.a(shell.c.obj)
 .rodata._shell_clear
                0x000000004000e368       0x28 zephyr/libzephyr.a(shell_cmds.c.obj)
 .rodata._shell_history
                0x000000004000e390       0x28 zephyr/libzephyr.a(shell_cmds.c.obj)
 .rodata._shell_resize
                0x000000004000e3b8       0x28 zephyr/libzephyr.a(shell_cmds.c.obj)
 .rodata._shell_shell
                0x000000004000e3e0       0x28 zephyr/libzephyr.a(shell_cmds.c.obj)
 .rodata.m_sub_backspace_mode
                0x000000004000e408       0x10 zephyr/libzephyr.a(shell_cmds.c.obj)
 .rodata.m_sub_colors
                0x000000004000e418       0x10 zephyr/libzephyr.a(shell_cmds.c.obj)
 .rodata.m_sub_echo
                0x000000004000e428       0x10 zephyr/libzephyr.a(shell_cmds.c.obj)
 .rodata.m_sub_resize
                0x000000004000e438       0x10 zephyr/libzephyr.a(shell_cmds.c.obj)
 .rodata.m_sub_shell
                0x000000004000e448       0x10 zephyr/libzephyr.a(shell_cmds.c.obj)
 .rodata.m_sub_shell_stats
                0x000000004000e458       0x10 zephyr/libzephyr.a(shell_cmds.c.obj)
 .rodata.shell_m_sub_backspace_mode
                0x000000004000e468       0x78 zephyr/libzephyr.a(shell_cmds.c.obj)
 .rodata.shell_m_sub_colors
                0x000000004000e4e0       0x78 zephyr/libzephyr.a(shell_cmds.c.obj)
 .rodata.shell_m_sub_echo
                0x000000004000e558       0x78 zephyr/libzephyr.a(shell_cmds.c.obj)
 .rodata.shell_m_sub_resize
                0x000000004000e5d0       0x50 zephyr/libzephyr.a(shell_cmds.c.obj)
 .rodata.shell_m_sub_shell
                0x000000004000e620       0xc8 zephyr/libzephyr.a(shell_cmds.c.obj)
 .rodata.shell_m_sub_shell_stats
                0x000000004000e6e8       0x78 zephyr/libzephyr.a(shell_cmds.c.obj)
 .rodata._shell_zvisor
                0x000000004000e760       0x28 zephyr/libzephyr.a(shell.c.obj)
 .rodata.m_sub_zvisor
                0x000000004000e788       0x10 zephyr/libzephyr.a(shell.c.obj)
 .rodata.shell_m_sub_zvisor
                0x000000004000e798      0x118 zephyr/libzephyr.a(shell.c.obj)
 .rodata.mmu_zephyr_ranges
                0x000000004000e8b0       0x60 zephyr/arch/arch/arm64/core/libarch__arm64__core.a(mmu.c.obj)
 .rodata.pl011_driver_api
                0x000000004000e910       0x98 zephyr/drivers/serial/libdrivers__serial.a(uart_pl011.c.obj)
 .rodata.levels.0
                0x000000004000e9a8       0x28 zephyr/kernel/libkernel.a(device.c.obj)
 .rodata.cbvprintf
                0x000000004000e9d0       0x84 zephyr/libzephyr.a(cbprintf_complete.c.obj)
 .rodata.cfg_flags.0
                0x000000004000ea54        0x4 zephyr/libzephyr.a(shell_uart.c.obj)
 .rodata.shell_process
                0x000000004000ea58       0x70 zephyr/libzephyr.a(shell.c.obj)
 .rodata.k_thread_state_str
                0x000000004000eac8       0x11 zephyr/kernel/libkernel.a(thread.c.obj)
 *fill*         0x000000004000ead9        0x3 
 .rodata.register_events
                0x000000004000eadc       0x10 zephyr/kernel/libkernel.a(poll.c.obj)
 .rodata.main.str1.1
                0x000000004000eaec       0x15 app/libapp.a(main.c.obj)
 .rodata.cbvprintf.str1.1
                0x000000004000eb01        0x6 zephyr/libzephyr.a(cbprintf_complete.c.obj)
 .rodata.getopt_init.str1.1
                0x000000004000eb07        0x6 zephyr/libzephyr.a(getopt.c.obj)
                                          0x1 (size before relaxing)
 .rodata.str1.1
                0x000000004000eb07        0x9 zephyr/libzephyr.a(mmu_regions.c.obj)
 .rodata.cmd_kernel_version.str1.1
                0x000000004000eb10       0x19 zephyr/libzephyr.a(kernel_service.c.obj)
 .rodata.cmd_kernel_uptime.str1.1
                0x000000004000eb29        0xf zephyr/libzephyr.a(kernel_service.c.obj)
 .rodata.cmd_kernel_threads.str1.1
                0x000000004000eb38       0x29 zephyr/libzephyr.a(kernel_service.c.obj)
 .rodata.cmd_kernel_stacks.str1.1
                0x000000004000eb61       0x46 zephyr/libzephyr.a(kernel_service.c.obj)
 .rodata.shell_tdata_dump.str1.1
                0x000000004000eba7       0xb8 zephyr/libzephyr.a(kernel_service.c.obj)
                                         0xba (size before relaxing)
 .rodata.cmd_kernel_cycles.str1.1
                0x000000004000ec5f       0x16 zephyr/libzephyr.a(kernel_service.c.obj)
 .rodata.shell_stack_dump.str1.1
                0x000000004000ec75       0x3e zephyr/libzephyr.a(kernel_service.c.obj)
 .rodata.str1.1
                0x000000004000ecb3       0x99 zephyr/libzephyr.a(kernel_service.c.obj)
 .rodata.get_device_name.str1.1
                0x000000004000ed4c        0x5 zephyr/libzephyr.a(device_service.c.obj)
 .rodata.cmd_device_list_visitor.str1.1
                0x000000004000ed51       0x10 zephyr/libzephyr.a(device_service.c.obj)
 .rodata.cmd_device_list.str1.1
                0x000000004000ed61       0x25 zephyr/libzephyr.a(device_service.c.obj)
 .rodata.device_get_config_level.str1.1
                0x000000004000ed86        0x6 zephyr/libzephyr.a(device_service.c.obj)
 .rodata.cmd_device_levels.str1.1
                0x000000004000ed8c       0x42 zephyr/libzephyr.a(device_service.c.obj)
 .rodata.str1.1
                0x000000004000edce       0x56 zephyr/libzephyr.a(device_service.c.obj)
                                         0x5d (size before relaxing)
 .rodata.cmd_devmem.str1.1
                0x000000004000ee24       0x68 zephyr/libzephyr.a(devmem_service.c.obj)
 .rodata.set_bypass.isra.0.str1.1
                0x000000004000ee8c       0x65 zephyr/libzephyr.a(devmem_service.c.obj)
 .rodata.bypass_cb.str1.1
                0x000000004000eef1       0x1a zephyr/libzephyr.a(devmem_service.c.obj)
 .rodata.cmd_load.str1.1
                0x000000004000ef0b       0x1b zephyr/libzephyr.a(devmem_service.c.obj)
 .rodata.str1.1
                0x000000004000ef26       0x8d zephyr/libzephyr.a(devmem_service.c.obj)
 .rodata.str1.1
                0x000000004000efb3       0x14 zephyr/libzephyr.a(shell_uart.c.obj)
 .rodata.shell_internal_help_print.str1.1
                0x000000004000efc7        0xe zephyr/libzephyr.a(shell.c.obj)
 .rodata.z_cursor_next_line_move.isra.0.str1.1
                0x000000004000efd5        0xe zephyr/libzephyr.a(shell.c.obj)
                                          0x2 (size before relaxing)
 .rodata.execute.str1.1
                0x000000004000efd5       0xb4 zephyr/libzephyr.a(shell.c.obj)
                                         0xbe (size before relaxing)
 .rodata.state_set.constprop.0.str1.1
                0x000000004000f089       0x44 zephyr/libzephyr.a(shell.c.obj)
                                         0x47 (size before relaxing)
 .rodata.shell_process.str1.1
                0x000000004000f0cd        0x9 zephyr/libzephyr.a(shell.c.obj)
 .rodata.shell_start.str1.1
                0x000000004000f0d6        0x9 zephyr/libzephyr.a(shell.c.obj)
                                          0x3 (size before relaxing)
 .rodata.shell_thread.str1.1
                0x000000004000f0d6       0x17 zephyr/libzephyr.a(shell.c.obj)
 .rodata.cmd_help.str1.1
                0x000000004000f0ed      0x1a1 zephyr/libzephyr.a(shell.c.obj)
 .rodata.str1.1
                0x000000004000f28e       0x1e zephyr/libzephyr.a(shell.c.obj)
 .rodata.z_cursor_next_line_move.isra.0.str1.1
                0x000000004000f2ac        0x2 zephyr/libzephyr.a(shell_ops.c.obj)
 .rodata.z_shell_op_cursor_vert_move.str1.1
                0x000000004000f2ac        0x7 zephyr/libzephyr.a(shell_ops.c.obj)
 .rodata.z_shell_print_cmd.str1.1
                0x000000004000f2b3        0x3 zephyr/libzephyr.a(shell_ops.c.obj)
 .rodata.z_shell_vt100_color_set.str1.1
                0x000000004000f2b3        0x9 zephyr/libzephyr.a(shell_ops.c.obj)
 .rodata.z_shell_vt100_colors_restore.str1.1
                0x000000004000f2bc        0x9 zephyr/libzephyr.a(shell_ops.c.obj)
 .rodata.reprint_from_cursor.str1.1
                0x000000004000f2c5        0x2 zephyr/libzephyr.a(shell_ops.c.obj)
 .rodata.z_shell_op_char_insert.str1.1
                0x000000004000f2c5        0x9 zephyr/libzephyr.a(shell_ops.c.obj)
                                          0x3 (size before relaxing)
 .rodata.z_cursor_next_line_move.isra.0.str1.1
                0x000000004000f2c5        0x2 zephyr/libzephyr.a(shell_help.c.obj)
 .rodata.z_shell_help_subcmd_print.str1.1
                0x000000004000f2c5        0xa zephyr/libzephyr.a(shell_help.c.obj)
 .rodata.z_shell_help_cmd_print.str1.1
                0x000000004000f2cf        0xa zephyr/libzephyr.a(shell_help.c.obj)
                                          0x5 (size before relaxing)
 .rodata.cmd_sep.0
                0x000000004000f2cf        0x4 zephyr/libzephyr.a(shell_help.c.obj)
 .rodata.tabulator.1
                0x000000004000f2d3        0x3 zephyr/libzephyr.a(shell_help.c.obj)
 .rodata.cmd_shell_stats_show.str1.1
                0x000000004000f2d6       0x10 zephyr/libzephyr.a(shell_cmds.c.obj)
 .rodata.cmd_history.str1.1
                0x000000004000f2e6        0xa zephyr/libzephyr.a(shell_cmds.c.obj)
 .rodata.cmd_echo.str1.1
                0x000000004000f2f0       0x33 zephyr/libzephyr.a(shell_cmds.c.obj)
                                         0x36 (size before relaxing)
 .rodata.cmd_resize.str1.1
                0x000000004000f323       0x3a zephyr/libzephyr.a(shell_cmds.c.obj)
 .rodata.str1.1
                0x000000004000f35d      0x3bd zephyr/libzephyr.a(shell_cmds.c.obj)
                                        0x3c4 (size before relaxing)
 .rodata.cmd_get_terminal_size.0
                0x000000004000f71a        0x5 zephyr/libzephyr.a(shell_cmds.c.obj)
 .rodata.z_shell_wildcard_process.str1.1
                0x000000004000f71f       0x52 zephyr/libzephyr.a(shell_wildcard.c.obj)
 .rodata.cmd_zvisor_delete.str1.1
                0x000000004000f771       0x1a zephyr/libzephyr.a(shell.c.obj)
 .rodata.cmd_zvisor_list.str1.1
                0x000000004000f78b       0x18 zephyr/libzephyr.a(shell.c.obj)
 .rodata.cmd_zvisor_update.str1.1
                0x000000004000f7a3       0x1a zephyr/libzephyr.a(shell.c.obj)
 .rodata.cmd_zvisor_run.str1.1
                0x000000004000f7bd       0x17 zephyr/libzephyr.a(shell.c.obj)
 .rodata.cmd_zvisor_set.str1.1
                0x000000004000f7d4       0x17 zephyr/libzephyr.a(shell.c.obj)
 .rodata.cmd_zvisor_new.str1.1
                0x000000004000f7eb       0x1a zephyr/libzephyr.a(shell.c.obj)
 .rodata.str1.1
                0x000000004000f805       0xce zephyr/libzephyr.a(shell.c.obj)
                                         0xde (size before relaxing)
 .rodata.str1.1
                0x000000004000f8d3       0x26 zephyr/arch/arch/arm64/core/libarch__arm64__core.a(mmu.c.obj)
 .rodata.CSWTCH.215
                0x000000004000f8f9        0x3 zephyr/arch/arch/arm64/core/libarch__arm64__core.a(mmu.c.obj)
 .rodata.str1.1
                0x000000004000f8fc        0x7 zephyr/drivers/serial/libdrivers__serial.a(uart_pl011.c.obj)
 .rodata.str1.1
                0x000000004000f903        0xa zephyr/drivers/timer/libdrivers__timer.a(sys_clock_init.c.obj)
 .rodata.init_idle_thread.str1.1
                0x000000004000f90d        0xa zephyr/kernel/libkernel.a(init.c.obj)
 .rodata.z_cstart.str1.1
                0x000000004000f917        0x5 zephyr/kernel/libkernel.a(init.c.obj)
 .rodata.k_thread_state_str.str1.1
                0x000000004000f91c       0x3e zephyr/kernel/libkernel.a(thread.c.obj)
                                         0x3f (size before relaxing)
 .rodata.boot_banner.str1.1
                0x000000004000f95a       0x34 zephyr/kernel/libkernel.a(banner.c.obj)
                                         0x35 (size before relaxing)
 .rodata.k_sys_work_q_init.str1.1
                0x000000004000f98e        0x9 zephyr/kernel/libkernel.a(system_work_q.c.obj)
 *(SORT_BY_ALIGNMENT(.gnu.linkonce.r.*))
                0x0000000040010000                . = ALIGN (_region_min_align)
                0x0000000040010000                __rodata_region_end = .
                0x0000000000003000                __rodata_region_size = (__rodata_region_end - __rodata_region_start)
                0x0000000040010000                __rom_region_end = .
                0x0000000040000000                . = 0x40000000
                0x0000000040000000                . = ALIGN (_region_min_align)
                0x0000000040000000                _image_ram_start = .

bss             0x0000000040010000    0x52421
                0x0000000040010000                . = ALIGN (0x4)
                0x0000000040010000                __bss_start = .
                0x0000000040010000                __kernel_ram_start = .
 *(SORT_BY_ALIGNMENT(.bss))
 .bss           0x0000000040010000        0x1 /home/ubuntu/zephyr-sdk-0.13.2/aarch64-zephyr-elf/bin/../lib/gcc/aarch64-zephyr-elf/10.3.0/libgcc.a(lse-init.o)
                0x0000000040010000                __aarch64_have_lse_atomics
 *(SORT_BY_ALIGNMENT(.bss.*))
 *fill*         0x0000000040010001      0xfff 
 .bss.xlat_tables
                0x0000000040011000     0x8000 zephyr/arch/arch/arm64/core/libarch__arm64__core.a(mmu.c.obj)
 .bss.shell_uart_thread
                0x0000000040019000      0x370 zephyr/libzephyr.a(shell_uart.c.obj)
 .bss.z_idle_threads
                0x0000000040019370      0x370 zephyr/kernel/libkernel.a(init.c.obj)
                0x0000000040019370                z_idle_threads
 .bss.z_main_thread
                0x00000000400196e0      0x370 zephyr/kernel/libkernel.a(init.c.obj)
                0x00000000400196e0                z_main_thread
 .bss.k_sys_work_q
                0x0000000040019a50      0x3b0 zephyr/kernel/libkernel.a(system_work_q.c.obj)
                0x0000000040019a50                k_sys_work_q
 .bss.bytes     0x0000000040019e00        0x8 zephyr/libzephyr.a(devmem_service.c.obj)
 .bss.data      0x0000000040019e08        0x8 zephyr/libzephyr.a(devmem_service.c.obj)
 .bss.shell_transport_uart_ctrl_blk
                0x0000000040019e10       0x28 zephyr/libzephyr.a(shell_uart.c.obj)
 .bss.shell_uart_ctx
                0x0000000040019e38      0x3f0 zephyr/libzephyr.a(shell_uart.c.obj)
 .bss.shell_uart_stats
                0x000000004001a228        0x8 zephyr/libzephyr.a(shell_uart.c.obj)
 .bss.kernel_ptables
                0x000000004001a230        0x8 zephyr/arch/arch/arm64/core/libarch__arm64__core.a(mmu.c.obj)
 .bss.gic_rdists
                0x000000004001a238        0x8 zephyr/drivers/interrupt_controller/libdrivers__interrupt_controller.a(intc_gicv3.c.obj)
                0x000000004001a238                gic_rdists
 .bss.uart_console_dev
                0x000000004001a240        0x8 zephyr/drivers/console/libdrivers__console.a(uart_console.c.obj)
 .bss.last_cycle
                0x000000004001a248        0x8 zephyr/drivers/timer/libdrivers__timer.a(arm_arch_timer.c.obj)
 .bss._kernel   0x000000004001a250       0x58 zephyr/kernel/libkernel.a(init.c.obj)
                0x000000004001a250                _kernel
 .bss.curr_tick
                0x000000004001a2a8        0x8 zephyr/kernel/libkernel.a(timeout.c.obj)
 .bss.free_page_frame_list
                0x000000004001a2b0       0x10 zephyr/kernel/libkernel.a(mmu.c.obj)
 .bss.z_free_page_count
                0x000000004001a2c0        0x8 zephyr/kernel/libkernel.a(mmu.c.obj)
                0x000000004001a2c0                z_free_page_count
 .bss.pending_cancels
                0x000000004001a2c8       0x10 zephyr/kernel/libkernel.a(work.c.obj)
 .bss.chunk_element
                0x000000004001a2d8        0x4 zephyr/libzephyr.a(devmem_service.c.obj)
 .bss.sum       0x000000004001a2dc        0x4 zephyr/libzephyr.a(devmem_service.c.obj)
 .bss.slice_max_prio
                0x000000004001a2e0        0x4 zephyr/kernel/libkernel.a(sched.c.obj)
 .bss.slice_time
                0x000000004001a2e4        0x4 zephyr/kernel/libkernel.a(sched.c.obj)
 .bss.announce_remaining
                0x000000004001a2e8        0x4 zephyr/kernel/libkernel.a(timeout.c.obj)
 .bss._sys_bitarray_bundles_virt_region_bitmap
                0x000000004001a2ec      0x100 zephyr/kernel/libkernel.a(mmu.c.obj)
 .bss.xlat_use_count
                0x000000004001a3ec       0x10 zephyr/arch/arch/arm64/core/libarch__arm64__core.a(mmu.c.obj)
 .bss.chunk     0x000000004001a3fc        0x2 zephyr/libzephyr.a(devmem_service.c.obj)
 .bss.in_use.0  0x000000004001a3fe        0x1 zephyr/libzephyr.a(devmem_service.c.obj)
 .bss.littleendian
                0x000000004001a3ff        0x1 zephyr/libzephyr.a(devmem_service.c.obj)
 .bss.tail.1    0x000000004001a400        0x1 zephyr/libzephyr.a(devmem_service.c.obj)
 .bss.shell_uart_out_buffer
                0x000000004001a401       0x1e zephyr/libzephyr.a(shell_uart.c.obj)
 .bss.z_sys_post_kernel
                0x000000004001a41f        0x1 zephyr/kernel/libkernel.a(init.c.obj)
                0x000000004001a41f                z_sys_post_kernel
 .bss.lock      0x000000004001a420        0x0 zephyr/kernel/libkernel.a(mutex.c.obj)
 .bss.lock      0x000000004001a420        0x0 zephyr/kernel/libkernel.a(sem.c.obj)
 .bss.sched_spinlock
                0x000000004001a420        0x0 zephyr/kernel/libkernel.a(sched.c.obj)
                0x000000004001a420                sched_spinlock
 .bss.virt_region_inited
                0x000000004001a420        0x1 zephyr/kernel/libkernel.a(mmu.c.obj)
 .bss.z_page_frames
                0x000000004001a421    0x48000 zephyr/kernel/libkernel.a(mmu.c.obj)
                0x000000004001a421                z_page_frames
 .bss.lock      0x0000000040062421        0x0 zephyr/kernel/libkernel.a(poll.c.obj)
 .bss.lock      0x0000000040062421        0x0 zephyr/kernel/libkernel.a(work.c.obj)
 *(SORT_BY_ALIGNMENT(COMMON))
 *(SORT_BY_ALIGNMENT(.kernel_bss.*))
                0x0000000040062424                __bss_end = ALIGN (0x4)

noinit          0x0000000040062430     0x4a48
 *(SORT_BY_ALIGNMENT(.noinit))
 *(SORT_BY_ALIGNMENT(.noinit.*))
 .noinit."WEST_TOPDIR/zephyr/subsys/shell/backends/shell_uart.c".3
                0x0000000040062430      0x800 zephyr/libzephyr.a(shell_uart.c.obj)
 .noinit."WEST_TOPDIR/zephyr/kernel/init.c".0
                0x0000000040062c30     0x1000 zephyr/kernel/libkernel.a(init.c.obj)
                0x0000000040062c30                z_main_stack
 .noinit."WEST_TOPDIR/zephyr/kernel/init.c".1
                0x0000000040063c30     0x1000 zephyr/kernel/libkernel.a(init.c.obj)
 .noinit."WEST_TOPDIR/zephyr/kernel/init.c".2
                0x0000000040064c30     0x1000 zephyr/kernel/libkernel.a(init.c.obj)
                0x0000000040064c30                z_interrupt_stacks
 .noinit."WEST_TOPDIR/zephyr/kernel/system_work_q.c".0
                0x0000000040065c30     0x1000 zephyr/kernel/libkernel.a(system_work_q.c.obj)
 .noinit."WEST_TOPDIR/zephyr/subsys/shell/backends/shell_uart.c".2
                0x0000000040066c30      0x200 zephyr/libzephyr.a(shell_uart.c.obj)
 .noinit."WEST_TOPDIR/zephyr/subsys/shell/backends/shell_uart.c".0
                0x0000000040066e30        0x8 zephyr/libzephyr.a(shell_uart.c.obj)
 .noinit."WEST_TOPDIR/zephyr/subsys/shell/backends/shell_uart.c".1
                0x0000000040066e38       0x40 zephyr/libzephyr.a(shell_uart.c.obj)

datas           0x0000000040066e78      0x128
                0x0000000040066e78                __data_region_start = .
                0x0000000040066e78                __data_start = .
 *(SORT_BY_ALIGNMENT(.data))
 *(SORT_BY_ALIGNMENT(.data.*))
 .data._char_out
                0x0000000040066e78        0x8 zephyr/libzephyr.a(printk.c.obj)
                0x0000000040066e78                _char_out
 .data.shell_transport_uart
                0x0000000040066e80       0x10 zephyr/libzephyr.a(shell_uart.c.obj)
                0x0000000040066e80                shell_transport_uart
 .data.shell_transport_uart_rx_ringbuf
                0x0000000040066e90       0x28 zephyr/libzephyr.a(shell_uart.c.obj)
                0x0000000040066e90                shell_transport_uart_rx_ringbuf
 .data.shell_transport_uart_tx_ringbuf
                0x0000000040066eb8       0x28 zephyr/libzephyr.a(shell_uart.c.obj)
                0x0000000040066eb8                shell_transport_uart_tx_ringbuf
 .data.shell_uart_fprintf_shell_fprintf_ctx
                0x0000000040066ee0       0x10 zephyr/libzephyr.a(shell_uart.c.obj)
 .data.shell_uart_history
                0x0000000040066ef0       0x20 zephyr/libzephyr.a(shell_uart.c.obj)
 .data.shell_uart_history_ring_buf
                0x0000000040066f10       0x28 zephyr/libzephyr.a(shell_uart.c.obj)
 .data._stdout_hook
                0x0000000040066f38        0x8 zephyr/lib/libc/minimal/liblib__libc__minimal.a(stdout_console.c.obj)
 .data.pl011_cfg_port_0
                0x0000000040066f40       0x18 zephyr/drivers/serial/libdrivers__serial.a(uart_pl011.c.obj)
 .data.pl011_data_port_0
                0x0000000040066f58       0x18 zephyr/drivers/serial/libdrivers__serial.a(uart_pl011.c.obj)
 .data.timeout_list
                0x0000000040066f70       0x10 zephyr/kernel/libkernel.a(timeout.c.obj)
 .data.virt_region_bitmap
                0x0000000040066f80       0x10 zephyr/kernel/libkernel.a(mmu.c.obj)
 .data.wait_q.0